Run directory: /Users/zyp/Documents/GitHub/PINN-seagras/myproject/runs/pinn_drag/20260728-212057_1__latent_physics
Data file: data/pinn_training_data.mat
Synthetic data file: data/pinn_training_data_synth.mat
Excluding configs [4, 5, 6, 7]: keeping 152/228 experimental samples
Device: mps
Split: experimental random shuffle with val_ratio=0.250; synthetic samples stay in train only
Device: mps
Beam physics enabled: True  (λ_pde=0.05)
E-param embedding enabled: base Cd/shield/col_corr from smooth logE+θ (n=64). Encoder residual ON (f_physics.detach())
[0001/800] train_force=0.2835 val_force=0.3837
[0100/800] train_force=0.02452 val_force=0.04925
[0200/800] train_force=0.02324 val_force=0.02732
[0300/800] train_force=0.02269 val_force=0.02531
[0400/800] train_force=0.02228 val_force=0.02509
[0500/800] train_force=0.02192 val_force=0.0243
[0600/800] train_force=0.02184 val_force=0.0262
[0700/800] train_force=0.02031 val_force=0.025
[0800/800] train_force=0.01985 val_force=0.02586
Saved latent CSV: /Users/zyp/Documents/GitHub/PINN-seagras/myproject/runs/pinn_drag/20260728-212057_1__latent_physics/latent_predictions.csv
Metrics: {'all': {'rmse': 0.07388399541378021, 'mae': 0.055877119302749634, 'r2': 0.9914528727531433}, 'train': {'rmse': 0.07603169232606888, 'mae': 0.05753472074866295, 'r2': 0.9909477233886719}, 'val': {'rmse': 0.06702926754951477, 'mae': 0.05090434104204178, 'r2': 0.9929564595222473}, 'synthetic': {'rmse': 0.1271100789308548, 'mae': 0.08078651875257492, 'r2': 0.9740396738052368}, 'experimental_sample_count': 152, 'synthetic_sample_count': 80, 'mean_residual_ratio': 0.09259063358369626, 'best_epoch': 516, 'best_val_force': 0.024115152657032013}

Per-material breakdown (all 228 experimental samples):
  Group                              RMSE       R2      MAE     n
  ────────────────────────────── ──────── ──────── ──────── ─────
  hard  (PVC,     E=1.25e7)        0.0733   0.9944   0.0550    76
  med   (Rguijiao,E=3.55e6)        0.1718   0.9250   0.1160    76
  soft  (guijiao,E=4.80e5)         0.0744   0.9619   0.0568    76
  ────────────────────────────── ──────── ──────── ──────── ─────
  Weighted RMSE                    0.1161
  (Saved Rgui holdout comparison plots)
Training complete.
