Run directory: C:\Users\admin\deepxde\myproject\runs_pinn_drag\20260606-034348__latent_physics
Data file: pinn_training_data.mat
Synthetic data file: pinn_training_data_synth.mat
Device: cpu
Split: experimental random shuffle with val_ratio=0.250; synthetic samples stay in train only
[0001/15000] train_force=0.7842 val_force=0.4903
[0100/15000] train_force=0.0193 val_force=0.02808
[0200/15000] train_force=0.02453 val_force=0.02901
[0300/15000] train_force=0.01797 val_force=0.02495
[0400/15000] train_force=0.01262 val_force=0.02568
[0500/15000] train_force=0.01237 val_force=0.02263
[0600/15000] train_force=0.01446 val_force=0.02354
[0700/15000] train_force=0.01115 val_force=0.02036
[0800/15000] train_force=0.0228 val_force=0.02715
[0900/15000] train_force=0.0148 val_force=0.024
[1000/15000] train_force=0.01038 val_force=0.02209
[1100/15000] train_force=0.008421 val_force=0.022
[1200/15000] train_force=0.0067 val_force=0.02071
[1300/15000] train_force=0.008809 val_force=0.0198
[1400/15000] train_force=0.00507 val_force=0.02041
[1500/15000] train_force=0.005535 val_force=0.02064
[1600/15000] train_force=0.005364 val_force=0.02069
[1700/15000] train_force=0.004722 val_force=0.02052
[1800/15000] train_force=0.005476 val_force=0.02075
[1900/15000] train_force=0.006534 val_force=0.02073
[2000/15000] train_force=0.00488 val_force=0.02094
[2100/15000] train_force=0.005187 val_force=0.02104
[2200/15000] train_force=0.005657 val_force=0.02109
[2300/15000] train_force=0.006194 val_force=0.021
[2400/15000] train_force=0.006032 val_force=0.02128
[2500/15000] train_force=0.00515 val_force=0.02096
[2600/15000] train_force=0.00501 val_force=0.0209
[2700/15000] train_force=0.00501 val_force=0.02113
[2800/15000] train_force=0.005719 val_force=0.02158
[2900/15000] train_force=0.006187 val_force=0.02091
[3000/15000] train_force=0.004354 val_force=0.02163
[3100/15000] train_force=0.005841 val_force=0.02134
[3200/15000] train_force=0.005786 val_force=0.02153
[3300/15000] train_force=0.00504 val_force=0.02203
[3400/15000] train_force=0.004225 val_force=0.02208
[3500/15000] train_force=0.005193 val_force=0.02229
[3600/15000] train_force=0.004164 val_force=0.02214
[3700/15000] train_force=0.008604 val_force=0.02187
[3800/15000] train_force=0.005272 val_force=0.02247
[3900/15000] train_force=0.00769 val_force=0.02262
[4000/15000] train_force=0.004689 val_force=0.0225
[4100/15000] train_force=0.004861 val_force=0.02281
[4200/15000] train_force=0.004656 val_force=0.02285
[4300/15000] train_force=0.004142 val_force=0.02267
[4400/15000] train_force=0.005745 val_force=0.0232
[4500/15000] train_force=0.003585 val_force=0.02341
[4600/15000] train_force=0.006872 val_force=0.02349
[4700/15000] train_force=0.004633 val_force=0.02348
[4800/15000] train_force=0.004662 val_force=0.02378
[4900/15000] train_force=0.004169 val_force=0.02356
[5000/15000] train_force=0.004794 val_force=0.024
[5100/15000] train_force=0.003764 val_force=0.02397
[5200/15000] train_force=0.004716 val_force=0.02382
[5300/15000] train_force=0.004414 val_force=0.02411
[5400/15000] train_force=0.002831 val_force=0.02399
[5500/15000] train_force=0.003851 val_force=0.02384
[5600/15000] train_force=0.003639 val_force=0.02457
[5700/15000] train_force=0.003079 val_force=0.02448
[5800/15000] train_force=0.004228 val_force=0.02479
[5900/15000] train_force=0.003405 val_force=0.02433
[6000/15000] train_force=0.003376 val_force=0.0248
[6100/15000] train_force=0.004821 val_force=0.02486
[6200/15000] train_force=0.003209 val_force=0.02485
[6300/15000] train_force=0.003348 val_force=0.02468
[6400/15000] train_force=0.003183 val_force=0.02469
[6500/15000] train_force=0.003128 val_force=0.02508
[6600/15000] train_force=0.004149 val_force=0.02555
[6700/15000] train_force=0.004057 val_force=0.02548
[6800/15000] train_force=0.003643 val_force=0.02503
[6900/15000] train_force=0.003159 val_force=0.02536
[7000/15000] train_force=0.003936 val_force=0.02622
[7100/15000] train_force=0.004016 val_force=0.02622
[7200/15000] train_force=0.00424 val_force=0.02624
[7300/15000] train_force=0.003501 val_force=0.02591
[7400/15000] train_force=0.00263 val_force=0.02616
[7500/15000] train_force=0.003497 val_force=0.0263
[7600/15000] train_force=0.003564 val_force=0.02637
[7700/15000] train_force=0.002977 val_force=0.02603
[7800/15000] train_force=0.003564 val_force=0.02646
[7900/15000] train_force=0.004285 val_force=0.02691
[8000/15000] train_force=0.002932 val_force=0.02657
[8100/15000] train_force=0.003243 val_force=0.02685
[8200/15000] train_force=0.003671 val_force=0.02748
[8300/15000] train_force=0.00407 val_force=0.02753
[8400/15000] train_force=0.002837 val_force=0.02755
[8500/15000] train_force=0.003313 val_force=0.02775
[8600/15000] train_force=0.003612 val_force=0.02775
[8700/15000] train_force=0.003229 val_force=0.02808
[8800/15000] train_force=0.003689 val_force=0.02813
[8900/15000] train_force=0.004024 val_force=0.02857
[9000/15000] train_force=0.002828 val_force=0.02915
[9100/15000] train_force=0.004436 val_force=0.0295
[9200/15000] train_force=0.003499 val_force=0.02919
[9300/15000] train_force=0.003507 val_force=0.02917
[9400/15000] train_force=0.003495 val_force=0.02967
[9500/15000] train_force=0.003074 val_force=0.02984
[9600/15000] train_force=0.005341 val_force=0.03022
[9700/15000] train_force=0.003 val_force=0.03018
[9800/15000] train_force=0.002783 val_force=0.03044
[9900/15000] train_force=0.002678 val_force=0.03067
[10000/15000] train_force=0.003905 val_force=0.03103
[10100/15000] train_force=0.00261 val_force=0.0312
[10200/15000] train_force=0.003614 val_force=0.03126
