Traceback (most recent call last):
  File "C:\Users\admin\deepxde\myproject\train_latent_physics_pinn.py", line 1310, in <module>
    main()
  File "C:\Users\admin\deepxde\myproject\train_latent_physics_pinn.py", line 1250, in main
    train_log = run_epoch(model, train_loader, optimizer, force_scale, weights, device)
  File "C:\Users\admin\deepxde\myproject\train_latent_physics_pinn.py", line 682, in run_epoch
    for batch in loader:
  File "D:\Anaconda\envs\pinn-seagrass\lib\site-packages\torch\utils\data\dataloader.py", line 701, in __next__
    data = self._next_data()
  File "D:\Anaconda\envs\pinn-seagrass\lib\site-packages\torch\utils\data\dataloader.py", line 757, in _next_data
    data = self._dataset_fetcher.fetch(index)  # may raise StopIteration
  File "D:\Anaconda\envs\pinn-seagrass\lib\site-packages\torch\utils\data\_utils\fetch.py", line 55, in fetch
    return self.collate_fn(data)
  File "D:\Anaconda\envs\pinn-seagrass\lib\site-packages\torch\utils\data\_utils\collate.py", line 398, in default_collate
    return collate(batch, collate_fn_map=default_collate_fn_map)
  File "D:\Anaconda\envs\pinn-seagrass\lib\site-packages\torch\utils\data\_utils\collate.py", line 171, in collate
    {
  File "D:\Anaconda\envs\pinn-seagrass\lib\site-packages\torch\utils\data\_utils\collate.py", line 172, in <dictcomp>
    key: collate(
  File "D:\Anaconda\envs\pinn-seagrass\lib\site-packages\torch\utils\data\_utils\collate.py", line 155, in collate
    return collate_fn_map[elem_type](batch, collate_fn_map=collate_fn_map)
  File "D:\Anaconda\envs\pinn-seagrass\lib\site-packages\torch\utils\data\_utils\collate.py", line 272, in collate_tensor_fn
    return torch.stack(batch, 0, out=out)
KeyboardInterrupt
