Run directory: /Users/zyp/Documents/GitHub/PINN-seagras/myproject/runs/pinn_drag/20260721-200610__latent_physics
Data file: data/pinn_training_data.mat
Device: cpu
Split: experimental random shuffle with val_ratio=0.250; synthetic samples stay in train only
[0001/4000] train_force=17.99 val_force=0.2775
[0100/4000] train_force=0.01807 val_force=0.02617
[0200/4000] train_force=0.01374 val_force=0.0278
[0300/4000] train_force=0.011 val_force=0.01875
[0400/4000] train_force=0.009594 val_force=0.08613
[0500/4000] train_force=0.006976 val_force=0.1005
[0600/4000] train_force=0.00665 val_force=0.1309
[0700/4000] train_force=0.006474 val_force=0.1365
[0800/4000] train_force=0.006278 val_force=0.138
[0900/4000] train_force=0.006046 val_force=0.1277
[1000/4000] train_force=0.005819 val_force=0.1232
[1100/4000] train_force=0.005664 val_force=0.1198
[1200/4000] train_force=0.005579 val_force=0.1202
[1300/4000] train_force=0.005523 val_force=0.1191
[1400/4000] train_force=0.005451 val_force=0.1177
[1500/4000] train_force=0.005395 val_force=0.1188
[1600/4000] train_force=0.005333 val_force=0.1188
[1700/4000] train_force=0.005282 val_force=0.1204
[1800/4000] train_force=0.005226 val_force=0.1192
[1900/4000] train_force=0.005203 val_force=0.1219
[2000/4000] train_force=0.005146 val_force=0.1233
[2100/4000] train_force=0.005059 val_force=0.1219
[2200/4000] train_force=0.004995 val_force=0.1234
[2300/4000] train_force=0.004961 val_force=0.1269
[2400/4000] train_force=0.004912 val_force=0.1237
[2500/4000] train_force=0.004874 val_force=0.1316
[2600/4000] train_force=0.004809 val_force=0.1311
[2700/4000] train_force=0.004754 val_force=0.1282
[2800/4000] train_force=0.004746 val_force=0.1335
[2900/4000] train_force=0.004666 val_force=0.1335
[3000/4000] train_force=0.004648 val_force=0.1391
[3100/4000] train_force=0.004592 val_force=0.1429
[3200/4000] train_force=0.004562 val_force=0.1418
[3300/4000] train_force=0.00453 val_force=0.141
[3400/4000] train_force=0.004497 val_force=0.145
[3500/4000] train_force=0.004484 val_force=0.139
[3600/4000] train_force=0.004427 val_force=0.1431
[3700/4000] train_force=0.004398 val_force=0.146
[3800/4000] train_force=0.004372 val_force=0.1488
[3900/4000] train_force=0.004353 val_force=0.1467
[4000/4000] train_force=0.004327 val_force=0.151
Saved latent CSV: /Users/zyp/Documents/GitHub/PINN-seagras/myproject/runs/pinn_drag/20260721-200610__latent_physics/latent_predictions.csv
Metrics: {'all': {'rmse': 0.05886959284543991, 'mae': 0.04480074346065521, 'r2': 0.9937796592712402}, 'train': {'rmse': 0.054517555981874466, 'mae': 0.04085630550980568, 'r2': 0.9950515031814575}, 'val': {'rmse': 0.07032797485589981, 'mae': 0.056634049862623215, 'r2': 0.988409161567688}, 'synthetic': None, 'experimental_sample_count': 228, 'synthetic_sample_count': 0, 'mean_residual_ratio': 0.044398947765952664, 'best_epoch': 300, 'best_val_force': 0.018748903647065163}
Training complete.
