Run directory: /Users/zyp/Documents/GitHub/PINN-seagras/myproject/runs/pinn_drag/20260722-162718__latent_physics
Data file: data/pinn_training_data.mat
Excluding configs [0, 1, 2, 3]: keeping 152/228 experimental samples
Device: cpu
Split: experimental random shuffle with val_ratio=0.150; synthetic samples stay in train only
Beam physics enabled: True  (λ_pde=0.01)
[0001/500] train_force=0.4901 val_force=0.3499
[0100/500] train_force=0.04363 val_force=0.03676
[0200/500] train_force=0.03706 val_force=0.02926
[0300/500] train_force=0.05973 val_force=0.05428
[0400/500] train_force=0.02539 val_force=0.01955
[0500/500] train_force=0.0297 val_force=0.02942
Saved latent CSV: /Users/zyp/Documents/GitHub/PINN-seagras/myproject/runs/pinn_drag/20260722-162718__latent_physics/latent_predictions.csv
Metrics: {'all': {'rmse': 0.0689171850681305, 'mae': 0.0492510050535202, 'r2': 0.9834699034690857}, 'train': {'rmse': 0.07171400636434555, 'mae': 0.0518656000494957, 'r2': 0.9821423292160034}, 'val': {'rmse': 0.050433699041604996, 'mae': 0.03458653390407562, 'r2': 0.9910250306129456}, 'synthetic': None, 'experimental_sample_count': 152, 'synthetic_sample_count': 0, 'mean_residual_ratio': 0.17799475985138039, 'best_epoch': 483, 'best_val_force': 0.01627335324883461}

Per-material breakdown (all 228 experimental samples):
  Group                              RMSE       R2      MAE     n
  ────────────────────────────── ──────── ──────── ──────── ─────
  hard  (PVC,     E=1.25e7)        0.3600   0.8644   0.2329    76
  med   (Rguijiao,E=3.55e6)        0.0738   0.9862   0.0505    76
  soft  (guijiao,E=4.80e5)         0.0637   0.9721   0.0480    76
  ────────────────────────────── ──────── ──────── ──────── ─────
  Weighted RMSE                    0.2153
Training complete.
