Run directory: /Users/zyp/Documents/GitHub/PINN-seagras/myproject/runs/pinn_drag/20260727-170838__latent_physics
Data file: /Users/zyp/Documents/GitHub/PINN-seagras/myproject/data/pinn_training_data.mat
Synthetic data file: myproject/data/pinn_training_data_synth.mat
Excluding configs [4, 5, 6, 7]: keeping 152/228 experimental samples
Device: cpu
Split: experimental random shuffle with val_ratio=0.250; synthetic samples stay in train only
Beam physics enabled: False  (λ_pde=0.05)
[0001/1500] train_force=5.566 val_force=0.919
[0100/1500] train_force=0.01929 val_force=0.05082
[0200/1500] train_force=0.01526 val_force=0.0504
[0300/1500] train_force=0.01409 val_force=0.04581
[0400/1500] train_force=0.01054 val_force=0.04025
[0500/1500] train_force=0.007494 val_force=0.04029
[0600/1500] train_force=0.007055 val_force=0.0399
[0700/1500] train_force=0.006708 val_force=0.03979
[0800/1500] train_force=0.006536 val_force=0.04012
[0900/1500] train_force=0.006441 val_force=0.04029
[1000/1500] train_force=0.006363 val_force=0.04059
[1100/1500] train_force=0.006272 val_force=0.04043
[1200/1500] train_force=0.00619 val_force=0.04066
[1300/1500] train_force=0.006115 val_force=0.04087
[1400/1500] train_force=0.00602 val_force=0.04112
[1500/1500] train_force=0.005924 val_force=0.04158
Saved latent CSV: /Users/zyp/Documents/GitHub/PINN-seagras/myproject/runs/pinn_drag/20260727-170838__latent_physics/latent_predictions.csv
Metrics: {'all': {'rmse': 0.0934457778930664, 'mae': 0.06926142424345016, 'r2': 0.9863278269767761}, 'train': {'rmse': 0.09510537981987, 'mae': 0.069381944835186, 'r2': 0.9866893887519836}, 'val': {'rmse': 0.08827996999025345, 'mae': 0.06889986246824265, 'r2': 0.9842792749404907}, 'synthetic': {'rmse': 0.06692074239253998, 'mae': 0.04232483729720116, 'r2': 0.9928042888641357}, 'experimental_sample_count': 152, 'synthetic_sample_count': 80, 'mean_residual_ratio': 0.18014756001924215, 'best_epoch': 19, 'best_val_force': 0.0353819765150547}

Per-material breakdown (all 228 experimental samples):
  Group                              RMSE       R2      MAE     n
  ────────────────────────────── ──────── ──────── ──────── ─────
  hard  (PVC,     E=1.25e7)        0.1150   0.9862   0.0877    76
  med   (Rguijiao,E=3.55e6)        0.2318   0.8635   0.1605    76
  soft  (guijiao,E=4.80e5)         0.0652   0.9708   0.0508    76
  ────────────────────────────── ──────── ──────── ──────── ─────
  Weighted RMSE                    0.1540
Training complete.
