Run directory: C:\Users\admin\deepxde\myproject\runs_pinn_drag\20260606-032706__latent_physics
Data file: pinn_training_data.mat
Synthetic data file: pinn_training_data_synth.mat
Device: cpu
Split: experimental random shuffle with val_ratio=0.250; synthetic samples stay in train only
[0001/15000] train_force=1.176 val_force=0.5105
[0100/15000] train_force=0.01575 val_force=0.0254
[0200/15000] train_force=0.01355 val_force=0.0229
[0300/15000] train_force=0.01145 val_force=0.02138
[0400/15000] train_force=0.009339 val_force=0.0219
[0500/15000] train_force=0.008529 val_force=0.02165
[0600/15000] train_force=0.008057 val_force=0.02164
[0700/15000] train_force=0.007814 val_force=0.02176
[0800/15000] train_force=0.007673 val_force=0.02192
[0900/15000] train_force=0.007578 val_force=0.02208
[1000/15000] train_force=0.007525 val_force=0.02219
[1100/15000] train_force=0.007491 val_force=0.02227
[1200/15000] train_force=0.007467 val_force=0.02232
[1300/15000] train_force=0.007453 val_force=0.02236
[1400/15000] train_force=0.007441 val_force=0.02239
[1500/15000] train_force=0.007431 val_force=0.02241
[1600/15000] train_force=0.007421 val_force=0.02244
[1700/15000] train_force=0.00741 val_force=0.02247
[1800/15000] train_force=0.007398 val_force=0.0225
[1900/15000] train_force=0.007386 val_force=0.02253
[2000/15000] train_force=0.007373 val_force=0.02256
[2100/15000] train_force=0.00736 val_force=0.02259
[2200/15000] train_force=0.007346 val_force=0.02262
[2300/15000] train_force=0.007331 val_force=0.02266
[2400/15000] train_force=0.007316 val_force=0.02269
[2500/15000] train_force=0.0073 val_force=0.02273
[2600/15000] train_force=0.007284 val_force=0.02277
[2700/15000] train_force=0.007266 val_force=0.0228
[2800/15000] train_force=0.007248 val_force=0.02284
[2900/15000] train_force=0.007229 val_force=0.02288
[3000/15000] train_force=0.007208 val_force=0.02291
[3100/15000] train_force=0.007186 val_force=0.02294
[3200/15000] train_force=0.007163 val_force=0.02297
[3300/15000] train_force=0.007139 val_force=0.02299
[3400/15000] train_force=0.007113 val_force=0.023
[3500/15000] train_force=0.007085 val_force=0.023
[3600/15000] train_force=0.007055 val_force=0.02299
[3700/15000] train_force=0.007023 val_force=0.02297
[3800/15000] train_force=0.006989 val_force=0.02295
[3900/15000] train_force=0.00695 val_force=0.02291
[4000/15000] train_force=0.006907 val_force=0.02285
[4100/15000] train_force=0.006858 val_force=0.02278
[4200/15000] train_force=0.006803 val_force=0.02268
[4300/15000] train_force=0.00674 val_force=0.02255
[4400/15000] train_force=0.00667 val_force=0.0224
[4500/15000] train_force=0.006593 val_force=0.02223
[4600/15000] train_force=0.00651 val_force=0.02205
[4700/15000] train_force=0.006424 val_force=0.02188
[4800/15000] train_force=0.006333 val_force=0.02171
[4900/15000] train_force=0.006239 val_force=0.02155
[5000/15000] train_force=0.00614 val_force=0.02139
[5100/15000] train_force=0.006042 val_force=0.02125
[5200/15000] train_force=0.00595 val_force=0.02114
[5300/15000] train_force=0.005866 val_force=0.0211
[5400/15000] train_force=0.005787 val_force=0.02115
[5500/15000] train_force=0.005706 val_force=0.02125
[5600/15000] train_force=0.005616 val_force=0.0214
[5700/15000] train_force=0.005512 val_force=0.02157
[5800/15000] train_force=0.005392 val_force=0.02173
[5900/15000] train_force=0.005263 val_force=0.02187
[6000/15000] train_force=0.005135 val_force=0.02198
[6100/15000] train_force=0.005022 val_force=0.02205
[6200/15000] train_force=0.004929 val_force=0.02208
[6300/15000] train_force=0.004854 val_force=0.02206
[6400/15000] train_force=0.004778 val_force=0.02196
[6500/15000] train_force=0.004683 val_force=0.0218
[6600/15000] train_force=0.004604 val_force=0.02154
[6700/15000] train_force=0.004546 val_force=0.02142
[6800/15000] train_force=0.004485 val_force=0.02138
[6900/15000] train_force=0.00442 val_force=0.02143
[7000/15000] train_force=0.004356 val_force=0.02145
[7100/15000] train_force=0.004288 val_force=0.02154
[7200/15000] train_force=0.004226 val_force=0.02161
[7300/15000] train_force=0.004168 val_force=0.02168
[7400/15000] train_force=0.004112 val_force=0.02175
[7500/15000] train_force=0.004059 val_force=0.02183
[7600/15000] train_force=0.00401 val_force=0.02192
[7700/15000] train_force=0.003962 val_force=0.02201
[7800/15000] train_force=0.003916 val_force=0.02211
[7900/15000] train_force=0.003871 val_force=0.02222
[8000/15000] train_force=0.003828 val_force=0.02233
[8100/15000] train_force=0.003786 val_force=0.02245
[8200/15000] train_force=0.003743 val_force=0.02257
[8300/15000] train_force=0.003703 val_force=0.02269
[8400/15000] train_force=0.003666 val_force=0.0228
[8500/15000] train_force=0.003626 val_force=0.02289
[8600/15000] train_force=0.003591 val_force=0.02299
[8700/15000] train_force=0.003557 val_force=0.02307
[8800/15000] train_force=0.00354 val_force=0.02317
[8900/15000] train_force=0.003499 val_force=0.02325
[9000/15000] train_force=0.003476 val_force=0.02335
[9100/15000] train_force=0.003449 val_force=0.02344
[9200/15000] train_force=0.003427 val_force=0.02354
[9300/15000] train_force=0.003403 val_force=0.02363
[9400/15000] train_force=0.003381 val_force=0.02372
[9500/15000] train_force=0.003359 val_force=0.02382
[9600/15000] train_force=0.00334 val_force=0.02392
[9700/15000] train_force=0.00332 val_force=0.02402
[9800/15000] train_force=0.0033 val_force=0.02412
[9900/15000] train_force=0.003281 val_force=0.02422
[10000/15000] train_force=0.003264 val_force=0.02433
[10100/15000] train_force=0.003245 val_force=0.02443
[10200/15000] train_force=0.003228 val_force=0.02454
[10300/15000] train_force=0.003209 val_force=0.02464
[10400/15000] train_force=0.003191 val_force=0.02474
[10500/15000] train_force=0.003175 val_force=0.02485
[10600/15000] train_force=0.00316 val_force=0.02495
[10700/15000] train_force=0.003142 val_force=0.02504
[10800/15000] train_force=0.003128 val_force=0.02513
[10900/15000] train_force=0.003135 val_force=0.02525
[11000/15000] train_force=0.003098 val_force=0.02531
[11100/15000] train_force=0.003081 val_force=0.02538
[11200/15000] train_force=0.00307 val_force=0.02544
[11300/15000] train_force=0.003058 val_force=0.02547
[11400/15000] train_force=0.003051 val_force=0.02549
[11500/15000] train_force=0.003062 val_force=0.02552
[11600/15000] train_force=0.003086 val_force=0.02545
[11700/15000] train_force=0.003095 val_force=0.02555
[11800/15000] train_force=0.003022 val_force=0.02567
[11900/15000] train_force=0.003014 val_force=0.02574
[12000/15000] train_force=0.003015 val_force=0.02587
[12100/15000] train_force=0.002998 val_force=0.02586
[12200/15000] train_force=0.002991 val_force=0.02592
[12300/15000] train_force=0.002984 val_force=0.02597
[12400/15000] train_force=0.002977 val_force=0.02602
[12500/15000] train_force=0.002965 val_force=0.02608
[12600/15000] train_force=0.002962 val_force=0.02613
[12700/15000] train_force=0.002954 val_force=0.02617
[12800/15000] train_force=0.002947 val_force=0.02623
[12900/15000] train_force=0.002939 val_force=0.02628
[13000/15000] train_force=0.002925 val_force=0.02636
[13100/15000] train_force=0.002921 val_force=0.02637
[13200/15000] train_force=0.002952 val_force=0.02634
[13300/15000] train_force=0.002904 val_force=0.02645
[13400/15000] train_force=0.002924 val_force=0.02644
[13500/15000] train_force=0.002888 val_force=0.02652
[13600/15000] train_force=0.002891 val_force=0.0265
[13700/15000] train_force=0.002874 val_force=0.02655
[13800/15000] train_force=0.002873 val_force=0.02653
[13900/15000] train_force=0.00286 val_force=0.02656
[14000/15000] train_force=0.002851 val_force=0.02655
[14100/15000] train_force=0.002848 val_force=0.02654
[14200/15000] train_force=0.002864 val_force=0.02653
[14300/15000] train_force=0.002836 val_force=0.0265
[14400/15000] train_force=0.002826 val_force=0.02649
[14500/15000] train_force=0.002825 val_force=0.02643
[14600/15000] train_force=0.002821 val_force=0.02637
[14700/15000] train_force=0.002813 val_force=0.02635
[14800/15000] train_force=0.002808 val_force=0.0263
[14900/15000] train_force=0.002829 val_force=0.02651
[15000/15000] train_force=0.002795 val_force=0.02622
Saved latent CSV: C:\Users\admin\deepxde\myproject\runs_pinn_drag\20260606-032706__latent_physics\latent_predictions.csv
Metrics: {'all': {'rmse': 0.058997370302677155, 'mae': 0.04314367473125458, 'r2': 0.993752658367157}, 'train': {'rmse': 0.05402117222547531, 'mae': 0.03902942314743996, 'r2': 0.9951412081718445}, 'val': {'rmse': 0.07188809663057327, 'mae': 0.055486466735601425, 'r2': 0.9878892302513123}, 'synthetic': {'rmse': 0.07561446726322174, 'mae': 0.05308767035603523, 'r2': 0.9958574175834656}, 'experimental_sample_count': 228, 'synthetic_sample_count': 57, 'mean_residual_ratio': 0.07814620082315646, 'best_epoch': 273, 'best_val_force': 0.021086081862449646}
Training complete.
