Run directory: C:\Users\admin\deepxde\myproject\runs_pinn_drag\20260606-041332__latent_physics
Data file: pinn_training_data.mat
Device: cpu
Split: experimental random shuffle with val_ratio=0.250; synthetic samples stay in train only
[0001/15000] train_force=4.257 val_force=0.8339
[0100/15000] train_force=0.01678 val_force=0.02657
[0200/15000] train_force=0.01348 val_force=0.02155
[0300/15000] train_force=0.01049 val_force=0.02657
[0400/15000] train_force=0.009144 val_force=0.02532
[0500/15000] train_force=0.007411 val_force=0.02953
[0600/15000] train_force=0.006841 val_force=0.02908
[0700/15000] train_force=0.006112 val_force=0.02647
[0800/15000] train_force=0.005541 val_force=0.02534
[0900/15000] train_force=0.005287 val_force=0.02516
[1000/15000] train_force=0.005132 val_force=0.02513
[1100/15000] train_force=0.005047 val_force=0.02513
[1200/15000] train_force=0.005 val_force=0.02514
[1300/15000] train_force=0.004965 val_force=0.02515
[1400/15000] train_force=0.004939 val_force=0.02515
[1500/15000] train_force=0.004912 val_force=0.02516
[1600/15000] train_force=0.004885 val_force=0.02518
[1700/15000] train_force=0.004858 val_force=0.02519
[1800/15000] train_force=0.004831 val_force=0.02522
[1900/15000] train_force=0.004804 val_force=0.02525
[2000/15000] train_force=0.004777 val_force=0.02528
[2100/15000] train_force=0.004751 val_force=0.02533
[2200/15000] train_force=0.004724 val_force=0.02539
[2300/15000] train_force=0.004697 val_force=0.02546
[2400/15000] train_force=0.004671 val_force=0.02554
[2500/15000] train_force=0.004645 val_force=0.02563
[2600/15000] train_force=0.004619 val_force=0.02574
[2700/15000] train_force=0.004593 val_force=0.02587
[2800/15000] train_force=0.004568 val_force=0.02601
[2900/15000] train_force=0.004543 val_force=0.02617
[3000/15000] train_force=0.004517 val_force=0.02635
[3100/15000] train_force=0.004492 val_force=0.02655
[3200/15000] train_force=0.004468 val_force=0.02676
[3300/15000] train_force=0.004443 val_force=0.027
[3400/15000] train_force=0.004419 val_force=0.02725
[3500/15000] train_force=0.004394 val_force=0.02753
[3600/15000] train_force=0.00437 val_force=0.02783
[3700/15000] train_force=0.004346 val_force=0.02816
[3800/15000] train_force=0.004322 val_force=0.02851
[3900/15000] train_force=0.004298 val_force=0.02889
[4000/15000] train_force=0.004274 val_force=0.0293
[4100/15000] train_force=0.00425 val_force=0.02974
[4200/15000] train_force=0.004227 val_force=0.03021
[4300/15000] train_force=0.004203 val_force=0.03073
[4400/15000] train_force=0.004178 val_force=0.03128
[4500/15000] train_force=0.004154 val_force=0.03189
[4600/15000] train_force=0.004128 val_force=0.03256
[4700/15000] train_force=0.004101 val_force=0.03329
[4800/15000] train_force=0.004073 val_force=0.03409
[4900/15000] train_force=0.004042 val_force=0.03498
[5000/15000] train_force=0.004008 val_force=0.03597
[5100/15000] train_force=0.00397 val_force=0.03706
[5200/15000] train_force=0.003925 val_force=0.03826
[5300/15000] train_force=0.003872 val_force=0.0396
[5400/15000] train_force=0.003809 val_force=0.04111
[5500/15000] train_force=0.003738 val_force=0.04287
[5600/15000] train_force=0.003661 val_force=0.04494
[5700/15000] train_force=0.003582 val_force=0.0474
[5800/15000] train_force=0.003505 val_force=0.05027
[5900/15000] train_force=0.003432 val_force=0.05353
[6000/15000] train_force=0.003366 val_force=0.05703
[6100/15000] train_force=0.003302 val_force=0.0606
[6200/15000] train_force=0.003245 val_force=0.06398
[6300/15000] train_force=0.003194 val_force=0.067
[6400/15000] train_force=0.003148 val_force=0.06981
[6500/15000] train_force=0.003104 val_force=0.07237
[6600/15000] train_force=0.003062 val_force=0.07474
[6700/15000] train_force=0.00302 val_force=0.07693
[6800/15000] train_force=0.002979 val_force=0.07896
[6900/15000] train_force=0.002936 val_force=0.08087
[7000/15000] train_force=0.002891 val_force=0.08272
[7100/15000] train_force=0.002844 val_force=0.08458
[7200/15000] train_force=0.002796 val_force=0.08643
[7300/15000] train_force=0.002744 val_force=0.08836
[7400/15000] train_force=0.002692 val_force=0.09033
[7500/15000] train_force=0.002643 val_force=0.09244
[7600/15000] train_force=0.002587 val_force=0.09431
[7700/15000] train_force=0.002535 val_force=0.09628
[7800/15000] train_force=0.002485 val_force=0.09817
[7900/15000] train_force=0.002437 val_force=0.09999
[8000/15000] train_force=0.002392 val_force=0.1016
[8100/15000] train_force=0.00235 val_force=0.103
[8200/15000] train_force=0.002305 val_force=0.1042
[8300/15000] train_force=0.002264 val_force=0.1051
[8400/15000] train_force=0.002225 val_force=0.1056
[8500/15000] train_force=0.002187 val_force=0.1059
[8600/15000] train_force=0.002149 val_force=0.106
[8700/15000] train_force=0.002113 val_force=0.1058
[8800/15000] train_force=0.002076 val_force=0.1055
[8900/15000] train_force=0.002039 val_force=0.105
[9000/15000] train_force=0.002012 val_force=0.1042
[9100/15000] train_force=0.001957 val_force=0.1033
[9200/15000] train_force=0.001926 val_force=0.1021
[9300/15000] train_force=0.001849 val_force=0.1007
[9400/15000] train_force=0.001781 val_force=0.09921
[9500/15000] train_force=0.001711 val_force=0.09801
[9600/15000] train_force=0.001649 val_force=0.09731
[9700/15000] train_force=0.001597 val_force=0.09692
[9800/15000] train_force=0.001552 val_force=0.09674
[9900/15000] train_force=0.001513 val_force=0.0967
[10000/15000] train_force=0.001477 val_force=0.09682
[10100/15000] train_force=0.001441 val_force=0.09702
[10200/15000] train_force=0.001407 val_force=0.09721
[10300/15000] train_force=0.001373 val_force=0.09726
[10400/15000] train_force=0.001343 val_force=0.09709
[10500/15000] train_force=0.001316 val_force=0.09666
[10600/15000] train_force=0.001294 val_force=0.09601
[10700/15000] train_force=0.001274 val_force=0.09517
[10800/15000] train_force=0.001264 val_force=0.09423
[10900/15000] train_force=0.00124 val_force=0.09321
[11000/15000] train_force=0.001226 val_force=0.09231
[11100/15000] train_force=0.001213 val_force=0.09157
[11200/15000] train_force=0.001202 val_force=0.09098
[11300/15000] train_force=0.001191 val_force=0.0905
[11400/15000] train_force=0.001181 val_force=0.09014
[11500/15000] train_force=0.00117 val_force=0.08983
[11600/15000] train_force=0.001161 val_force=0.08959
[11700/15000] train_force=0.001154 val_force=0.08939
[11800/15000] train_force=0.001141 val_force=0.08915
[11900/15000] train_force=0.00113 val_force=0.08892
[12000/15000] train_force=0.001119 val_force=0.08867
[12100/15000] train_force=0.001109 val_force=0.08839
[12200/15000] train_force=0.001092 val_force=0.08802
[12300/15000] train_force=0.001077 val_force=0.08761
[12400/15000] train_force=0.001059 val_force=0.0871
[12500/15000] train_force=0.00106 val_force=0.0864
[12600/15000] train_force=0.001016 val_force=0.08558
[12700/15000] train_force=0.0009923 val_force=0.08451
[12800/15000] train_force=0.0009666 val_force=0.08334
[12900/15000] train_force=0.0009422 val_force=0.08231
[13000/15000] train_force=0.0009191 val_force=0.08146
[13100/15000] train_force=0.0008987 val_force=0.08082
[13200/15000] train_force=0.0008799 val_force=0.08033
[13300/15000] train_force=0.0008634 val_force=0.07996
[13400/15000] train_force=0.0008475 val_force=0.07965
[13500/15000] train_force=0.0008324 val_force=0.07937
[13600/15000] train_force=0.0008178 val_force=0.07913
[13700/15000] train_force=0.0008039 val_force=0.07889
[13800/15000] train_force=0.0007909 val_force=0.07867
[13900/15000] train_force=0.0007783 val_force=0.07849
[14000/15000] train_force=0.000767 val_force=0.07832
[14100/15000] train_force=0.0007566 val_force=0.07816
[14200/15000] train_force=0.0007483 val_force=0.07805
[14300/15000] train_force=0.0007385 val_force=0.0779
[14400/15000] train_force=0.0007329 val_force=0.0778
[14500/15000] train_force=0.0007235 val_force=0.07767
[14600/15000] train_force=0.0007262 val_force=0.07761
[14700/15000] train_force=0.0007105 val_force=0.07747
[14800/15000] train_force=0.0007045 val_force=0.07736
[14900/15000] train_force=0.0006988 val_force=0.07727
[15000/15000] train_force=0.0006934 val_force=0.07718
Saved latent CSV: C:\Users\admin\deepxde\myproject\runs_pinn_drag\20260606-041332__latent_physics\latent_predictions.csv
Metrics: {'all': {'rmse': 0.05650268495082855, 'mae': 0.04241108149290085, 'r2': 0.9942697882652283}, 'train': {'rmse': 0.050807129591703415, 'mae': 0.03842587023973465, 'r2': 0.9957021474838257}, 'val': {'rmse': 0.07089515030384064, 'mae': 0.05436670407652855, 'r2': 0.9882214665412903}, 'synthetic': None, 'experimental_sample_count': 228, 'synthetic_sample_count': 0, 'mean_residual_ratio': 0.0962268792484936, 'best_epoch': 207, 'best_val_force': 0.021489495411515236}
Training complete.
