Run directory: /Users/zyp/Documents/GitHub/PINN-seagras/myproject/runs/pinn_drag/20260722-120135__iterative_self_training
Experimental data: /Users/zyp/Documents/GitHub/PINN-seagras/myproject/data/pinn_training_data.mat
Device: cpu
Fixed split: experimental train=171, experimental validation=57
cycle=00 epoch=0001/4000 train_force=2.7965 val_force=0.2071
cycle=00 epoch=0400/4000 train_force=0.0075056 val_force=0.032763
cycle=00 epoch=0800/4000 train_force=0.0056756 val_force=0.030004
cycle=00 epoch=1200/4000 train_force=0.0051494 val_force=0.029437
cycle=00 epoch=1600/4000 train_force=0.0049519 val_force=0.028191
cycle=00 epoch=2000/4000 train_force=0.0048137 val_force=0.027112
cycle=00 epoch=2400/4000 train_force=0.0046315 val_force=0.025826
cycle=00 epoch=2800/4000 train_force=0.0045218 val_force=0.025517
cycle=00 epoch=3200/4000 train_force=0.0044351 val_force=0.025524
cycle=00 epoch=3600/4000 train_force=0.0043524 val_force=0.025405
cycle=00 epoch=4000/4000 train_force=0.0042993 val_force=0.025242
Saved latent CSV: /Users/zyp/Documents/GitHub/PINN-seagras/myproject/runs/pinn_drag/20260722-120135__iterative_self_training/cycle_00_pretrain/latent_predictions.csv

Starting post-training cycle 1/8
Candidates: pool=320, filter_pass=320, selected=80
cycle=01 epoch=0001/2000 train_force=0.17295 val_force=0.055559
cycle=01 epoch=0200/2000 train_force=0.0062109 val_force=0.034888
cycle=01 epoch=0400/2000 train_force=0.0040904 val_force=0.026438
cycle=01 epoch=0600/2000 train_force=0.0041259 val_force=0.023822
cycle=01 epoch=0800/2000 train_force=0.0035989 val_force=0.024556
cycle=01 epoch=1000/2000 train_force=0.0031748 val_force=0.026107
cycle=01 epoch=1200/2000 train_force=0.0030382 val_force=0.02761
cycle=01 epoch=1400/2000 train_force=0.002984 val_force=0.028004
cycle=01 epoch=1600/2000 train_force=0.0029563 val_force=0.028157
cycle=01 epoch=1800/2000 train_force=0.0029377 val_force=0.02826
cycle=01 epoch=2000/2000 train_force=0.0029186 val_force=0.028383
Saved latent CSV: /Users/zyp/Documents/GitHub/PINN-seagras/myproject/runs/pinn_drag/20260722-120135__iterative_self_training/cycle_01_posttrain/latent_predictions.csv
Cycle 1 accepted: validation RMSE=0.0659222

Starting post-training cycle 2/8
Candidates: pool=320, filter_pass=316, selected=80
cycle=02 epoch=0001/2000 train_force=0.066766 val_force=0.051942
cycle=02 epoch=0200/2000 train_force=0.0051769 val_force=0.027757
cycle=02 epoch=0400/2000 train_force=0.0024833 val_force=0.025334
cycle=02 epoch=0600/2000 train_force=0.0022415 val_force=0.025313
cycle=02 epoch=0800/2000 train_force=0.0021689 val_force=0.024936
cycle=02 epoch=1000/2000 train_force=0.0021586 val_force=0.024906
cycle=02 epoch=1200/2000 train_force=0.0021533 val_force=0.024721
cycle=02 epoch=1400/2000 train_force=0.0021482 val_force=0.024693
cycle=02 epoch=1600/2000 train_force=0.0021458 val_force=0.024623
cycle=02 epoch=1800/2000 train_force=0.0021425 val_force=0.024492
cycle=02 epoch=2000/2000 train_force=0.0021403 val_force=0.024459
Saved latent CSV: /Users/zyp/Documents/GitHub/PINN-seagras/myproject/runs/pinn_drag/20260722-120135__iterative_self_training/cycle_02_posttrain/latent_predictions.csv
Cycle 2 accepted: validation RMSE=0.0654326

Starting post-training cycle 3/8
Candidates: pool=320, filter_pass=316, selected=80
cycle=03 epoch=0001/2000 train_force=0.025189 val_force=0.054885
cycle=03 epoch=0200/2000 train_force=0.0041545 val_force=0.02137
cycle=03 epoch=0400/2000 train_force=0.0022789 val_force=0.021589
cycle=03 epoch=0600/2000 train_force=0.001853 val_force=0.021395
cycle=03 epoch=0800/2000 train_force=0.0017806 val_force=0.021374
cycle=03 epoch=1000/2000 train_force=0.0017515 val_force=0.021559
cycle=03 epoch=1200/2000 train_force=0.0017366 val_force=0.021433
cycle=03 epoch=1400/2000 train_force=0.0017287 val_force=0.021516
cycle=03 epoch=1600/2000 train_force=0.001736 val_force=0.021588
cycle=03 epoch=1800/2000 train_force=0.0017265 val_force=0.021574
cycle=03 epoch=2000/2000 train_force=0.0017126 val_force=0.021692
Saved latent CSV: /Users/zyp/Documents/GitHub/PINN-seagras/myproject/runs/pinn_drag/20260722-120135__iterative_self_training/cycle_03_posttrain/latent_predictions.csv
Cycle 3 accepted: validation RMSE=0.0636689

Starting post-training cycle 4/8
Candidates: pool=320, filter_pass=317, selected=80
cycle=04 epoch=0001/2000 train_force=0.011045 val_force=0.033712
cycle=04 epoch=0200/2000 train_force=0.0019703 val_force=0.020378
cycle=04 epoch=0400/2000 train_force=0.0016122 val_force=0.019636
cycle=04 epoch=0600/2000 train_force=0.0014802 val_force=0.020159
cycle=04 epoch=0800/2000 train_force=0.0013629 val_force=0.020626
cycle=04 epoch=1000/2000 train_force=0.001329 val_force=0.021066
cycle=04 epoch=1200/2000 train_force=0.0013147 val_force=0.021248
cycle=04 epoch=1400/2000 train_force=0.0013044 val_force=0.021391
cycle=04 epoch=1600/2000 train_force=0.0012949 val_force=0.021464
cycle=04 epoch=1800/2000 train_force=0.0012879 val_force=0.021516
cycle=04 epoch=2000/2000 train_force=0.0012746 val_force=0.021617
Saved latent CSV: /Users/zyp/Documents/GitHub/PINN-seagras/myproject/runs/pinn_drag/20260722-120135__iterative_self_training/cycle_04_posttrain/latent_predictions.csv
Cycle 4 accepted: validation RMSE=0.0633717

Starting post-training cycle 5/8
Candidates: pool=320, filter_pass=318, selected=80
cycle=05 epoch=0001/2000 train_force=0.012939 val_force=0.039077
cycle=05 epoch=0200/2000 train_force=0.0021334 val_force=0.020372
cycle=05 epoch=0400/2000 train_force=0.0013155 val_force=0.019726
cycle=05 epoch=0600/2000 train_force=0.0012339 val_force=0.019962
cycle=05 epoch=0800/2000 train_force=0.0011986 val_force=0.02034
cycle=05 epoch=1000/2000 train_force=0.0011704 val_force=0.020433
cycle=05 epoch=1200/2000 train_force=0.0011663 val_force=0.020512
cycle=05 epoch=1400/2000 train_force=0.0011561 val_force=0.020651
cycle=05 epoch=1600/2000 train_force=0.0011457 val_force=0.02071
cycle=05 epoch=1800/2000 train_force=0.0011388 val_force=0.020813
cycle=05 epoch=2000/2000 train_force=0.0011291 val_force=0.02086
Saved latent CSV: /Users/zyp/Documents/GitHub/PINN-seagras/myproject/runs/pinn_drag/20260722-120135__iterative_self_training/cycle_05_posttrain/latent_predictions.csv
Cycle 5 accepted: validation RMSE=0.0630215

Starting post-training cycle 6/8
Candidates: pool=320, filter_pass=317, selected=80
cycle=06 epoch=0001/2000 train_force=0.0090865 val_force=0.026211
cycle=06 epoch=0200/2000 train_force=0.0014013 val_force=0.019866
cycle=06 epoch=0400/2000 train_force=0.0013983 val_force=0.019246
cycle=06 epoch=0600/2000 train_force=0.0014056 val_force=0.019974
cycle=06 epoch=0800/2000 train_force=0.0011663 val_force=0.019957
cycle=06 epoch=1000/2000 train_force=0.0011559 val_force=0.020013
cycle=06 epoch=1200/2000 train_force=0.0011582 val_force=0.020053
cycle=06 epoch=1400/2000 train_force=0.0011512 val_force=0.020081
cycle=06 epoch=1600/2000 train_force=0.0011482 val_force=0.020172
cycle=06 epoch=1800/2000 train_force=0.0011549 val_force=0.02017
cycle=06 epoch=2000/2000 train_force=0.0011688 val_force=0.020438
Saved latent CSV: /Users/zyp/Documents/GitHub/PINN-seagras/myproject/runs/pinn_drag/20260722-120135__iterative_self_training/cycle_06_posttrain/latent_predictions.csv
Cycle 6 accepted: validation RMSE=0.0631477

Starting post-training cycle 7/8
Candidates: pool=320, filter_pass=319, selected=80
cycle=07 epoch=0001/2000 train_force=0.0059332 val_force=0.021533
cycle=07 epoch=0200/2000 train_force=0.0015121 val_force=0.020489
cycle=07 epoch=0400/2000 train_force=0.001028 val_force=0.019957
cycle=07 epoch=0600/2000 train_force=0.00096176 val_force=0.020773
cycle=07 epoch=0800/2000 train_force=0.00093589 val_force=0.021024
cycle=07 epoch=1000/2000 train_force=0.00091288 val_force=0.021055
cycle=07 epoch=1200/2000 train_force=0.00090436 val_force=0.021123
cycle=07 epoch=1400/2000 train_force=0.00089955 val_force=0.021114
cycle=07 epoch=1600/2000 train_force=0.00089382 val_force=0.021121
cycle=07 epoch=1800/2000 train_force=0.00088473 val_force=0.021124
cycle=07 epoch=2000/2000 train_force=0.00088169 val_force=0.021112
Saved latent CSV: /Users/zyp/Documents/GitHub/PINN-seagras/myproject/runs/pinn_drag/20260722-120135__iterative_self_training/cycle_07_posttrain/latent_predictions.csv
Cycle 7 accepted: validation RMSE=0.0632102

Starting post-training cycle 8/8
Candidates: pool=320, filter_pass=317, selected=80
cycle=08 epoch=0001/2000 train_force=0.0038447 val_force=0.022833
cycle=08 epoch=0200/2000 train_force=0.0013142 val_force=0.019432
cycle=08 epoch=0400/2000 train_force=0.0010679 val_force=0.019259
cycle=08 epoch=0600/2000 train_force=0.00093572 val_force=0.01956
cycle=08 epoch=0800/2000 train_force=0.00083052 val_force=0.019415
cycle=08 epoch=1000/2000 train_force=0.00081216 val_force=0.019451
cycle=08 epoch=1200/2000 train_force=0.00080094 val_force=0.019465
cycle=08 epoch=1400/2000 train_force=0.00079452 val_force=0.019484
cycle=08 epoch=1600/2000 train_force=0.00079032 val_force=0.019533
cycle=08 epoch=1800/2000 train_force=0.00078386 val_force=0.019689
cycle=08 epoch=2000/2000 train_force=0.0007819 val_force=0.019759
Saved latent CSV: /Users/zyp/Documents/GitHub/PINN-seagras/myproject/runs/pinn_drag/20260722-120135__iterative_self_training/cycle_08_posttrain/latent_predictions.csv
Cycle 8 accepted: validation RMSE=0.0630324

Best fixed-validation RMSE: 0.0630215
Final model: /Users/zyp/Documents/GitHub/PINN-seagras/myproject/runs/pinn_drag/20260722-120135__iterative_self_training/final_model.pt
