Run directory: /Users/zyp/Documents/GitHub/PINN-seagras/myproject/runs/pinn_drag/20260722-121805__iterative_self_training
Experimental data: /Users/zyp/Documents/GitHub/PINN-seagras/myproject/data/pinn_training_data.mat
Device: cpu
Fixed split: experimental train=171, experimental validation=57
cycle=00 epoch=0001/4000 train_force=3.2671 val_force=0.21846
cycle=00 epoch=0400/4000 train_force=0.0078826 val_force=0.036015
cycle=00 epoch=0800/4000 train_force=0.0058913 val_force=0.032655
cycle=00 epoch=1200/4000 train_force=0.0055037 val_force=0.032578
cycle=00 epoch=1600/4000 train_force=0.0052674 val_force=0.031439
cycle=00 epoch=2000/4000 train_force=0.0050931 val_force=0.029991
cycle=00 epoch=2400/4000 train_force=0.0048741 val_force=0.027665
cycle=00 epoch=2800/4000 train_force=0.0047345 val_force=0.026521
cycle=00 epoch=3200/4000 train_force=0.0046312 val_force=0.025437
cycle=00 epoch=3600/4000 train_force=0.0045187 val_force=0.02416
cycle=00 epoch=4000/4000 train_force=0.0044387 val_force=0.022993
Saved latent CSV: /Users/zyp/Documents/GitHub/PINN-seagras/myproject/runs/pinn_drag/20260722-121805__iterative_self_training/cycle_00_pretrain/latent_predictions.csv

Starting post-training cycle 1/10
Candidates: pool=480, filter_pass=480, selected=80
cycle=01 epoch=0001/2000 train_force=0.30146 val_force=0.068876
cycle=01 epoch=0200/2000 train_force=0.0060666 val_force=0.033704
cycle=01 epoch=0400/2000 train_force=0.0043537 val_force=0.024382
cycle=01 epoch=0600/2000 train_force=0.0044926 val_force=0.021796
cycle=01 epoch=0800/2000 train_force=0.004106 val_force=0.019905
cycle=01 epoch=1000/2000 train_force=0.0034894 val_force=0.019095
cycle=01 epoch=1200/2000 train_force=0.0028325 val_force=0.019701
cycle=01 epoch=1400/2000 train_force=0.002647 val_force=0.019882
cycle=01 epoch=1600/2000 train_force=0.0025988 val_force=0.019983
cycle=01 epoch=1800/2000 train_force=0.0025745 val_force=0.020027
cycle=01 epoch=2000/2000 train_force=0.0025599 val_force=0.020075
Saved latent CSV: /Users/zyp/Documents/GitHub/PINN-seagras/myproject/runs/pinn_drag/20260722-121805__iterative_self_training/cycle_01_posttrain/latent_predictions.csv
Cycle 1 accepted: validation RMSE=0.0647231

Starting post-training cycle 2/10
Candidates: pool=480, filter_pass=474, selected=80
cycle=02 epoch=0001/2000 train_force=0.07003 val_force=0.038393
cycle=02 epoch=0200/2000 train_force=0.0055739 val_force=0.02453
cycle=02 epoch=0400/2000 train_force=0.0020398 val_force=0.019525
cycle=02 epoch=0600/2000 train_force=0.001846 val_force=0.019304
cycle=02 epoch=0800/2000 train_force=0.0016979 val_force=0.019242
cycle=02 epoch=1000/2000 train_force=0.0016748 val_force=0.019265
cycle=02 epoch=1200/2000 train_force=0.0016642 val_force=0.019296
cycle=02 epoch=1400/2000 train_force=0.0016517 val_force=0.019376
cycle=02 epoch=1600/2000 train_force=0.0016424 val_force=0.019381
cycle=02 epoch=1800/2000 train_force=0.0016335 val_force=0.019359
cycle=02 epoch=2000/2000 train_force=0.001624 val_force=0.019474
Saved latent CSV: /Users/zyp/Documents/GitHub/PINN-seagras/myproject/runs/pinn_drag/20260722-121805__iterative_self_training/cycle_02_posttrain/latent_predictions.csv
Cycle 2 accepted: validation RMSE=0.063775

Starting post-training cycle 3/10
Candidates: pool=480, filter_pass=475, selected=80
cycle=03 epoch=0001/2000 train_force=0.02574 val_force=0.074462
cycle=03 epoch=0200/2000 train_force=0.0018564 val_force=0.02016
cycle=03 epoch=0400/2000 train_force=0.0019204 val_force=0.020058
cycle=03 epoch=0600/2000 train_force=0.0015488 val_force=0.019491
cycle=03 epoch=0800/2000 train_force=0.001455 val_force=0.019335
cycle=03 epoch=1000/2000 train_force=0.0014159 val_force=0.019457
cycle=03 epoch=1200/2000 train_force=0.0014089 val_force=0.0194
cycle=03 epoch=1400/2000 train_force=0.0013918 val_force=0.019524
cycle=03 epoch=1600/2000 train_force=0.0013978 val_force=0.019423
cycle=03 epoch=1800/2000 train_force=0.0013898 val_force=0.019498
cycle=03 epoch=2000/2000 train_force=0.0013827 val_force=0.019752
Saved latent CSV: /Users/zyp/Documents/GitHub/PINN-seagras/myproject/runs/pinn_drag/20260722-121805__iterative_self_training/cycle_03_posttrain/latent_predictions.csv
Cycle 3 accepted: validation RMSE=0.0643433

Starting post-training cycle 4/10
Candidates: pool=480, filter_pass=473, selected=80
cycle=04 epoch=0001/2000 train_force=0.011758 val_force=0.036088
cycle=04 epoch=0200/2000 train_force=0.0015485 val_force=0.019863
cycle=04 epoch=0400/2000 train_force=0.0012025 val_force=0.020213
cycle=04 epoch=0600/2000 train_force=0.0011065 val_force=0.020964
cycle=04 epoch=0800/2000 train_force=0.0010656 val_force=0.0214
cycle=04 epoch=1000/2000 train_force=0.0010512 val_force=0.021643
cycle=04 epoch=1200/2000 train_force=0.0010445 val_force=0.021767
cycle=04 epoch=1400/2000 train_force=0.0010348 val_force=0.021973
cycle=04 epoch=1600/2000 train_force=0.0010235 val_force=0.022152
cycle=04 epoch=1800/2000 train_force=0.0010182 val_force=0.022385
cycle=04 epoch=2000/2000 train_force=0.001009 val_force=0.022621
Saved latent CSV: /Users/zyp/Documents/GitHub/PINN-seagras/myproject/runs/pinn_drag/20260722-121805__iterative_self_training/cycle_04_posttrain/latent_predictions.csv
Cycle 4 accepted: validation RMSE=0.0638325

Starting post-training cycle 5/10
Candidates: pool=480, filter_pass=476, selected=80
cycle=05 epoch=0001/2000 train_force=0.01149 val_force=0.034626
cycle=05 epoch=0200/2000 train_force=0.0012554 val_force=0.019346
cycle=05 epoch=0400/2000 train_force=0.0011056 val_force=0.020049
cycle=05 epoch=0600/2000 train_force=0.0010335 val_force=0.020428
cycle=05 epoch=0800/2000 train_force=0.00095208 val_force=0.020742
cycle=05 epoch=1000/2000 train_force=0.00093823 val_force=0.020837
cycle=05 epoch=1200/2000 train_force=0.00093909 val_force=0.020944
cycle=05 epoch=1400/2000 train_force=0.00092475 val_force=0.021061
cycle=05 epoch=1600/2000 train_force=0.00091447 val_force=0.021173
cycle=05 epoch=1800/2000 train_force=0.0009103 val_force=0.021321
cycle=05 epoch=2000/2000 train_force=0.00090095 val_force=0.021467
Saved latent CSV: /Users/zyp/Documents/GitHub/PINN-seagras/myproject/runs/pinn_drag/20260722-121805__iterative_self_training/cycle_05_posttrain/latent_predictions.csv
Cycle 5 accepted: validation RMSE=0.0640421

Starting post-training cycle 6/10
Candidates: pool=480, filter_pass=477, selected=80
cycle=06 epoch=0001/2000 train_force=0.013494 val_force=0.032898
cycle=06 epoch=0200/2000 train_force=0.001922 val_force=0.020587
cycle=06 epoch=0400/2000 train_force=0.0023996 val_force=0.020074
cycle=06 epoch=0600/2000 train_force=0.001066 val_force=0.019693
cycle=06 epoch=0800/2000 train_force=0.0010108 val_force=0.019925
cycle=06 epoch=1000/2000 train_force=0.00098275 val_force=0.019713
cycle=06 epoch=1200/2000 train_force=0.00097894 val_force=0.019739
cycle=06 epoch=1400/2000 train_force=0.00096641 val_force=0.019827
cycle=06 epoch=1600/2000 train_force=0.00097488 val_force=0.019807
cycle=06 epoch=1800/2000 train_force=0.00097602 val_force=0.019938
cycle=06 epoch=2000/2000 train_force=0.00095818 val_force=0.019902
Saved latent CSV: /Users/zyp/Documents/GitHub/PINN-seagras/myproject/runs/pinn_drag/20260722-121805__iterative_self_training/cycle_06_posttrain/latent_predictions.csv
Cycle 6 accepted: validation RMSE=0.0631708

Starting post-training cycle 7/10
Candidates: pool=480, filter_pass=478, selected=80
cycle=07 epoch=0001/2000 train_force=0.0055593 val_force=0.021366
cycle=07 epoch=0200/2000 train_force=0.0010382 val_force=0.019971
cycle=07 epoch=0400/2000 train_force=0.00094096 val_force=0.020899
cycle=07 epoch=0600/2000 train_force=0.00085413 val_force=0.021515
cycle=07 epoch=0800/2000 train_force=0.00080424 val_force=0.021858
cycle=07 epoch=1000/2000 train_force=0.00079209 val_force=0.022076
cycle=07 epoch=1200/2000 train_force=0.00078575 val_force=0.022327
cycle=07 epoch=1400/2000 train_force=0.00078016 val_force=0.022466
cycle=07 epoch=1600/2000 train_force=0.00077653 val_force=0.022664
cycle=07 epoch=1800/2000 train_force=0.00076823 val_force=0.02293
cycle=07 epoch=2000/2000 train_force=0.00076671 val_force=0.023145
Saved latent CSV: /Users/zyp/Documents/GitHub/PINN-seagras/myproject/runs/pinn_drag/20260722-121805__iterative_self_training/cycle_07_posttrain/latent_predictions.csv
Cycle 7 accepted: validation RMSE=0.0642432

Starting post-training cycle 8/10
Candidates: pool=480, filter_pass=477, selected=80
cycle=08 epoch=0001/2000 train_force=0.0063397 val_force=0.02171
cycle=08 epoch=0200/2000 train_force=0.0012136 val_force=0.021464
cycle=08 epoch=0400/2000 train_force=0.00095502 val_force=0.021175
cycle=08 epoch=0600/2000 train_force=0.0007763 val_force=0.022754
cycle=08 epoch=0800/2000 train_force=0.00071249 val_force=0.023353
cycle=08 epoch=1000/2000 train_force=0.00069138 val_force=0.02377
cycle=08 epoch=1200/2000 train_force=0.00068247 val_force=0.024102
cycle=08 epoch=1400/2000 train_force=0.00067671 val_force=0.024278
cycle=08 epoch=1600/2000 train_force=0.00067596 val_force=0.024581
cycle=08 epoch=1800/2000 train_force=0.00066603 val_force=0.024834
cycle=08 epoch=2000/2000 train_force=0.00066503 val_force=0.025017
Saved latent CSV: /Users/zyp/Documents/GitHub/PINN-seagras/myproject/runs/pinn_drag/20260722-121805__iterative_self_training/cycle_08_posttrain/latent_predictions.csv
Cycle 8 accepted: validation RMSE=0.0638082

Starting post-training cycle 9/10
Candidates: pool=480, filter_pass=477, selected=80
cycle=09 epoch=0001/2000 train_force=0.0040554 val_force=0.020376
cycle=09 epoch=0200/2000 train_force=0.0011206 val_force=0.022661
cycle=09 epoch=0400/2000 train_force=0.00084572 val_force=0.024113
cycle=09 epoch=0600/2000 train_force=0.00063591 val_force=0.023597
cycle=09 epoch=0800/2000 train_force=0.00061213 val_force=0.024532
cycle=09 epoch=1000/2000 train_force=0.00059064 val_force=0.024905
cycle=09 epoch=1200/2000 train_force=0.00058626 val_force=0.025039
cycle=09 epoch=1400/2000 train_force=0.00058392 val_force=0.025125
cycle=09 epoch=1600/2000 train_force=0.00057761 val_force=0.025242
cycle=09 epoch=1800/2000 train_force=0.0005756 val_force=0.025312
cycle=09 epoch=2000/2000 train_force=0.00057321 val_force=0.025308
Saved latent CSV: /Users/zyp/Documents/GitHub/PINN-seagras/myproject/runs/pinn_drag/20260722-121805__iterative_self_training/cycle_09_posttrain/latent_predictions.csv
Cycle 9 rolled back: validation RMSE=0.0645177 > allowed 0.0644342

Starting post-training cycle 10/10
Candidates: pool=480, filter_pass=479, selected=80
cycle=10 epoch=0001/2000 train_force=0.0045503 val_force=0.028525
cycle=10 epoch=0200/2000 train_force=0.00084959 val_force=0.021277
cycle=10 epoch=0400/2000 train_force=0.00075022 val_force=0.02296
cycle=10 epoch=0600/2000 train_force=0.00066206 val_force=0.024247
cycle=10 epoch=0800/2000 train_force=0.0006181 val_force=0.024935
cycle=10 epoch=1000/2000 train_force=0.00060848 val_force=0.02522
cycle=10 epoch=1200/2000 train_force=0.00060378 val_force=0.025403
cycle=10 epoch=1400/2000 train_force=0.00059993 val_force=0.025542
cycle=10 epoch=1600/2000 train_force=0.00059591 val_force=0.025701
cycle=10 epoch=1800/2000 train_force=0.00059202 val_force=0.025867
cycle=10 epoch=2000/2000 train_force=0.00058813 val_force=0.025923
Saved latent CSV: /Users/zyp/Documents/GitHub/PINN-seagras/myproject/runs/pinn_drag/20260722-121805__iterative_self_training/cycle_10_posttrain/latent_predictions.csv
Cycle 10 rolled back: validation RMSE=0.0653418 > allowed 0.0644342

Best fixed-validation RMSE: 0.0631708
Final model: /Users/zyp/Documents/GitHub/PINN-seagras/myproject/runs/pinn_drag/20260722-121805__iterative_self_training/final_model.pt
