Run directory: /Users/zyp/Documents/GitHub/PINN-seagras/myproject/runs/pinn_drag/20260804-205456__latent_physics
Data file: myproject/data/pinn_training_data.mat
Synthetic data file: myproject/data/pinn_training_data_synth.mat
Leak-holdout (explicit velocities): keeping 8 samples of excluded configs (velocities=[17, 18]) IN training set
Excluding configs [4, 5, 6, 7]: keeping 160/228 experimental samples
Device: mps
Split: experimental random shuffle with val_ratio=0.250; synthetic samples stay in train only
Device: mps
Beam physics enabled: True  (λ_pde=0.05)
E-param embedding enabled: base Cd/shield/col_corr from smooth logE+θ (n=64). Encoder residual ON (f_physics.detach())
[0001/2000] train_force=0.2994 val_force=0.5036
[0100/2000] train_force=0.02561 val_force=0.03324
[0200/2000] train_force=0.02316 val_force=0.03185
[0300/2000] train_force=0.02253 val_force=0.03177
[0400/2000] train_force=0.02231 val_force=0.03185
[0500/2000] train_force=0.02211 val_force=0.03127
[0600/2000] train_force=0.022 val_force=0.0312
[0700/2000] train_force=0.02192 val_force=0.03136
[0800/2000] train_force=0.02189 val_force=0.03109
[0900/2000] train_force=0.02185 val_force=0.03128
[1000/2000] train_force=0.02183 val_force=0.03124
[1100/2000] train_force=0.02181 val_force=0.0313
[1200/2000] train_force=0.0218 val_force=0.03122
[1300/2000] train_force=0.02178 val_force=0.03128
[1400/2000] train_force=0.02177 val_force=0.03131
[1500/2000] train_force=0.02176 val_force=0.03118
[1600/2000] train_force=0.02174 val_force=0.03122
[1700/2000] train_force=0.02173 val_force=0.03111
[1800/2000] train_force=0.02171 val_force=0.03121
[1900/2000] train_force=0.0217 val_force=0.03121
[2000/2000] train_force=0.02168 val_force=0.03127
Saved latent CSV: /Users/zyp/Documents/GitHub/PINN-seagras/myproject/runs/pinn_drag/20260804-205456__latent_physics/latent_predictions.csv
Metrics: {'all': {'rmse': 0.08539853990077972, 'mae': 0.06313113123178482, 'r2': 0.9888057112693787}, 'train': {'rmse': 0.08599790930747986, 'mae': 0.06287986040115356, 'r2': 0.9860929250717163}, 'val': {'rmse': 0.08357463777065277, 'mae': 0.0638849139213562, 'r2': 0.9928767681121826}, 'synthetic': {'rmse': 0.1353415697813034, 'mae': 0.08645962178707123, 'r2': 0.9705684781074524}, 'experimental_sample_count': 160, 'synthetic_sample_count': 80, 'mean_residual_ratio': 0.12563855161792353, 'best_epoch': 161, 'best_val_force': 0.029897594824433327}

Per-material breakdown (all 228 experimental samples):
  Group                              RMSE       R2      MAE     n
  ────────────────────────────── ──────── ──────── ──────── ─────
  hard  (PVC,     E=1.25e7)        0.0738   0.9943   0.0556    76
  med   (Rguijiao,E=3.55e6)        0.1105   0.9690   0.0856    76
  soft  (guijiao,E=4.80e5)         0.0777   0.9585   0.0585    76
  ────────────────────────────── ──────── ──────── ──────── ─────
  Weighted RMSE                    0.0889

Per-config breakdown (Rguijiao configs 5-8, 1-indexed):
  Config                   RMSE       R2      MAE     n
  ──────────────────── ──────── ──────── ──────── ─────
  Rguijiao_20_0          0.1329   0.9634   0.0992    19
  Rguijiao_20_180        0.1036   0.9806   0.0842    19
  Rguijiao_10_0          0.1179   0.9046   0.0874    19
  Rguijiao_10_180        0.0808   0.9665   0.0715    19

Honest holdout split (excluded material only):
  Subset                       RMSE       R2      MAE     n
  ──────────────────────── ──────── ──────── ──────── ─────
  LEAKED anchors             0.1918   0.8214   0.1784     8
  TRUE holdout (unseen)      0.0965   0.9703   0.0747    68
  (Saved Rgui holdout comparison plots)
Training complete.
