Run directory: /Users/zyp/Documents/GitHub/PINN-seagras/myproject/runs/pinn_drag/20260722-140928__iterative_self_training
Experimental data: /Users/zyp/Documents/GitHub/PINN-seagras/myproject/data/pinn_training_data.mat
Synthetic data file: /Users/zyp/Documents/GitHub/PINN-seagras/myproject/data/pinn_training_data_synth.mat
  synthetic: 80 rows, force_weight=0.2, aux_weight=0.3
Material holdout: medium (E=3.55e6) (configs=[4, 5, 6, 7]) — 76 samples held out
  Remaining experimental for train/val: 152
Pretrain data: experimental=228, synthetic=80, total=308
Device: cpu
Fixed split: available experimental=152, train=108, validation=44
  Holdout: 76 samples, never used for training or validation
  Experimental retention: 0.85 per cycle, min=10
cycle=00 epoch=0001/4000 train_force=1.8919 val_force=0.58658
cycle=00 epoch=0400/4000 train_force=0.0037914 val_force=0.025997
cycle=00 epoch=0800/4000 train_force=0.0027467 val_force=0.029804
cycle=00 epoch=1200/4000 train_force=0.0026278 val_force=0.0298
cycle=00 epoch=1600/4000 train_force=0.0025915 val_force=0.029932
cycle=00 epoch=2000/4000 train_force=0.0025395 val_force=0.029902
cycle=00 epoch=2400/4000 train_force=0.0024762 val_force=0.029713
cycle=00 epoch=2800/4000 train_force=0.0024417 val_force=0.029302
cycle=00 epoch=3200/4000 train_force=0.0023623 val_force=0.028698
cycle=00 epoch=3600/4000 train_force=0.0022841 val_force=0.028319
cycle=00 epoch=4000/4000 train_force=0.00217 val_force=0.028476
Saved latent CSV: /Users/zyp/Documents/GitHub/PINN-seagras/myproject/runs/pinn_drag/20260722-140928__iterative_self_training/cycle_00_pretrain/latent_predictions.csv
  Holdout RMSE: 0.179415

Starting post-training cycle 1/10
  Experimental retention: 108 → full
Candidates: pool=320, filter_pass=318, selected=80
cycle=01 epoch=0001/2000 train_force=0.13158 val_force=0.059043
cycle=01 epoch=0200/2000 train_force=0.0034552 val_force=0.023196
cycle=01 epoch=0400/2000 train_force=0.0020811 val_force=0.075756
cycle=01 epoch=0600/2000 train_force=0.0019587 val_force=0.096367
cycle=01 epoch=0800/2000 train_force=0.001891 val_force=0.098155
cycle=01 epoch=1000/2000 train_force=0.0018435 val_force=0.09562
cycle=01 epoch=1200/2000 train_force=0.0018262 val_force=0.097693
cycle=01 epoch=1400/2000 train_force=0.0018118 val_force=0.096793
cycle=01 epoch=1600/2000 train_force=0.0017849 val_force=0.09554
cycle=01 epoch=1800/2000 train_force=0.0017675 val_force=0.09378
cycle=01 epoch=2000/2000 train_force=0.0017437 val_force=0.092946
Saved latent CSV: /Users/zyp/Documents/GitHub/PINN-seagras/myproject/runs/pinn_drag/20260722-140928__iterative_self_training/cycle_01_posttrain/latent_predictions.csv
Cycle 1 accepted: validation RMSE=0.0650833
  Holdout RMSE: 0.24207

Starting post-training cycle 2/10
  Experimental retention: 108 → 91
Candidates: pool=320, filter_pass=306, selected=80
cycle=02 epoch=0001/2000 train_force=0.026825 val_force=0.091778
cycle=02 epoch=0200/2000 train_force=0.0020357 val_force=0.03375
cycle=02 epoch=0400/2000 train_force=0.0015548 val_force=0.056766
cycle=02 epoch=0600/2000 train_force=0.0012813 val_force=0.069838
cycle=02 epoch=0800/2000 train_force=0.0011586 val_force=0.069763
cycle=02 epoch=1000/2000 train_force=0.0010834 val_force=0.068044
cycle=02 epoch=1200/2000 train_force=0.0010515 val_force=0.067772
cycle=02 epoch=1400/2000 train_force=0.00099682 val_force=0.066832
cycle=02 epoch=1600/2000 train_force=0.00094374 val_force=0.068052
cycle=02 epoch=1800/2000 train_force=0.00091161 val_force=0.068632
cycle=02 epoch=2000/2000 train_force=0.00089182 val_force=0.067718
Saved latent CSV: /Users/zyp/Documents/GitHub/PINN-seagras/myproject/runs/pinn_drag/20260722-140928__iterative_self_training/cycle_02_posttrain/latent_predictions.csv
Cycle 2 rolled back: validation RMSE=0.0729169 > allowed 0.066385
  Holdout RMSE: 0.259158

Starting post-training cycle 3/10
  Experimental retention: 108 → 78
Candidates: pool=320, filter_pass=305, selected=80
cycle=03 epoch=0001/2000 train_force=0.052693 val_force=0.051231
cycle=03 epoch=0200/2000 train_force=0.0021097 val_force=0.076426
cycle=03 epoch=0400/2000 train_force=0.0012263 val_force=0.08083
cycle=03 epoch=0600/2000 train_force=0.001132 val_force=0.083454
cycle=03 epoch=0800/2000 train_force=0.0010716 val_force=0.082388
cycle=03 epoch=1000/2000 train_force=0.0010417 val_force=0.082422
cycle=03 epoch=1200/2000 train_force=0.0010202 val_force=0.082929
cycle=03 epoch=1400/2000 train_force=0.0010064 val_force=0.082208
cycle=03 epoch=1600/2000 train_force=0.00097456 val_force=0.080652
cycle=03 epoch=1800/2000 train_force=0.00098087 val_force=0.079613
cycle=03 epoch=2000/2000 train_force=0.00093328 val_force=0.078696
Saved latent CSV: /Users/zyp/Documents/GitHub/PINN-seagras/myproject/runs/pinn_drag/20260722-140928__iterative_self_training/cycle_03_posttrain/latent_predictions.csv
Cycle 3 rolled back: validation RMSE=0.0700105 > allowed 0.066385
  Holdout RMSE: 0.363426

Starting post-training cycle 4/10
  Experimental retention: 108 → 66
Candidates: pool=320, filter_pass=306, selected=80
cycle=04 epoch=0001/2000 train_force=0.038299 val_force=0.061227
cycle=04 epoch=0200/2000 train_force=0.0015312 val_force=0.024532
cycle=04 epoch=0400/2000 train_force=0.0013486 val_force=0.17008
cycle=04 epoch=0600/2000 train_force=0.0014794 val_force=0.11478
cycle=04 epoch=0800/2000 train_force=0.0010415 val_force=0.10187
cycle=04 epoch=1000/2000 train_force=0.0010358 val_force=0.097874
cycle=04 epoch=1200/2000 train_force=0.0010596 val_force=0.095987
cycle=04 epoch=1400/2000 train_force=0.0010502 val_force=0.095448
cycle=04 epoch=1600/2000 train_force=0.00099944 val_force=0.093694
cycle=04 epoch=1800/2000 train_force=0.00098933 val_force=0.090581
cycle=04 epoch=2000/2000 train_force=0.0009806 val_force=0.088135
Saved latent CSV: /Users/zyp/Documents/GitHub/PINN-seagras/myproject/runs/pinn_drag/20260722-140928__iterative_self_training/cycle_04_posttrain/latent_predictions.csv
Cycle 4 rolled back: validation RMSE=0.0714531 > allowed 0.066385
  Holdout RMSE: 0.25635

Starting post-training cycle 5/10
  Experimental retention: 108 → 56
Candidates: pool=320, filter_pass=303, selected=80
cycle=05 epoch=0001/2000 train_force=0.0047469 val_force=0.058493
cycle=05 epoch=0200/2000 train_force=0.0096707 val_force=0.03704
cycle=05 epoch=0400/2000 train_force=0.0034035 val_force=0.032649
cycle=05 epoch=0600/2000 train_force=0.0028126 val_force=0.036124
cycle=05 epoch=0800/2000 train_force=0.0018765 val_force=0.063756
cycle=05 epoch=1000/2000 train_force=0.0017476 val_force=0.076354
cycle=05 epoch=1200/2000 train_force=0.0016852 val_force=0.066568
cycle=05 epoch=1400/2000 train_force=0.0016542 val_force=0.058537
cycle=05 epoch=1600/2000 train_force=0.0016363 val_force=0.050933
cycle=05 epoch=1800/2000 train_force=0.0015738 val_force=0.047124
cycle=05 epoch=2000/2000 train_force=0.0014887 val_force=0.042845
Saved latent CSV: /Users/zyp/Documents/GitHub/PINN-seagras/myproject/runs/pinn_drag/20260722-140928__iterative_self_training/cycle_05_posttrain/latent_predictions.csv
Cycle 5 rolled back: validation RMSE=0.0763078 > allowed 0.066385
  Holdout RMSE: 0.358097

Starting post-training cycle 6/10
  Experimental retention: 108 → 47
Candidates: pool=320, filter_pass=305, selected=80
cycle=06 epoch=0001/2000 train_force=0.0013364 val_force=0.27387
cycle=06 epoch=0200/2000 train_force=0.00079896 val_force=0.022837
cycle=06 epoch=0400/2000 train_force=0.00070138 val_force=0.026792
cycle=06 epoch=0600/2000 train_force=0.00051255 val_force=0.027902
cycle=06 epoch=0800/2000 train_force=0.00047415 val_force=0.02847
cycle=06 epoch=1000/2000 train_force=0.00045902 val_force=0.028797
cycle=06 epoch=1200/2000 train_force=0.00044977 val_force=0.029041
cycle=06 epoch=1400/2000 train_force=0.00043866 val_force=0.029372
cycle=06 epoch=1600/2000 train_force=0.00042486 val_force=0.029819
cycle=06 epoch=1800/2000 train_force=0.00040721 val_force=0.030395
cycle=06 epoch=2000/2000 train_force=0.00038488 val_force=0.031051
Saved latent CSV: /Users/zyp/Documents/GitHub/PINN-seagras/myproject/runs/pinn_drag/20260722-140928__iterative_self_training/cycle_06_posttrain/latent_predictions.csv
Cycle 6 accepted: validation RMSE=0.0646395
  Holdout RMSE: 0.317386

Starting post-training cycle 7/10
  Experimental retention: 108 → 40
Candidates: pool=320, filter_pass=288, selected=80
cycle=07 epoch=0001/2000 train_force=0.0054496 val_force=0.14325
cycle=07 epoch=0200/2000 train_force=0.00066095 val_force=0.048302
cycle=07 epoch=0400/2000 train_force=0.00040965 val_force=0.064273
cycle=07 epoch=0600/2000 train_force=0.00035804 val_force=0.069905
cycle=07 epoch=0800/2000 train_force=0.00033591 val_force=0.071504
cycle=07 epoch=1000/2000 train_force=0.00033015 val_force=0.072311
cycle=07 epoch=1200/2000 train_force=0.00032658 val_force=0.072979
cycle=07 epoch=1400/2000 train_force=0.00032325 val_force=0.073666
cycle=07 epoch=1600/2000 train_force=0.00031999 val_force=0.074312
cycle=07 epoch=1800/2000 train_force=0.00031669 val_force=0.074845
cycle=07 epoch=2000/2000 train_force=0.00031329 val_force=0.075198
Saved latent CSV: /Users/zyp/Documents/GitHub/PINN-seagras/myproject/runs/pinn_drag/20260722-140928__iterative_self_training/cycle_07_posttrain/latent_predictions.csv
Cycle 7 rolled back: validation RMSE=0.0671634 > allowed 0.0659323
  Holdout RMSE: 0.231049

Starting post-training cycle 8/10
  Experimental retention: 108 → 34
Candidates: pool=320, filter_pass=287, selected=80
cycle=08 epoch=0001/2000 train_force=0.0022812 val_force=0.077854
cycle=08 epoch=0200/2000 train_force=0.00028452 val_force=0.033899
cycle=08 epoch=0400/2000 train_force=0.00024732 val_force=0.033537
cycle=08 epoch=0600/2000 train_force=0.00024128 val_force=0.033518
cycle=08 epoch=0800/2000 train_force=0.0002376 val_force=0.033894
cycle=08 epoch=1000/2000 train_force=0.00023558 val_force=0.034343
cycle=08 epoch=1200/2000 train_force=0.00023411 val_force=0.034796
cycle=08 epoch=1400/2000 train_force=0.00023234 val_force=0.035469
cycle=08 epoch=1600/2000 train_force=0.00023019 val_force=0.036432
cycle=08 epoch=1800/2000 train_force=0.00022752 val_force=0.037761
cycle=08 epoch=2000/2000 train_force=0.00022415 val_force=0.039565
Saved latent CSV: /Users/zyp/Documents/GitHub/PINN-seagras/myproject/runs/pinn_drag/20260722-140928__iterative_self_training/cycle_08_posttrain/latent_predictions.csv
Cycle 8 accepted: validation RMSE=0.0658085
  Holdout RMSE: 0.397299

Starting post-training cycle 9/10
  Experimental retention: 108 → 29
Candidates: pool=320, filter_pass=314, selected=80
cycle=09 epoch=0001/2000 train_force=0.010209 val_force=0.04109
cycle=09 epoch=0200/2000 train_force=0.00048187 val_force=0.036483
cycle=09 epoch=0400/2000 train_force=0.00041694 val_force=0.039223
cycle=09 epoch=0600/2000 train_force=0.00038114 val_force=0.040801
cycle=09 epoch=0800/2000 train_force=0.00037174 val_force=0.041696
cycle=09 epoch=1000/2000 train_force=0.00036954 val_force=0.041905
cycle=09 epoch=1200/2000 train_force=0.00036834 val_force=0.041997
cycle=09 epoch=1400/2000 train_force=0.0003673 val_force=0.042051
cycle=09 epoch=1600/2000 train_force=0.00036635 val_force=0.042073
cycle=09 epoch=1800/2000 train_force=0.00036546 val_force=0.04208
cycle=09 epoch=2000/2000 train_force=0.00036459 val_force=0.042091
Saved latent CSV: /Users/zyp/Documents/GitHub/PINN-seagras/myproject/runs/pinn_drag/20260722-140928__iterative_self_training/cycle_09_posttrain/latent_predictions.csv
Cycle 9 rolled back: validation RMSE=0.0741543 > allowed 0.0659323
  Holdout RMSE: 0.405294

Starting post-training cycle 10/10
  Experimental retention: 108 → 25
Candidates: pool=320, filter_pass=314, selected=80
cycle=10 epoch=0001/2000 train_force=0.0010555 val_force=0.044396
cycle=10 epoch=0200/2000 train_force=0.00046429 val_force=0.020564
cycle=10 epoch=0400/2000 train_force=0.00046427 val_force=0.021876
cycle=10 epoch=0600/2000 train_force=0.00041115 val_force=0.023313
cycle=10 epoch=0800/2000 train_force=0.00040273 val_force=0.024024
cycle=10 epoch=1000/2000 train_force=0.00039874 val_force=0.024318
cycle=10 epoch=1200/2000 train_force=0.00039684 val_force=0.024468
cycle=10 epoch=1400/2000 train_force=0.00039522 val_force=0.024602
cycle=10 epoch=1600/2000 train_force=0.00039337 val_force=0.024765
cycle=10 epoch=1800/2000 train_force=0.00039134 val_force=0.024962
cycle=10 epoch=2000/2000 train_force=0.00038922 val_force=0.025195
Saved latent CSV: /Users/zyp/Documents/GitHub/PINN-seagras/myproject/runs/pinn_drag/20260722-140928__iterative_self_training/cycle_10_posttrain/latent_predictions.csv
Cycle 10 rolled back: validation RMSE=0.0728509 > allowed 0.0659323
  Holdout RMSE: 0.263471

Best fixed-validation RMSE: 0.0646395
  Holdout RMSE (best model): 0.317386
  Holdout R²   (best model): 0.74401
Final model: /Users/zyp/Documents/GitHub/PINN-seagras/myproject/runs/pinn_drag/20260722-140928__iterative_self_training/final_model.pt
