Run directory: /Users/zyp/Documents/GitHub/PINN-seagras/myproject/runs/pinn_drag/20260727-202329__latent_physics
Data file: /Users/zyp/Documents/GitHub/PINN-seagras/myproject/data/pinn_training_data.mat
Synthetic data file: myproject/data/pinn_training_data_synth.mat
Excluding configs [4, 5, 6, 7]: keeping 152/228 experimental samples
Device: cpu
Split: experimental random shuffle with val_ratio=0.250; synthetic samples stay in train only
Device: cpu
Beam physics enabled: True  (λ_pde=0.05)
E-param embedding enabled: base Cd/shield/col_corr from smooth logE (n=64)
[0001/600] train_force=0.2377 val_force=0.5643
[0100/600] train_force=0.02879 val_force=0.0545
[0200/600] train_force=0.02733 val_force=0.05267
[0300/600] train_force=0.02709 val_force=0.05344
[0400/600] train_force=0.02698 val_force=0.05346
[0500/600] train_force=0.02685 val_force=0.05381
[0600/600] train_force=0.0268 val_force=0.05412
Saved latent CSV: /Users/zyp/Documents/GitHub/PINN-seagras/myproject/runs/pinn_drag/20260727-202329__latent_physics/latent_predictions.csv
Metrics: {'all': {'rmse': 0.0982804074883461, 'mae': 0.07187361270189285, 'r2': 0.9848765134811401}, 'train': {'rmse': 0.09362616389989853, 'mae': 0.0667765662074089, 'r2': 0.9871002435684204}, 'val': {'rmse': 0.1110791563987732, 'mae': 0.0871647372841835, 'r2': 0.9751107096672058}, 'synthetic': {'rmse': 0.21858446300029755, 'mae': 0.155193492770195, 'r2': 0.9232304096221924}, 'experimental_sample_count': 152, 'synthetic_sample_count': 80, 'mean_residual_ratio': 0.029436573582260234, 'best_epoch': 49, 'best_val_force': 0.05091364309191704}

Per-material breakdown (all 228 experimental samples):
  Group                              RMSE       R2      MAE     n
  ────────────────────────────── ──────── ──────── ──────── ─────
  hard  (PVC,     E=1.25e7)        0.0760   0.9940   0.0594    76
  med   (Rguijiao,E=3.55e6)        0.2183   0.8789   0.1572    76
  soft  (guijiao,E=4.80e5)         0.1164   0.9068   0.0843    76
  ────────────────────────────── ──────── ──────── ──────── ─────
  Weighted RMSE                    0.1494
Training complete.
