Run directory: /Users/zyp/Documents/GitHub/PINN-seagras/myproject/runs/pinn_drag/20260728-141420__latent_physics
Data file: /Users/zyp/Documents/GitHub/PINN-seagras/myproject/data/pinn_training_data.mat
Synthetic data file: myproject/data/pinn_training_data_synth.mat
Excluding configs [4, 5, 6, 7]: keeping 152/228 experimental samples
Device: cpu
Split: experimental random shuffle with val_ratio=0.250; synthetic samples stay in train only
Device: cpu
Beam physics enabled: True  (λ_pde=0.05)
E-param embedding enabled: base Cd/shield/col_corr from smooth logE+θ (n=64). Encoder residual ON (f_physics.detach())
[0001/800] train_force=0.2424 val_force=0.5833
[0100/800] train_force=0.0269 val_force=0.04403
[0200/800] train_force=0.02601 val_force=0.04158
[0300/800] train_force=0.02565 val_force=0.04101
[0400/800] train_force=0.0254 val_force=0.04093
[0500/800] train_force=0.0251 val_force=0.04049
[0600/800] train_force=0.02478 val_force=0.04011
[0700/800] train_force=0.02453 val_force=0.04052
[0800/800] train_force=0.02428 val_force=0.04057
Saved latent CSV: /Users/zyp/Documents/GitHub/PINN-seagras/myproject/runs/pinn_drag/20260728-141420__latent_physics/latent_predictions.csv
Metrics: {'all': {'rmse': 0.08849571645259857, 'mae': 0.06933610886335373, 'r2': 0.9877379536628723}, 'train': {'rmse': 0.08171157538890839, 'mae': 0.06429842859506607, 'r2': 0.989691972732544}, 'val': {'rmse': 0.1062808707356453, 'mae': 0.08444914221763611, 'r2': 0.9814988374710083}, 'synthetic': {'rmse': 0.13867726922035217, 'mae': 0.0936012715101242, 'r2': 0.9690998196601868}, 'experimental_sample_count': 152, 'synthetic_sample_count': 80, 'mean_residual_ratio': 0.029885548804151386, 'best_epoch': 719, 'best_val_force': 0.0396716482937336}

Per-material breakdown (all 228 experimental samples):
  Group                              RMSE       R2      MAE     n
  ────────────────────────────── ──────── ──────── ──────── ─────
  hard  (PVC,     E=1.25e7)        0.0753   0.9941   0.0581    76
  med   (Rguijiao,E=3.55e6)        0.2107   0.8871   0.1404    76
  soft  (guijiao,E=4.80e5)         0.1000   0.9313   0.0806    76
  ────────────────────────────── ──────── ──────── ──────── ─────
  Weighted RMSE                    0.1415
Training complete.
