Run directory: /Users/zyp/Documents/GitHub/PINN-seagras/myproject/runs/pinn_drag/20260722-164055__latent_physics
Data file: /Users/zyp/Documents/GitHub/PINN-seagras/myproject/data/pinn_training_data.mat
Excluding configs [4, 5, 6, 7]: keeping 152/228 experimental samples
Device: cpu
Split: experimental random shuffle with val_ratio=0.250; synthetic samples stay in train only
Beam physics enabled: True  (λ_pde=0.01)
[0001/500] train_force=0.4947 val_force=0.5223
[0100/500] train_force=0.02996 val_force=0.03696
[0200/500] train_force=0.02481 val_force=0.037
[0300/500] train_force=0.03041 val_force=0.0398
[0400/500] train_force=0.02418 val_force=0.03775
[0500/500] train_force=0.02265 val_force=0.04001
Saved latent CSV: /Users/zyp/Documents/GitHub/PINN-seagras/myproject/runs/pinn_drag/20260722-164055__latent_physics/latent_predictions.csv
Metrics: {'all': {'rmse': 0.08012348413467407, 'mae': 0.05693570524454117, 'r2': 0.9899483323097229}, 'train': {'rmse': 0.07822999358177185, 'mae': 0.05440226197242737, 'r2': 0.9909939765930176}, 'val': {'rmse': 0.0855528861284256, 'mae': 0.06453605741262436, 'r2': 0.9852355718612671}, 'synthetic': None, 'experimental_sample_count': 152, 'synthetic_sample_count': 0, 'mean_residual_ratio': 0.28880223004441513, 'best_epoch': 324, 'best_val_force': 0.036343760788440704}

Per-material breakdown (all 228 experimental samples):
  Group                              RMSE       R2      MAE     n
  ────────────────────────────── ──────── ──────── ──────── ─────
  hard  (PVC,     E=1.25e7)        0.0945   0.9906   0.0683    76
  med   (Rguijiao,E=3.55e6)        0.2983   0.7739   0.1691    76
  soft  (guijiao,E=4.80e5)         0.0625   0.9732   0.0456    76
  ────────────────────────────── ──────── ──────── ──────── ─────
  Weighted RMSE                    0.1842
Training complete.
