Run directory: C:\Users\admin\deepxde\myproject\runs_pinn_drag\20260606-030856__latent_physics
Data file: pinn_training_data.mat
Device: cpu
[0001/15000] train_force=2.568 val_force=1.981
[0100/15000] train_force=0.02111 val_force=0.06248
[0200/15000] train_force=0.01685 val_force=0.06859
[0300/15000] train_force=0.01466 val_force=0.06747
[0400/15000] train_force=0.01332 val_force=0.07651
[0500/15000] train_force=0.0124 val_force=0.09159
[0600/15000] train_force=0.01184 val_force=0.1053
[0700/15000] train_force=0.01143 val_force=0.1144
[0800/15000] train_force=0.0112 val_force=0.1186
[0900/15000] train_force=0.01103 val_force=0.121
[1000/15000] train_force=0.0109 val_force=0.1225
[1100/15000] train_force=0.01082 val_force=0.1233
[1200/15000] train_force=0.01076 val_force=0.1239
[1300/15000] train_force=0.0107 val_force=0.1244
[1400/15000] train_force=0.01064 val_force=0.1249
[1500/15000] train_force=0.01058 val_force=0.1254
[1600/15000] train_force=0.01051 val_force=0.1259
[1700/15000] train_force=0.01044 val_force=0.1264
[1800/15000] train_force=0.01037 val_force=0.1268
[1900/15000] train_force=0.01029 val_force=0.1272
[2000/15000] train_force=0.01021 val_force=0.1275
[2100/15000] train_force=0.01012 val_force=0.1278
[2200/15000] train_force=0.01003 val_force=0.1279
[2300/15000] train_force=0.009931 val_force=0.1278
[2400/15000] train_force=0.009818 val_force=0.1275
[2500/15000] train_force=0.009687 val_force=0.127
[2600/15000] train_force=0.009531 val_force=0.1261
[2700/15000] train_force=0.009337 val_force=0.125
[2800/15000] train_force=0.009098 val_force=0.1236
[2900/15000] train_force=0.008807 val_force=0.1221
[3000/15000] train_force=0.008468 val_force=0.1206
[3100/15000] train_force=0.008107 val_force=0.1189
[3200/15000] train_force=0.007764 val_force=0.1174
[3300/15000] train_force=0.007465 val_force=0.1162
[3400/15000] train_force=0.007211 val_force=0.1157
[3500/15000] train_force=0.00699 val_force=0.116
[3600/15000] train_force=0.006783 val_force=0.1172
[3700/15000] train_force=0.006604 val_force=0.1193
[3800/15000] train_force=0.006469 val_force=0.1223
[3900/15000] train_force=0.006356 val_force=0.1263
[4000/15000] train_force=0.006256 val_force=0.131
[4100/15000] train_force=0.006162 val_force=0.1364
[4200/15000] train_force=0.006072 val_force=0.1423
[4300/15000] train_force=0.005985 val_force=0.1488
[4400/15000] train_force=0.005901 val_force=0.1557
[4500/15000] train_force=0.00582 val_force=0.1629
[4600/15000] train_force=0.005744 val_force=0.1703
[4700/15000] train_force=0.005672 val_force=0.1779
[4800/15000] train_force=0.005604 val_force=0.1857
[4900/15000] train_force=0.00554 val_force=0.1939
[5000/15000] train_force=0.00548 val_force=0.2028
[5100/15000] train_force=0.005421 val_force=0.2127
[5200/15000] train_force=0.005365 val_force=0.2242
[5300/15000] train_force=0.005311 val_force=0.2372
[5400/15000] train_force=0.005259 val_force=0.2529
[5500/15000] train_force=0.005209 val_force=0.2711
[5600/15000] train_force=0.00516 val_force=0.2913
[5700/15000] train_force=0.00511 val_force=0.314
[5800/15000] train_force=0.005057 val_force=0.338
[5900/15000] train_force=0.005002 val_force=0.3653
[6000/15000] train_force=0.004942 val_force=0.3908
[6100/15000] train_force=0.00488 val_force=0.4188
[6200/15000] train_force=0.004812 val_force=0.4475
[6300/15000] train_force=0.004734 val_force=0.478
[6400/15000] train_force=0.004634 val_force=0.5069
[6500/15000] train_force=0.004504 val_force=0.5368
[6600/15000] train_force=0.004348 val_force=0.566
[6700/15000] train_force=0.004203 val_force=0.5918
[6800/15000] train_force=0.004087 val_force=0.618
[6900/15000] train_force=0.003999 val_force=0.6435
[7000/15000] train_force=0.00393 val_force=0.6705
[7100/15000] train_force=0.003876 val_force=0.6933
[7200/15000] train_force=0.003824 val_force=0.7153
[7300/15000] train_force=0.00378 val_force=0.7327
[7400/15000] train_force=0.00374 val_force=0.7478
[7500/15000] train_force=0.003701 val_force=0.7595
[7600/15000] train_force=0.00366 val_force=0.7693
[7700/15000] train_force=0.003621 val_force=0.7754
[7800/15000] train_force=0.003578 val_force=0.7806
[7900/15000] train_force=0.003534 val_force=0.783
[8000/15000] train_force=0.003478 val_force=0.7861
[8100/15000] train_force=0.00342 val_force=0.7878
[8200/15000] train_force=0.003352 val_force=0.7878
[8300/15000] train_force=0.003277 val_force=0.7874
[8400/15000] train_force=0.003198 val_force=0.7862
[8500/15000] train_force=0.003122 val_force=0.7839
[8600/15000] train_force=0.003055 val_force=0.7827
[8700/15000] train_force=0.003002 val_force=0.7805
[8800/15000] train_force=0.002959 val_force=0.7807
[8900/15000] train_force=0.002923 val_force=0.7797
[9000/15000] train_force=0.002893 val_force=0.7793
[9100/15000] train_force=0.002865 val_force=0.7812
[9200/15000] train_force=0.002844 val_force=0.7847
[9300/15000] train_force=0.002815 val_force=0.7855
[9400/15000] train_force=0.002791 val_force=0.7873
[9500/15000] train_force=0.002766 val_force=0.7888
[9600/15000] train_force=0.002743 val_force=0.7899
[9700/15000] train_force=0.002714 val_force=0.7933
[9800/15000] train_force=0.002683 val_force=0.7944
[9900/15000] train_force=0.002647 val_force=0.7964
[10000/15000] train_force=0.002607 val_force=0.7964
[10100/15000] train_force=0.002561 val_force=0.7963
[10200/15000] train_force=0.002503 val_force=0.7978
[10300/15000] train_force=0.00245 val_force=0.796
[10400/15000] train_force=0.002399 val_force=0.7942
[10500/15000] train_force=0.002354 val_force=0.7919
[10600/15000] train_force=0.002312 val_force=0.7903
[10700/15000] train_force=0.002276 val_force=0.7886
[10800/15000] train_force=0.002245 val_force=0.7865
[10900/15000] train_force=0.002216 val_force=0.7872
[11000/15000] train_force=0.002192 val_force=0.7859
[11100/15000] train_force=0.002169 val_force=0.7894
[11200/15000] train_force=0.002148 val_force=0.7881
[11300/15000] train_force=0.00213 val_force=0.7886
[11400/15000] train_force=0.002113 val_force=0.7883
[11500/15000] train_force=0.002103 val_force=0.7891
[11600/15000] train_force=0.002084 val_force=0.7848
[11700/15000] train_force=0.002071 val_force=0.7824
[11800/15000] train_force=0.002069 val_force=0.7775
[11900/15000] train_force=0.002049 val_force=0.7775
[12000/15000] train_force=0.002039 val_force=0.7754
[12100/15000] train_force=0.00203 val_force=0.772
[12200/15000] train_force=0.002022 val_force=0.7703
[12300/15000] train_force=0.002014 val_force=0.7675
[12400/15000] train_force=0.002007 val_force=0.7649
[12500/15000] train_force=0.002001 val_force=0.764
[12600/15000] train_force=0.001993 val_force=0.7601
[12700/15000] train_force=0.001987 val_force=0.7584
[12800/15000] train_force=0.001987 val_force=0.7581
[12900/15000] train_force=0.001986 val_force=0.7509
[13000/15000] train_force=0.001969 val_force=0.7514
[13100/15000] train_force=0.001964 val_force=0.7487
[13200/15000] train_force=0.001958 val_force=0.7459
[13300/15000] train_force=0.001954 val_force=0.7452
[13400/15000] train_force=0.001947 val_force=0.7412
[13500/15000] train_force=0.001942 val_force=0.7381
[13600/15000] train_force=0.001937 val_force=0.7355
[13700/15000] train_force=0.001932 val_force=0.7325
[13800/15000] train_force=0.001927 val_force=0.729
[13900/15000] train_force=0.001925 val_force=0.725
[14000/15000] train_force=0.001917 val_force=0.723
[14100/15000] train_force=0.001912 val_force=0.7194
[14200/15000] train_force=0.001921 val_force=0.7141
[14300/15000] train_force=0.001901 val_force=0.7128
[14400/15000] train_force=0.001896 val_force=0.7092
[14500/15000] train_force=0.00189 val_force=0.706
[14600/15000] train_force=0.001884 val_force=0.7024
[14700/15000] train_force=0.001881 val_force=0.6978
[14800/15000] train_force=0.001871 val_force=0.6961
[14900/15000] train_force=0.001865 val_force=0.6927
[15000/15000] train_force=0.001868 val_force=0.6876
Saved latent CSV: C:\Users\admin\deepxde\myproject\runs_pinn_drag\20260606-030856__latent_physics\latent_predictions.csv
Metrics: {'all': {'rmse': 0.07648251205682755, 'mae': 0.055007096379995346, 'r2': 0.9895008206367493}, 'train': {'rmse': 0.05496465414762497, 'mae': 0.041236698627471924, 'r2': 0.9928783178329468}, 'val': {'rmse': 0.1197286918759346, 'mae': 0.09631829708814621, 'r2': 0.9827454686164856}, 'synthetic': None, 'experimental_sample_count': 228, 'synthetic_sample_count': 0, 'mean_residual_ratio': 0.03952652078710104, 'best_epoch': 76, 'best_val_force': 0.05414411798119545}
Training complete.
