Run directory: /Users/zyp/Documents/GitHub/PINN-seagras/myproject/runs/pinn_drag/20260730-175849__latent_physics
Data file: myproject/data/pinn_training_data.mat
Synthetic data file: myproject/data/pinn_training_data_synth.mat
Excluding configs [4, 5, 6, 7]: keeping 152/228 experimental samples
E-interpolation augmentation: 380 samples at intermediate E (steps=10, weight=0.5)
Device: mps
Split: experimental random shuffle with val_ratio=0.250; synthetic samples stay in train only
Device: mps
Beam physics enabled: True  (λ_pde=0.05)
E-param embedding enabled: base Cd/shield/col_corr from smooth logE+θ (n=64). Encoder residual ON (f_physics.detach())

============================================================
Phase 1: Warm-start pre-training on 460 synthetic samples (200 epochs)
============================================================
  warmup[0001/200] force=0.07482 residual=0.005157
  warmup[0100/200] force=0.02493 residual=0.006203
  warmup[0200/200] force=0.02361 residual=0.006593
Phase 1 complete. Continuing to Phase 2 (fine-tuning on experimental data).

[0001/2000] train_force=0.04501 val_force=0.1623
[0100/2000] train_force=0.01613 val_force=0.04198
[0200/2000] train_force=0.01566 val_force=0.03668
[0300/2000] train_force=0.01532 val_force=0.03577
[0400/2000] train_force=0.01512 val_force=0.03485
[0500/2000] train_force=0.0149 val_force=0.03526
[0600/2000] train_force=0.01477 val_force=0.03522
[0700/2000] train_force=0.01444 val_force=0.03553
[0800/2000] train_force=0.0142 val_force=0.03556
[0900/2000] train_force=0.01399 val_force=0.03676
[1000/2000] train_force=0.01393 val_force=0.03728
[1100/2000] train_force=0.0139 val_force=0.03732
[1200/2000] train_force=0.01388 val_force=0.03716
[1300/2000] train_force=0.01388 val_force=0.03729
[1400/2000] train_force=0.01387 val_force=0.03737
[1500/2000] train_force=0.01386 val_force=0.03714
[1600/2000] train_force=0.01386 val_force=0.03716
[1700/2000] train_force=0.01385 val_force=0.03719
[1800/2000] train_force=0.01386 val_force=0.03714
[1900/2000] train_force=0.01385 val_force=0.03712
[2000/2000] train_force=0.01385 val_force=0.03716
Saved latent CSV: /Users/zyp/Documents/GitHub/PINN-seagras/myproject/runs/pinn_drag/20260730-175849__latent_physics/latent_predictions.csv
Metrics: {'all': {'rmse': 0.06953190267086029, 'mae': 0.04875968024134636, 'r2': 0.9924301505088806}, 'train': {'rmse': 0.06680458039045334, 'mae': 0.04457098990678787, 'r2': 0.9934325218200684}, 'val': {'rmse': 0.07713743299245834, 'mae': 0.06132575124502182, 'r2': 0.9879973530769348}, 'synthetic': {'rmse': 0.06910596042871475, 'mae': 0.04366849362850189, 'r2': 0.9920654892921448}, 'experimental_sample_count': 152, 'synthetic_sample_count': 460, 'mean_residual_ratio': 0.0704615269052355, 'best_epoch': 570, 'best_val_force': 0.034166935831308365}

Per-material breakdown (all 228 experimental samples):
  Group                              RMSE       R2      MAE     n
  ────────────────────────────── ──────── ──────── ──────── ─────
  hard  (PVC,     E=1.25e7)        0.0624   0.9959   0.0401    76
  med   (Rguijiao,E=3.55e6)        0.2360   0.8585   0.1521    76
  soft  (guijiao,E=4.80e5)         0.0760   0.9603   0.0574    76
  ────────────────────────────── ──────── ──────── ──────── ─────
  Weighted RMSE                    0.1476
  (Saved Rgui holdout comparison plots)
Training complete.
