Run directory: C:\Users\admin\deepxde\myproject\runs_pinn_drag\20260606-040611__latent_physics
Data file: pinn_training_data.mat
Synthetic data file: pinn_training_data_synth.mat
Device: cpu
Split: experimental random shuffle with val_ratio=0.250; synthetic samples stay in train only
[0001/15000] train_force=2.018 val_force=0.5809
[0100/15000] train_force=0.01984 val_force=0.02917
[0200/15000] train_force=0.02637 val_force=0.02757
[0300/15000] train_force=0.01552 val_force=0.0232
[0400/15000] train_force=0.01407 val_force=0.0249
[0500/15000] train_force=0.01416 val_force=0.02334
[0600/15000] train_force=0.01178 val_force=0.02346
[0700/15000] train_force=0.01098 val_force=0.02161
[0800/15000] train_force=0.01921 val_force=0.02051
[0900/15000] train_force=0.01066 val_force=0.02083
[1000/15000] train_force=0.007609 val_force=0.01954
[1100/15000] train_force=0.007708 val_force=0.01929
[1200/15000] train_force=0.005629 val_force=0.01768
[1300/15000] train_force=0.007693 val_force=0.0182
[1400/15000] train_force=0.005081 val_force=0.01797
[1500/15000] train_force=0.00543 val_force=0.01819
[1600/15000] train_force=0.004031 val_force=0.0184
[1700/15000] train_force=0.003988 val_force=0.01813
[1800/15000] train_force=0.004798 val_force=0.01823
[1900/15000] train_force=0.0064 val_force=0.018
[2000/15000] train_force=0.004537 val_force=0.01813
[2100/15000] train_force=0.004979 val_force=0.01815
[2200/15000] train_force=0.005411 val_force=0.01831
[2300/15000] train_force=0.006437 val_force=0.01811
[2400/15000] train_force=0.005524 val_force=0.0183
[2500/15000] train_force=0.004495 val_force=0.01815
[2600/15000] train_force=0.004782 val_force=0.01798
[2700/15000] train_force=0.005242 val_force=0.01803
[2800/15000] train_force=0.004878 val_force=0.01826
[2900/15000] train_force=0.005378 val_force=0.01786
[3000/15000] train_force=0.003384 val_force=0.01843
[3100/15000] train_force=0.006204 val_force=0.01802
[3200/15000] train_force=0.005132 val_force=0.01795
[3300/15000] train_force=0.004577 val_force=0.0182
[3400/15000] train_force=0.003434 val_force=0.01822
[3500/15000] train_force=0.005732 val_force=0.01845
[3600/15000] train_force=0.003843 val_force=0.01824
[3700/15000] train_force=0.00387 val_force=0.01801
[3800/15000] train_force=0.005287 val_force=0.01883
[3900/15000] train_force=0.004339 val_force=0.01865
[4000/15000] train_force=0.004646 val_force=0.01865
[4100/15000] train_force=0.005275 val_force=0.0188
[4200/15000] train_force=0.004239 val_force=0.01856
[4300/15000] train_force=0.004297 val_force=0.01872
[4400/15000] train_force=0.00622 val_force=0.01886
[4500/15000] train_force=0.003704 val_force=0.01905
[4600/15000] train_force=0.003813 val_force=0.01916
[4700/15000] train_force=0.004756 val_force=0.01904
[4800/15000] train_force=0.00451 val_force=0.01951
[4900/15000] train_force=0.004528 val_force=0.01966
[5000/15000] train_force=0.003564 val_force=0.01998
[5100/15000] train_force=0.004123 val_force=0.01969
[5200/15000] train_force=0.00392 val_force=0.01946
[5300/15000] train_force=0.004552 val_force=0.01963
[5400/15000] train_force=0.002926 val_force=0.01994
[5500/15000] train_force=0.00336 val_force=0.01971
[5600/15000] train_force=0.004237 val_force=0.02013
[5700/15000] train_force=0.002856 val_force=0.02049
[5800/15000] train_force=0.004402 val_force=0.0203
[5900/15000] train_force=0.003915 val_force=0.01995
[6000/15000] train_force=0.003059 val_force=0.02044
[6100/15000] train_force=0.004923 val_force=0.02061
[6200/15000] train_force=0.003043 val_force=0.02016
[6300/15000] train_force=0.00315 val_force=0.02042
[6400/15000] train_force=0.002803 val_force=0.02009
[6500/15000] train_force=0.003066 val_force=0.02034
[6600/15000] train_force=0.003636 val_force=0.02028
[6700/15000] train_force=0.003737 val_force=0.02024
[6800/15000] train_force=0.003735 val_force=0.01992
[6900/15000] train_force=0.002962 val_force=0.0203
[7000/15000] train_force=0.003692 val_force=0.02086
[7100/15000] train_force=0.003884 val_force=0.02059
[7200/15000] train_force=0.004098 val_force=0.02129
[7300/15000] train_force=0.003408 val_force=0.02054
[7400/15000] train_force=0.002301 val_force=0.02046
[7500/15000] train_force=0.003921 val_force=0.02035
[7600/15000] train_force=0.00335 val_force=0.0207
[7700/15000] train_force=0.002797 val_force=0.02013
[7800/15000] train_force=0.003362 val_force=0.02051
[7900/15000] train_force=0.004008 val_force=0.02081
[8000/15000] train_force=0.00294 val_force=0.02057
[8100/15000] train_force=0.002814 val_force=0.02067
[8200/15000] train_force=0.004149 val_force=0.02139
[8300/15000] train_force=0.003373 val_force=0.02056
[8400/15000] train_force=0.002445 val_force=0.02074
[8500/15000] train_force=0.003496 val_force=0.02033
[8600/15000] train_force=0.003471 val_force=0.0207
[8700/15000] train_force=0.003336 val_force=0.02022
[8800/15000] train_force=0.00374 val_force=0.02018
[8900/15000] train_force=0.004022 val_force=0.02057
[9000/15000] train_force=0.002647 val_force=0.02061
[9100/15000] train_force=0.004214 val_force=0.02079
[9200/15000] train_force=0.003255 val_force=0.02075
[9300/15000] train_force=0.002914 val_force=0.02049
[9400/15000] train_force=0.003105 val_force=0.02036
[9500/15000] train_force=0.003385 val_force=0.02049
[9600/15000] train_force=0.003087 val_force=0.02036
[9700/15000] train_force=0.002795 val_force=0.02063
[9800/15000] train_force=0.002638 val_force=0.02058
[9900/15000] train_force=0.002424 val_force=0.02065
[10000/15000] train_force=0.004019 val_force=0.02097
[10100/15000] train_force=0.003221 val_force=0.02078
[10200/15000] train_force=0.004134 val_force=0.02056
[10300/15000] train_force=0.002912 val_force=0.02066
[10400/15000] train_force=0.00232 val_force=0.02027
[10500/15000] train_force=0.003398 val_force=0.02046
[10600/15000] train_force=0.003007 val_force=0.02013
[10700/15000] train_force=0.003326 val_force=0.02108
[10800/15000] train_force=0.002388 val_force=0.02067
[10900/15000] train_force=0.002029 val_force=0.02064
[11000/15000] train_force=0.002078 val_force=0.02072
[11100/15000] train_force=0.002878 val_force=0.02026
[11200/15000] train_force=0.004798 val_force=0.02054
[11300/15000] train_force=0.003697 val_force=0.02071
[11400/15000] train_force=0.00342 val_force=0.02065
[11500/15000] train_force=0.003014 val_force=0.0213
[11600/15000] train_force=0.003656 val_force=0.02049
[11700/15000] train_force=0.00346 val_force=0.02051
[11800/15000] train_force=0.003301 val_force=0.02082
[11900/15000] train_force=0.002713 val_force=0.02042
[12000/15000] train_force=0.003191 val_force=0.02136
[12100/15000] train_force=0.002375 val_force=0.0207
[12200/15000] train_force=0.002788 val_force=0.02056
[12300/15000] train_force=0.002385 val_force=0.02046
[12400/15000] train_force=0.002793 val_force=0.02112
[12500/15000] train_force=0.002495 val_force=0.02076
[12600/15000] train_force=0.002977 val_force=0.02038
[12700/15000] train_force=0.002495 val_force=0.02088
[12800/15000] train_force=0.003482 val_force=0.02086
[12900/15000] train_force=0.002097 val_force=0.0206
[13000/15000] train_force=0.002665 val_force=0.02088
[13100/15000] train_force=0.002356 val_force=0.02064
[13200/15000] train_force=0.002817 val_force=0.02105
[13300/15000] train_force=0.002141 val_force=0.021
[13400/15000] train_force=0.002458 val_force=0.02055
[13500/15000] train_force=0.002136 val_force=0.02081
[13600/15000] train_force=0.002373 val_force=0.02145
[13700/15000] train_force=0.002838 val_force=0.02149
[13800/15000] train_force=0.002451 val_force=0.02083
[13900/15000] train_force=0.003351 val_force=0.02096
[14000/15000] train_force=0.003529 val_force=0.02068
[14100/15000] train_force=0.002374 val_force=0.02107
[14200/15000] train_force=0.002764 val_force=0.02081
[14300/15000] train_force=0.002071 val_force=0.02131
[14400/15000] train_force=0.002448 val_force=0.02136
[14500/15000] train_force=0.0027 val_force=0.02107
[14600/15000] train_force=0.002643 val_force=0.02099
[14700/15000] train_force=0.004347 val_force=0.02116
[14800/15000] train_force=0.00424 val_force=0.02111
[14900/15000] train_force=0.002595 val_force=0.02148
[15000/15000] train_force=0.002139 val_force=0.02124
Saved latent CSV: C:\Users\admin\deepxde\myproject\runs_pinn_drag\20260606-040611__latent_physics\latent_predictions.csv
Metrics: {'all': {'rmse': 0.052810635417699814, 'mae': 0.038453470915555954, 'r2': 0.9949941635131836}, 'train': {'rmse': 0.04865587502717972, 'mae': 0.035153020173311234, 'r2': 0.9960584044456482}, 'val': {'rmse': 0.06366842985153198, 'mae': 0.048354823142290115, 'r2': 0.9905003905296326}, 'synthetic': {'rmse': 0.07257601618766785, 'mae': 0.04959668591618538, 'r2': 0.9915367364883423}, 'experimental_sample_count': 228, 'synthetic_sample_count': 80, 'mean_residual_ratio': 0.08242657878681232, 'best_epoch': 1039, 'best_val_force': 0.016101641580462456}
Training complete.
