Run directory: /Users/zyp/Documents/GitHub/PINN-seagras/myproject/runs/pinn_drag/20260730-182624__latent_physics
Data file: myproject/data/pinn_training_data.mat
Synthetic data file: myproject/data/pinn_training_data_synth.mat
Leak-holdout (top-1 highest velocities): keeping 4 samples of excluded configs (velocities=[18]) IN training set
Excluding configs [4, 5, 6, 7]: keeping 156/228 experimental samples
Device: mps
Split: experimental random shuffle with val_ratio=0.250; synthetic samples stay in train only
Device: mps
Beam physics enabled: True  (λ_pde=0.05)
E-param embedding enabled: base Cd/shield/col_corr from smooth logE+θ (n=64). Encoder residual ON (f_physics.detach())
[0001/2000] train_force=0.2681 val_force=0.2892
[0100/2000] train_force=0.02532 val_force=0.04312
[0200/2000] train_force=0.02321 val_force=0.04184
[0300/2000] train_force=0.02257 val_force=0.04093
[0400/2000] train_force=0.02241 val_force=0.04117
[0500/2000] train_force=0.02201 val_force=0.0407
[0600/2000] train_force=0.0218 val_force=0.04095
[0700/2000] train_force=0.02159 val_force=0.04087
[0800/2000] train_force=0.02149 val_force=0.04093
[0900/2000] train_force=0.02142 val_force=0.04095
[1000/2000] train_force=0.02138 val_force=0.04096
[1100/2000] train_force=0.02135 val_force=0.04099
[1200/2000] train_force=0.02134 val_force=0.04103
[1300/2000] train_force=0.02132 val_force=0.041
[1400/2000] train_force=0.02131 val_force=0.04103
[1500/2000] train_force=0.0213 val_force=0.04103
[1600/2000] train_force=0.0213 val_force=0.04106
[1700/2000] train_force=0.02128 val_force=0.04102
[1800/2000] train_force=0.02127 val_force=0.041
[1900/2000] train_force=0.02126 val_force=0.041
[2000/2000] train_force=0.02125 val_force=0.04102
Saved latent CSV: /Users/zyp/Documents/GitHub/PINN-seagras/myproject/runs/pinn_drag/20260730-182624__latent_physics/latent_predictions.csv
Metrics: {'all': {'rmse': 0.08917417377233505, 'mae': 0.06326823681592941, 'r2': 0.9877294898033142}, 'train': {'rmse': 0.08972465246915817, 'mae': 0.06305892765522003, 'r2': 0.9880906939506531}, 'val': {'rmse': 0.08750192821025848, 'mae': 0.06389615684747696, 'r2': 0.9860222935676575}, 'synthetic': {'rmse': 0.14464934170246124, 'mae': 0.09807813167572021, 'r2': 0.9663810729980469}, 'experimental_sample_count': 156, 'synthetic_sample_count': 80, 'mean_residual_ratio': 0.09825928234740307, 'best_epoch': 457, 'best_val_force': 0.040398117154836655}

Per-material breakdown (all 228 experimental samples):
  Group                              RMSE       R2      MAE     n
  ────────────────────────────── ──────── ──────── ──────── ─────
  hard  (PVC,     E=1.25e7)        0.0747   0.9942   0.0573    76
  med   (Rguijiao,E=3.55e6)        0.1357   0.9532   0.0999    76
  soft  (guijiao,E=4.80e5)         0.0760   0.9602   0.0567    76
  ────────────────────────────── ──────── ──────── ──────── ─────
  Weighted RMSE                    0.0996
  (Saved Rgui holdout comparison plots)
Training complete.
