Run directory: /Users/zyp/Documents/GitHub/PINN-seagras/myproject/runs/pinn_drag/20260721-203004__iterative_self_training
Experimental data: /Users/zyp/Documents/GitHub/PINN-seagras/myproject/data/pinn_training_data.mat
Device: cpu
Fixed split: experimental train=171, experimental validation=57
cycle=00 epoch=0001/4000 train_force=0.77976 val_force=0.24047
cycle=00 epoch=0400/4000 train_force=0.0085273 val_force=0.042549
cycle=00 epoch=0800/4000 train_force=0.0055567 val_force=0.040182
cycle=00 epoch=1200/4000 train_force=0.0051932 val_force=0.03944
cycle=00 epoch=1600/4000 train_force=0.0050192 val_force=0.038278
cycle=00 epoch=2000/4000 train_force=0.0049083 val_force=0.037877
cycle=00 epoch=2400/4000 train_force=0.0047541 val_force=0.037077
cycle=00 epoch=2800/4000 train_force=0.0046208 val_force=0.037408
cycle=00 epoch=3200/4000 train_force=0.0045496 val_force=0.037083
cycle=00 epoch=3600/4000 train_force=0.0044317 val_force=0.037186
cycle=00 epoch=4000/4000 train_force=0.0043663 val_force=0.036302
Saved latent CSV: /Users/zyp/Documents/GitHub/PINN-seagras/myproject/runs/pinn_drag/20260721-203004__iterative_self_training/cycle_00_pretrain/latent_predictions.csv

Starting post-training cycle 1/8
Candidates: pool=320, filter_pass=320, selected=80
cycle=01 epoch=0001/2000 train_force=0.16025 val_force=0.068782
cycle=01 epoch=0200/2000 train_force=0.0055693 val_force=0.053483
cycle=01 epoch=0400/2000 train_force=0.0041749 val_force=0.061567
cycle=01 epoch=0600/2000 train_force=0.0037735 val_force=0.061728
cycle=01 epoch=0800/2000 train_force=0.0036131 val_force=0.060096
cycle=01 epoch=1000/2000 train_force=0.0035428 val_force=0.058798
cycle=01 epoch=1200/2000 train_force=0.0034966 val_force=0.057619
cycle=01 epoch=1400/2000 train_force=0.0034522 val_force=0.056385
cycle=01 epoch=1600/2000 train_force=0.0034041 val_force=0.055233
cycle=01 epoch=1800/2000 train_force=0.0033597 val_force=0.054188
cycle=01 epoch=2000/2000 train_force=0.003315 val_force=0.053134
Saved latent CSV: /Users/zyp/Documents/GitHub/PINN-seagras/myproject/runs/pinn_drag/20260721-203004__iterative_self_training/cycle_01_posttrain/latent_predictions.csv
Cycle 1 rolled back: validation RMSE=0.0655984 > allowed 0.064836

Starting post-training cycle 2/8
Candidates: pool=320, filter_pass=320, selected=80
cycle=02 epoch=0001/2000 train_force=0.17226 val_force=0.069444
cycle=02 epoch=0200/2000 train_force=0.0057285 val_force=0.044348
cycle=02 epoch=0400/2000 train_force=0.0039012 val_force=0.051479
cycle=02 epoch=0600/2000 train_force=0.0035996 val_force=0.051612
cycle=02 epoch=0800/2000 train_force=0.0034763 val_force=0.049719
cycle=02 epoch=1000/2000 train_force=0.0034318 val_force=0.049075
cycle=02 epoch=1200/2000 train_force=0.0033969 val_force=0.048434
cycle=02 epoch=1400/2000 train_force=0.0033661 val_force=0.047933
cycle=02 epoch=1600/2000 train_force=0.0033569 val_force=0.047196
cycle=02 epoch=1800/2000 train_force=0.0033014 val_force=0.04674
cycle=02 epoch=2000/2000 train_force=0.0032728 val_force=0.046151
Saved latent CSV: /Users/zyp/Documents/GitHub/PINN-seagras/myproject/runs/pinn_drag/20260721-203004__iterative_self_training/cycle_02_posttrain/latent_predictions.csv
Cycle 2 rolled back: validation RMSE=0.0660527 > allowed 0.064836

Starting post-training cycle 3/8
Candidates: pool=320, filter_pass=320, selected=80
cycle=03 epoch=0001/2000 train_force=0.17375 val_force=0.058847
cycle=03 epoch=0200/2000 train_force=0.0058996 val_force=0.051454
cycle=03 epoch=0400/2000 train_force=0.0040328 val_force=0.054772
cycle=03 epoch=0600/2000 train_force=0.0036523 val_force=0.053276
cycle=03 epoch=0800/2000 train_force=0.0035488 val_force=0.05173
cycle=03 epoch=1000/2000 train_force=0.0035194 val_force=0.050855
cycle=03 epoch=1200/2000 train_force=0.003487 val_force=0.050122
cycle=03 epoch=1400/2000 train_force=0.0034659 val_force=0.04947
cycle=03 epoch=1600/2000 train_force=0.0034154 val_force=0.048585
cycle=03 epoch=1800/2000 train_force=0.0033832 val_force=0.048
cycle=03 epoch=2000/2000 train_force=0.0033343 val_force=0.047383
Saved latent CSV: /Users/zyp/Documents/GitHub/PINN-seagras/myproject/runs/pinn_drag/20260721-203004__iterative_self_training/cycle_03_posttrain/latent_predictions.csv
Cycle 3 rolled back: validation RMSE=0.0661971 > allowed 0.064836

Starting post-training cycle 4/8
Candidates: pool=320, filter_pass=320, selected=80
cycle=04 epoch=0001/2000 train_force=0.19463 val_force=0.062472
cycle=04 epoch=0200/2000 train_force=0.0063135 val_force=0.051128
cycle=04 epoch=0400/2000 train_force=0.0039397 val_force=0.052778
cycle=04 epoch=0600/2000 train_force=0.0036295 val_force=0.053252
cycle=04 epoch=0800/2000 train_force=0.0035385 val_force=0.050966
cycle=04 epoch=1000/2000 train_force=0.0034796 val_force=0.050403
cycle=04 epoch=1200/2000 train_force=0.0034619 val_force=0.049804
cycle=04 epoch=1400/2000 train_force=0.0034371 val_force=0.049306
cycle=04 epoch=1600/2000 train_force=0.0034267 val_force=0.048674
cycle=04 epoch=1800/2000 train_force=0.0034024 val_force=0.048019
cycle=04 epoch=2000/2000 train_force=0.0033719 val_force=0.047415
Saved latent CSV: /Users/zyp/Documents/GitHub/PINN-seagras/myproject/runs/pinn_drag/20260721-203004__iterative_self_training/cycle_04_posttrain/latent_predictions.csv
Cycle 4 rolled back: validation RMSE=0.0663746 > allowed 0.064836

Starting post-training cycle 5/8
Candidates: pool=320, filter_pass=320, selected=80
cycle=05 epoch=0001/2000 train_force=0.1518 val_force=0.064992
cycle=05 epoch=0200/2000 train_force=0.0055421 val_force=0.056092
cycle=05 epoch=0400/2000 train_force=0.0040694 val_force=0.054821
cycle=05 epoch=0600/2000 train_force=0.0035297 val_force=0.051286
cycle=05 epoch=0800/2000 train_force=0.0033909 val_force=0.049191
cycle=05 epoch=1000/2000 train_force=0.0033521 val_force=0.048139
cycle=05 epoch=1200/2000 train_force=0.0033272 val_force=0.04742
cycle=05 epoch=1400/2000 train_force=0.0033125 val_force=0.046536
cycle=05 epoch=1600/2000 train_force=0.0032757 val_force=0.045742
cycle=05 epoch=1800/2000 train_force=0.0032531 val_force=0.044996
cycle=05 epoch=2000/2000 train_force=0.0032263 val_force=0.044288
Saved latent CSV: /Users/zyp/Documents/GitHub/PINN-seagras/myproject/runs/pinn_drag/20260721-203004__iterative_self_training/cycle_05_posttrain/latent_predictions.csv
Cycle 5 accepted: validation RMSE=0.0638053

Starting post-training cycle 6/8
Candidates: pool=320, filter_pass=320, selected=80
cycle=06 epoch=0001/2000 train_force=0.026316 val_force=0.063235
cycle=06 epoch=0200/2000 train_force=0.0043296 val_force=0.052313
cycle=06 epoch=0400/2000 train_force=0.0032205 val_force=0.05907
cycle=06 epoch=0600/2000 train_force=0.0028491 val_force=0.055535
cycle=06 epoch=0800/2000 train_force=0.0027103 val_force=0.054517
cycle=06 epoch=1000/2000 train_force=0.0026685 val_force=0.053186
cycle=06 epoch=1200/2000 train_force=0.0026383 val_force=0.053109
cycle=06 epoch=1400/2000 train_force=0.0026117 val_force=0.051767
cycle=06 epoch=1600/2000 train_force=0.0025736 val_force=0.050952
cycle=06 epoch=1800/2000 train_force=0.0025426 val_force=0.049808
cycle=06 epoch=2000/2000 train_force=0.0025216 val_force=0.049266
Saved latent CSV: /Users/zyp/Documents/GitHub/PINN-seagras/myproject/runs/pinn_drag/20260721-203004__iterative_self_training/cycle_06_posttrain/latent_predictions.csv
Cycle 6 rolled back: validation RMSE=0.0665174 > allowed 0.064836

Starting post-training cycle 7/8
Candidates: pool=320, filter_pass=320, selected=80
cycle=07 epoch=0001/2000 train_force=0.030149 val_force=0.055361
cycle=07 epoch=0200/2000 train_force=0.0042077 val_force=0.058438
cycle=07 epoch=0400/2000 train_force=0.0033861 val_force=0.052462
cycle=07 epoch=0600/2000 train_force=0.0026973 val_force=0.049673
cycle=07 epoch=0800/2000 train_force=0.002554 val_force=0.047588
cycle=07 epoch=1000/2000 train_force=0.0025075 val_force=0.046942
cycle=07 epoch=1200/2000 train_force=0.0024619 val_force=0.04681
cycle=07 epoch=1400/2000 train_force=0.0024266 val_force=0.045925
cycle=07 epoch=1600/2000 train_force=0.0023996 val_force=0.045505
cycle=07 epoch=1800/2000 train_force=0.0023627 val_force=0.045097
cycle=07 epoch=2000/2000 train_force=0.0023405 val_force=0.044867
Saved latent CSV: /Users/zyp/Documents/GitHub/PINN-seagras/myproject/runs/pinn_drag/20260721-203004__iterative_self_training/cycle_07_posttrain/latent_predictions.csv
Cycle 7 rolled back: validation RMSE=0.0675182 > allowed 0.064836

Starting post-training cycle 8/8
Candidates: pool=320, filter_pass=320, selected=80
cycle=08 epoch=0001/2000 train_force=0.03145 val_force=0.065411
cycle=08 epoch=0200/2000 train_force=0.0042066 val_force=0.059942
cycle=08 epoch=0400/2000 train_force=0.0031453 val_force=0.059639
cycle=08 epoch=0600/2000 train_force=0.0028107 val_force=0.053456
cycle=08 epoch=0800/2000 train_force=0.0026446 val_force=0.052285
cycle=08 epoch=1000/2000 train_force=0.0025985 val_force=0.051207
cycle=08 epoch=1200/2000 train_force=0.002565 val_force=0.05018
cycle=08 epoch=1400/2000 train_force=0.0025299 val_force=0.049612
cycle=08 epoch=1600/2000 train_force=0.002503 val_force=0.047757
cycle=08 epoch=1800/2000 train_force=0.0024671 val_force=0.047109
cycle=08 epoch=2000/2000 train_force=0.0024301 val_force=0.046132
Saved latent CSV: /Users/zyp/Documents/GitHub/PINN-seagras/myproject/runs/pinn_drag/20260721-203004__iterative_self_training/cycle_08_posttrain/latent_predictions.csv
Cycle 8 rolled back: validation RMSE=0.0671153 > allowed 0.064836

Best fixed-validation RMSE: 0.0635647
Final model: /Users/zyp/Documents/GitHub/PINN-seagras/myproject/runs/pinn_drag/20260721-203004__iterative_self_training/final_model.pt
