Run directory: /Users/zyp/Documents/GitHub/PINN-seagras/myproject/runs/pinn_drag/20260722-190510_1__latent_physics
Data file: /Users/zyp/Documents/GitHub/PINN-seagras/myproject/data/pinn_training_data.mat
Synthetic data file: data/pinn_training_data_synth.mat
Velocity holdout indices [16, 17, 18]: keeping 192/228 experimental samples (hold out 36 high-velocity points for extrapolation test)
Device: cpu
Split: experimental random shuffle with val_ratio=0.150; synthetic samples stay in train only
Beam physics enabled: True  (λ_pde=0.05)
[0001/500] train_force=0.5108 val_force=0.7727
[0100/500] train_force=0.05923 val_force=0.0617
[0200/500] train_force=0.06221 val_force=0.07032
[0300/500] train_force=0.05644 val_force=0.05768
[0400/500] train_force=0.05512 val_force=0.05513
[0500/500] train_force=0.05378 val_force=0.05644
Saved latent CSV: /Users/zyp/Documents/GitHub/PINN-seagras/myproject/runs/pinn_drag/20260722-190510_1__latent_physics/latent_predictions.csv
Metrics: {'all': {'rmse': 0.13457125425338745, 'mae': 0.0789746567606926, 'r2': 0.9429925084114075}, 'train': {'rmse': 0.13749314844608307, 'mae': 0.08025876432657242, 'r2': 0.9434940814971924}, 'val': {'rmse': 0.11679591983556747, 'mae': 0.07175706326961517, 'r2': 0.9364510178565979}, 'synthetic': {'rmse': 0.24103869497776031, 'mae': 0.12187770754098892, 'r2': 0.9066478610038757}, 'experimental_sample_count': 192, 'synthetic_sample_count': 80, 'mean_residual_ratio': 0.02997698576655239, 'best_epoch': 479, 'best_val_force': 0.05453982204198837}

Per-material breakdown (all 228 experimental samples):
  Group                              RMSE       R2      MAE     n
  ────────────────────────────── ──────── ──────── ──────── ─────
  hard  (PVC,     E=1.25e7)        0.2660   0.9260   0.1561    76
  med   (Rguijiao,E=3.55e6)        0.1497   0.9431   0.0912    76
  soft  (guijiao,E=4.80e5)         0.0629   0.9728   0.0463    76
  ────────────────────────────── ──────── ──────── ──────── ─────
  Weighted RMSE                    0.1799
Training complete.
