Run directory: /Users/zyp/Documents/GitHub/PINN-seagras/myproject/runs/pinn_drag/20260727-181653__latent_physics
Data file: data/pinn_training_data.mat
Synthetic data file: data/pinn_training_data_synth.mat
Excluding configs [4, 5, 6, 7]: keeping 152/228 experimental samples
Device: cpu
Split: experimental random shuffle with val_ratio=0.150; synthetic samples stay in train only
Device: cpu
Beam physics enabled: False  (λ_pde=0.05)
[0001/1500] train_force=nan val_force=nan
[0100/1500] train_force=nan val_force=nan
[0200/1500] train_force=nan val_force=nan
[0300/1500] train_force=nan val_force=nan
[0400/1500] train_force=nan val_force=nan
[0500/1500] train_force=nan val_force=nan
[0600/1500] train_force=nan val_force=nan
[0700/1500] train_force=nan val_force=nan
[0800/1500] train_force=nan val_force=nan
[0900/1500] train_force=nan val_force=nan
[1000/1500] train_force=nan val_force=nan
[1100/1500] train_force=nan val_force=nan
[1200/1500] train_force=nan val_force=nan
[1300/1500] train_force=nan val_force=nan
[1400/1500] train_force=nan val_force=nan
[1500/1500] train_force=nan val_force=nan
Saved latent CSV: /Users/zyp/Documents/GitHub/PINN-seagras/myproject/runs/pinn_drag/20260727-181653__latent_physics/latent_predictions.csv
