Run directory: /Users/zyp/Documents/GitHub/PINN-seagras/myproject/runs/pinn_drag/20260727-202233__latent_physics
Data file: /Users/zyp/Documents/GitHub/PINN-seagras/myproject/data/pinn_training_data.mat
Synthetic data file: myproject/data/pinn_training_data_synth.mat
Excluding configs [4, 5, 6, 7]: keeping 152/228 experimental samples
Device: cpu
Split: experimental random shuffle with val_ratio=0.250; synthetic samples stay in train only
Device: cpu
Beam physics enabled: True  (λ_pde=0.05)
E-param embedding enabled: base Cd/shield/col_corr from smooth logE (n=32)
[0001/600] train_force=0.2465 val_force=0.6157
[0100/600] train_force=0.03434 val_force=0.0567
[0200/600] train_force=0.03034 val_force=0.05968
[0300/600] train_force=0.02951 val_force=0.05859
[0400/600] train_force=0.02915 val_force=0.05836
[0500/600] train_force=0.029 val_force=0.05777
[0600/600] train_force=0.02891 val_force=0.05777
Saved latent CSV: /Users/zyp/Documents/GitHub/PINN-seagras/myproject/runs/pinn_drag/20260727-202233__latent_physics/latent_predictions.csv
Metrics: {'all': {'rmse': 0.10968966037034988, 'mae': 0.07880598306655884, 'r2': 0.98116135597229}, 'train': {'rmse': 0.1052607074379921, 'mae': 0.0733129009604454, 'r2': 0.9836950302124023}, 'val': {'rmse': 0.12201572954654694, 'mae': 0.09528522938489914, 'r2': 0.969968318939209}, 'synthetic': {'rmse': 0.2051638513803482, 'mae': 0.14774498343467712, 'r2': 0.9323679804801941}, 'experimental_sample_count': 152, 'synthetic_sample_count': 80, 'mean_residual_ratio': 0.0, 'best_epoch': 101, 'best_val_force': 0.05669793114066124}

Per-material breakdown (all 228 experimental samples):
  Group                              RMSE       R2      MAE     n
  ────────────────────────────── ──────── ──────── ──────── ─────
  hard  (PVC,     E=1.25e7)        0.0765   0.9939   0.0605    76
  med   (Rguijiao,E=3.55e6)        0.2376   0.8565   0.1626    76
  soft  (guijiao,E=4.80e5)         0.1349   0.8748   0.0971    76
  ────────────────────────────── ──────── ──────── ──────── ─────
  Weighted RMSE                    0.1639
Training complete.
