Run directory: C:\Users\admin\deepxde\myproject\runs_pinn_drag\20260606-011628__latent_physics
Data file: C:\Users\admin\deepxde\myproject\pinn_training_data.mat
[0001/30000] train_force=0.8134 val_force=1.072
[0100/30000] train_force=0.008565 val_force=0.05678
[0200/30000] train_force=0.007239 val_force=0.07635
[0300/30000] train_force=0.005774 val_force=0.1186
[0400/30000] train_force=0.004987 val_force=0.1121
[0500/30000] train_force=0.00439 val_force=0.12
[0600/30000] train_force=0.004803 val_force=0.1205
[0700/30000] train_force=0.002981 val_force=0.1134
[0800/30000] train_force=0.003448 val_force=0.1153
[0900/30000] train_force=0.002998 val_force=0.07019
[1000/30000] train_force=0.002825 val_force=0.09348
[1100/30000] train_force=0.002967 val_force=0.06746
[1200/30000] train_force=0.007181 val_force=0.06892
[1300/30000] train_force=0.001912 val_force=0.06822
[1400/30000] train_force=0.001358 val_force=0.09407
[1500/30000] train_force=0.001313 val_force=0.1022
[1600/30000] train_force=0.00078 val_force=0.1365
[1700/30000] train_force=0.0006419 val_force=0.08304
[1800/30000] train_force=0.0004608 val_force=0.07858
[1900/30000] train_force=0.0005699 val_force=0.09007
[2000/30000] train_force=0.0005016 val_force=0.07587
[2100/30000] train_force=0.0003053 val_force=0.07983
[2200/30000] train_force=0.001596 val_force=0.09476
[2300/30000] train_force=0.0008127 val_force=0.1079
[2400/30000] train_force=0.002629 val_force=0.1091
[2500/30000] train_force=0.0007286 val_force=0.08107
[2600/30000] train_force=0.0005441 val_force=0.07877
[2700/30000] train_force=0.001642 val_force=0.0691
[2800/30000] train_force=0.0005665 val_force=0.07837
[2900/30000] train_force=0.0002511 val_force=0.08821
[3000/30000] train_force=0.0002163 val_force=0.08382
[3100/30000] train_force=0.000458 val_force=0.09332
[3200/30000] train_force=0.0003167 val_force=0.07434
[3300/30000] train_force=0.00599 val_force=0.07454
[3400/30000] train_force=0.0002011 val_force=0.06526
[3500/30000] train_force=0.0002531 val_force=0.06859
[3600/30000] train_force=0.000345 val_force=0.07031
[3700/30000] train_force=0.0004193 val_force=0.06143
[3800/30000] train_force=0.0005585 val_force=0.06202
[3900/30000] train_force=0.0002195 val_force=0.06259
[4000/30000] train_force=0.0002566 val_force=0.06871
[4100/30000] train_force=0.008184 val_force=0.06678
[4200/30000] train_force=0.0002294 val_force=0.07029
[4300/30000] train_force=0.000257 val_force=0.07693
[4400/30000] train_force=0.00033 val_force=0.08469
[4500/30000] train_force=0.0001716 val_force=0.08653
[4600/30000] train_force=0.0003233 val_force=0.09302
[4700/30000] train_force=0.0003954 val_force=0.07311
[4800/30000] train_force=0.0003504 val_force=0.07251
[4900/30000] train_force=0.0002294 val_force=0.07535
[5000/30000] train_force=0.0002518 val_force=0.0759
[5100/30000] train_force=0.0001701 val_force=0.07938
[5200/30000] train_force=0.003405 val_force=0.1086
[5300/30000] train_force=0.0002373 val_force=0.08073
[5400/30000] train_force=0.0001683 val_force=0.08768
[5500/30000] train_force=0.0001717 val_force=0.08748
[5600/30000] train_force=0.0002946 val_force=0.08841
[5700/30000] train_force=0.0001806 val_force=0.08797
[5800/30000] train_force=0.0001772 val_force=0.07862
[5900/30000] train_force=0.0001606 val_force=0.07941
[6000/30000] train_force=0.0004212 val_force=0.08764
[6100/30000] train_force=0.0002033 val_force=0.08628
[6200/30000] train_force=0.0002862 val_force=0.0813
[6300/30000] train_force=0.0001802 val_force=0.08694
[6400/30000] train_force=0.008991 val_force=0.07043
[6500/30000] train_force=0.0004146 val_force=0.1182
[6600/30000] train_force=0.0001849 val_force=0.1238
[6700/30000] train_force=0.0001939 val_force=0.1311
[6800/30000] train_force=0.0002731 val_force=0.1376
[6900/30000] train_force=0.0002407 val_force=0.1438
[7000/30000] train_force=0.0002148 val_force=0.1367
[7100/30000] train_force=0.000174 val_force=0.1426
[7200/30000] train_force=0.0002661 val_force=0.142
[7300/30000] train_force=0.0002229 val_force=0.1643
[7400/30000] train_force=0.000218 val_force=0.1617
[7500/30000] train_force=0.0001918 val_force=0.1596
[7600/30000] train_force=0.0001728 val_force=0.1423
[7700/30000] train_force=0.0001604 val_force=0.1436
[7800/30000] train_force=0.0002462 val_force=0.145
[7900/30000] train_force=0.0001775 val_force=0.1073
[8000/30000] train_force=0.0001597 val_force=0.1117
[8100/30000] train_force=0.0002201 val_force=0.1121
[8200/30000] train_force=0.0002566 val_force=0.1105
[8300/30000] train_force=0.0001725 val_force=0.1147
[8400/30000] train_force=0.0001575 val_force=0.1115
[8500/30000] train_force=0.000243 val_force=0.1121
[8600/30000] train_force=0.0002356 val_force=0.08399
[8700/30000] train_force=0.0001494 val_force=0.08443
[8800/30000] train_force=0.0001821 val_force=0.08511
[8900/30000] train_force=0.0002256 val_force=0.08727
[9000/30000] train_force=0.000251 val_force=0.08454
[9100/30000] train_force=0.0002663 val_force=0.09083
[9200/30000] train_force=0.0001657 val_force=0.08539
[9300/30000] train_force=0.000255 val_force=0.08794
[9400/30000] train_force=0.0003339 val_force=0.07482
[9500/30000] train_force=0.0001589 val_force=0.08102
[9600/30000] train_force=0.0001611 val_force=0.08217
[9700/30000] train_force=0.0002611 val_force=0.07872
[9800/30000] train_force=0.000157 val_force=0.08052
[9900/30000] train_force=0.0002838 val_force=0.07521
[10000/30000] train_force=0.000414 val_force=0.07083
[10100/30000] train_force=0.000152 val_force=0.07662
[10200/30000] train_force=0.0001497 val_force=0.07634
[10300/30000] train_force=0.0002682 val_force=0.07176
[10400/30000] train_force=0.0001539 val_force=0.07884
[10500/30000] train_force=0.0001685 val_force=0.08093
[10600/30000] train_force=0.0002085 val_force=0.06818
[10700/30000] train_force=0.0001515 val_force=0.06885
[10800/30000] train_force=0.00015 val_force=0.07054
[10900/30000] train_force=0.0001607 val_force=0.07145
[11000/30000] train_force=0.0001883 val_force=0.07424
[11100/30000] train_force=0.0002866 val_force=0.07085
[11200/30000] train_force=0.000149 val_force=0.07578
[11300/30000] train_force=0.0001545 val_force=0.07641
[11400/30000] train_force=0.0002455 val_force=0.07714
[11500/30000] train_force=0.0001705 val_force=0.07702
[11600/30000] train_force=0.0002039 val_force=0.07784
[11700/30000] train_force=0.004163 val_force=0.1049
[11800/30000] train_force=0.0002067 val_force=0.07308
[11900/30000] train_force=0.0001569 val_force=0.07319
[12000/30000] train_force=0.0001564 val_force=0.07418
[12100/30000] train_force=0.0001547 val_force=0.07439
[12200/30000] train_force=0.0002242 val_force=0.07628
[12300/30000] train_force=0.0001559 val_force=0.07789
[12400/30000] train_force=0.0001575 val_force=0.07741
[12500/30000] train_force=0.0001533 val_force=0.07606
[12600/30000] train_force=0.0001552 val_force=0.08468
[12700/30000] train_force=0.0001992 val_force=0.08972
[12800/30000] train_force=0.0001512 val_force=0.09095
[12900/30000] train_force=0.0002012 val_force=0.09131
[13000/30000] train_force=0.0001535 val_force=0.09222
[13100/30000] train_force=0.0002476 val_force=0.09291
[13200/30000] train_force=0.0002119 val_force=0.09514
[13300/30000] train_force=0.000253 val_force=0.09769
[13400/30000] train_force=0.0003476 val_force=0.09845
[13500/30000] train_force=0.0001999 val_force=0.1044
[13600/30000] train_force=0.0001517 val_force=0.1034
[13700/30000] train_force=0.0001461 val_force=0.1034
[13800/30000] train_force=0.0001987 val_force=0.1035
[13900/30000] train_force=0.0001563 val_force=0.1062
[14000/30000] train_force=0.0002148 val_force=0.1027
[14100/30000] train_force=0.0001497 val_force=0.102
[14200/30000] train_force=0.0001507 val_force=0.1053
[14300/30000] train_force=0.000225 val_force=0.1072
[14400/30000] train_force=0.000147 val_force=0.09193
[14500/30000] train_force=0.0001537 val_force=0.09464
[14600/30000] train_force=0.0001465 val_force=0.09598
[14700/30000] train_force=0.0001515 val_force=0.09667
[14800/30000] train_force=0.0001991 val_force=0.09698
[14900/30000] train_force=0.0002506 val_force=0.105
[15000/30000] train_force=0.0002003 val_force=0.0987
[15100/30000] train_force=0.0001457 val_force=0.09876
[15200/30000] train_force=0.0001621 val_force=0.09756
[15300/30000] train_force=0.0002019 val_force=0.0981
[15400/30000] train_force=0.000225 val_force=0.09439
[15500/30000] train_force=0.000165 val_force=0.1038
[15600/30000] train_force=0.0001524 val_force=0.09754
[15700/30000] train_force=0.0001518 val_force=0.09917
[15800/30000] train_force=0.0001592 val_force=0.1033
[15900/30000] train_force=0.0002132 val_force=0.1085
[16000/30000] train_force=0.0001461 val_force=0.1013
[16100/30000] train_force=0.0001503 val_force=0.1014
[16200/30000] train_force=0.0001574 val_force=0.09775
[16300/30000] train_force=0.0001577 val_force=0.1024
[16400/30000] train_force=0.0001514 val_force=0.1033
[16500/30000] train_force=0.000193 val_force=0.1034
[16600/30000] train_force=0.0001984 val_force=0.1034
[16700/30000] train_force=0.0001459 val_force=0.1011
[16800/30000] train_force=0.0001597 val_force=0.1058
[16900/30000] train_force=0.0001516 val_force=0.1038
[17000/30000] train_force=0.0001493 val_force=0.1052
[17100/30000] train_force=0.0001567 val_force=0.106
[17200/30000] train_force=0.0001994 val_force=0.109
[17300/30000] train_force=0.0001443 val_force=0.1119
[17400/30000] train_force=0.0001432 val_force=0.1123
[17500/30000] train_force=0.000143 val_force=0.1133
[17600/30000] train_force=0.0002669 val_force=0.1096
[17700/30000] train_force=0.0001494 val_force=0.1112
[17800/30000] train_force=0.0001577 val_force=0.1126
[17900/30000] train_force=0.0001494 val_force=0.1116
[18000/30000] train_force=0.0002053 val_force=0.1136
[18100/30000] train_force=0.0001505 val_force=0.1079
[18200/30000] train_force=0.0002035 val_force=0.1086
[18300/30000] train_force=0.0001559 val_force=0.1134
[18400/30000] train_force=0.0001975 val_force=0.1098
[18500/30000] train_force=0.0001492 val_force=0.1093
[18600/30000] train_force=0.0001564 val_force=0.1123
[18700/30000] train_force=0.0001973 val_force=0.1232
[18800/30000] train_force=0.000196 val_force=0.1176
[18900/30000] train_force=0.0001474 val_force=0.1176
[19000/30000] train_force=0.000196 val_force=0.118
[19100/30000] train_force=0.0001475 val_force=0.1181
[19200/30000] train_force=0.0001738 val_force=0.1171
[19300/30000] train_force=0.0001933 val_force=0.1161
[19400/30000] train_force=0.000155 val_force=0.1148
[19500/30000] train_force=0.0001996 val_force=0.1151
[19600/30000] train_force=0.0001444 val_force=0.1166
[19700/30000] train_force=0.0002066 val_force=0.1121
[19800/30000] train_force=0.0001469 val_force=0.1126
[19900/30000] train_force=0.000194 val_force=0.1126
[20000/30000] train_force=0.0001435 val_force=0.1127
[20100/30000] train_force=0.0001456 val_force=0.1134
[20200/30000] train_force=0.0001996 val_force=0.1125
[20300/30000] train_force=0.0001987 val_force=0.1145
[20400/30000] train_force=0.0001998 val_force=0.1141
[20500/30000] train_force=0.0002026 val_force=0.1139
[20600/30000] train_force=0.0001459 val_force=0.1141
[20700/30000] train_force=0.0001489 val_force=0.1163
[20800/30000] train_force=0.0001538 val_force=0.115
[20900/30000] train_force=0.0001496 val_force=0.1149
[21000/30000] train_force=0.000152 val_force=0.1153
[21100/30000] train_force=0.0001991 val_force=0.1151
[21200/30000] train_force=0.0001561 val_force=0.1151
[21300/30000] train_force=0.0001424 val_force=0.1156
[21400/30000] train_force=0.0002044 val_force=0.1125
[21500/30000] train_force=0.0001438 val_force=0.1159
[21600/30000] train_force=0.0001526 val_force=0.1161
[21700/30000] train_force=0.0001995 val_force=0.1177
[21800/30000] train_force=0.0001467 val_force=0.1181
[21900/30000] train_force=0.000157 val_force=0.1173
[22000/30000] train_force=0.0001985 val_force=0.119
[22100/30000] train_force=0.0001469 val_force=0.1188
[22200/30000] train_force=0.0001432 val_force=0.1193
[22300/30000] train_force=0.0002137 val_force=0.1237
[22400/30000] train_force=0.0001435 val_force=0.1214
[22500/30000] train_force=0.0001432 val_force=0.1213
[22600/30000] train_force=0.0001445 val_force=0.1221
[22700/30000] train_force=0.0001935 val_force=0.1217
[22800/30000] train_force=0.0001459 val_force=0.122
[22900/30000] train_force=0.0001432 val_force=0.1221
[23000/30000] train_force=0.0001465 val_force=0.1233
[23100/30000] train_force=0.0001431 val_force=0.1231
[23200/30000] train_force=0.000197 val_force=0.1224
[23300/30000] train_force=0.0001451 val_force=0.1247
[23400/30000] train_force=0.0001481 val_force=0.124
[23500/30000] train_force=0.0001503 val_force=0.1246
[23600/30000] train_force=0.0001533 val_force=0.1246
[23700/30000] train_force=0.0001982 val_force=0.1236
[23800/30000] train_force=0.0001432 val_force=0.125
[23900/30000] train_force=0.0001512 val_force=0.1253
[24000/30000] train_force=0.0001425 val_force=0.1251
[24100/30000] train_force=0.0001508 val_force=0.1263
[24200/30000] train_force=0.0001464 val_force=0.1265
[24300/30000] train_force=0.0001929 val_force=0.127
[24400/30000] train_force=0.0001445 val_force=0.1268
[24500/30000] train_force=0.0001541 val_force=0.1273
[24600/30000] train_force=0.0001461 val_force=0.1278
[24700/30000] train_force=0.000193 val_force=0.128
[24800/30000] train_force=0.0001424 val_force=0.1282
[24900/30000] train_force=0.0001965 val_force=0.1287
[25000/30000] train_force=0.0001516 val_force=0.1287
[25100/30000] train_force=0.000148 val_force=0.129
[25200/30000] train_force=0.0001425 val_force=0.1292
[25300/30000] train_force=0.0001485 val_force=0.1298
[25400/30000] train_force=0.0001437 val_force=0.1298
[25500/30000] train_force=0.0001475 val_force=0.1299
[25600/30000] train_force=0.0001477 val_force=0.1299
[25700/30000] train_force=0.0001481 val_force=0.1304
[25800/30000] train_force=0.0001444 val_force=0.1305
[25900/30000] train_force=0.0001475 val_force=0.1311
[26000/30000] train_force=0.0001495 val_force=0.1307
[26100/30000] train_force=0.0001438 val_force=0.1309
[26200/30000] train_force=0.0001451 val_force=0.131
[26300/30000] train_force=0.0001925 val_force=0.1309
[26400/30000] train_force=0.0001468 val_force=0.131
[26500/30000] train_force=0.0001438 val_force=0.1316
[26600/30000] train_force=0.0001438 val_force=0.1311
[26700/30000] train_force=0.0001921 val_force=0.1312
[26800/30000] train_force=0.000194 val_force=0.1311
[26900/30000] train_force=0.0001419 val_force=0.1312
[27000/30000] train_force=0.0001507 val_force=0.1312
[27100/30000] train_force=0.0001908 val_force=0.1312
[27200/30000] train_force=0.0001515 val_force=0.1313
[27300/30000] train_force=0.0001974 val_force=0.1312
[27400/30000] train_force=0.0001421 val_force=0.1312
[27500/30000] train_force=0.0001919 val_force=0.1312
[27600/30000] train_force=0.0001466 val_force=0.1313
[27700/30000] train_force=0.0001417 val_force=0.1312
[27800/30000] train_force=0.0001949 val_force=0.1312
[27900/30000] train_force=0.000204 val_force=0.1312
[28000/30000] train_force=0.0001461 val_force=0.1312
[28100/30000] train_force=0.0001427 val_force=0.1312
[28200/30000] train_force=0.0001462 val_force=0.1312
[28300/30000] train_force=0.0001514 val_force=0.1312
[28400/30000] train_force=0.000192 val_force=0.1312
[28500/30000] train_force=0.0001423 val_force=0.1312
[28600/30000] train_force=0.0001425 val_force=0.1312
[28700/30000] train_force=0.000144 val_force=0.1312
[28800/30000] train_force=0.0001455 val_force=0.1312
[28900/30000] train_force=0.0001424 val_force=0.1311
[29000/30000] train_force=0.0001913 val_force=0.1311
[29100/30000] train_force=0.0001448 val_force=0.1311
[29200/30000] train_force=0.0001449 val_force=0.1311
[29300/30000] train_force=0.0001424 val_force=0.1311
[29400/30000] train_force=0.0001449 val_force=0.1311
[29500/30000] train_force=0.0001972 val_force=0.1311
[29600/30000] train_force=0.0001431 val_force=0.1311
[29700/30000] train_force=0.0001443 val_force=0.1311
[29800/30000] train_force=0.0001946 val_force=0.1311
[29900/30000] train_force=0.0001459 val_force=0.1311
[30000/30000] train_force=0.0001418 val_force=0.1311
Saved latent CSV: C:\Users\admin\deepxde\myproject\runs_pinn_drag\20260606-011628__latent_physics\latent_predictions.csv
Metrics: {'all': {'rmse': 0.07609336078166962, 'mae': 0.056884415447711945, 'r2': 0.9896073937416077}, 'train': {'rmse': 0.06654824316501617, 'mae': 0.05084940046072006, 'r2': 0.9895603060722351}, 'val': {'rmse': 0.0993720144033432, 'mae': 0.074989452958107, 'r2': 0.9881139993667603}, 'mean_residual_ratio': 0.03251859584921285, 'best_epoch': 52, 'best_val_force': 0.02327784150838852}
Training complete.
