Run directory: /Users/zyp/Documents/GitHub/PINN-seagras/myproject/runs/pinn_drag/20260727-182153__latent_physics
Data file: /Users/zyp/Documents/GitHub/PINN-seagras/myproject/data/pinn_training_data.mat
Synthetic data file: data/pinn_training_data_synth.mat
Excluding configs [4, 5, 6, 7]: keeping 152/228 experimental samples
Device: cpu
Split: experimental random shuffle with val_ratio=0.250; synthetic samples stay in train only
Device: cpu
Beam physics enabled: False  (λ_pde=0.05)
[0001/500] train_force=1.035 val_force=0.1716
[0100/500] train_force=0.05915 val_force=0.03533
[0200/500] train_force=0.05191 val_force=0.03626
[0300/500] train_force=0.04251 val_force=0.03615
[0400/500] train_force=0.04019 val_force=0.03423
[0500/500] train_force=0.04088 val_force=0.03337
Saved latent CSV: /Users/zyp/Documents/GitHub/PINN-seagras/myproject/runs/pinn_drag/20260727-182153__latent_physics/latent_predictions.csv
Metrics: {'all': {'rmse': 0.10558176040649414, 'mae': 0.07475721836090088, 'r2': 0.9825459122657776}, 'train': {'rmse': 0.11206581443548203, 'mae': 0.07775136083364487, 'r2': 0.9815186262130737}, 'val': {'rmse': 0.08314923942089081, 'mae': 0.06577480584383011, 'r2': 0.9860535264015198}, 'synthetic': {'rmse': 0.1264543980360031, 'mae': 0.06917756795883179, 'r2': 0.9838133454322815}, 'experimental_sample_count': 152, 'synthetic_sample_count': 400, 'mean_residual_ratio': 0.013807496693181364, 'best_epoch': 99, 'best_val_force': 0.030896678566932678}

Per-material breakdown (all 228 experimental samples):
  Group                              RMSE       R2      MAE     n
  ────────────────────────────── ──────── ──────── ──────── ─────
  hard  (PVC,     E=1.25e7)        0.1339   0.9812   0.0987    76
  med   (Rguijiao,E=3.55e6)        0.3045   0.7643   0.2018    76
  soft  (guijiao,E=4.80e5)         0.0661   0.9699   0.0508    76
  ────────────────────────────── ──────── ──────── ──────── ─────
  Weighted RMSE                    0.1958
Training complete.
