Run directory: /Users/zyp/Documents/GitHub/PINN-seagras/myproject/runs/pinn_drag/20260722-165412__latent_physics
Data file: /Users/zyp/Documents/GitHub/PINN-seagras/myproject/data/pinn_training_data.mat
Synthetic data file: data/pinn_training_data_synth.mat
Excluding configs [4, 5, 6, 7]: keeping 152/228 experimental samples
Device: cpu
Split: experimental random shuffle with val_ratio=0.250; synthetic samples stay in train only
Beam physics enabled: True  (λ_pde=0.1)
[0001/500] train_force=0.3258 val_force=0.4752
[0100/500] train_force=0.1503 val_force=0.2141
[0200/500] train_force=0.1495 val_force=0.2048
[0300/500] train_force=0.1486 val_force=0.2069
[0400/500] train_force=0.1646 val_force=0.2226
[0500/500] train_force=0.1641 val_force=0.214
Saved latent CSV: /Users/zyp/Documents/GitHub/PINN-seagras/myproject/runs/pinn_drag/20260722-165412__latent_physics/latent_predictions.csv
Metrics: {'all': {'rmse': 0.3418685793876648, 'mae': 0.16973146796226501, 'r2': 0.8170058727264404}, 'train': {'rmse': 0.34784871339797974, 'mae': 0.17273345589637756, 'r2': 0.8219392895698547}, 'val': {'rmse': 0.3232651948928833, 'mae': 0.1607254296541214, 'r2': 0.7892024517059326}, 'synthetic': {'rmse': 0.358733594417572, 'mae': 0.20351234078407288, 'r2': 0.7932265996932983}, 'experimental_sample_count': 152, 'synthetic_sample_count': 80, 'mean_residual_ratio': 0.027504684599606616, 'best_epoch': 215, 'best_val_force': 0.2043198198080063}

Per-material breakdown (all 228 experimental samples):
  Group                              RMSE       R2      MAE     n
  ────────────────────────────── ──────── ──────── ──────── ─────
  hard  (PVC,     E=1.25e7)        0.4754   0.7635   0.2803    76
  med   (Rguijiao,E=3.55e6)        0.2645   0.8222   0.1891    76
  soft  (guijiao,E=4.80e5)         0.0881   0.9466   0.0591    76
  ────────────────────────────── ──────── ──────── ──────── ─────
  Weighted RMSE                    0.3182
Training complete.
