Run directory: /Users/zyp/Documents/GitHub/PINN-seagras/myproject/runs/pinn_drag/20260721-195625__iterative_self_training
Experimental data: /Users/zyp/Documents/GitHub/PINN-seagras/myproject/data/pinn_training_data.mat
Device: cpu
Fixed split: experimental train=171, experimental validation=57
cycle=00 epoch=0001/4000 train_force=17.992 val_force=0.27752
cycle=00 epoch=0400/4000 train_force=0.0076081 val_force=0.091263
cycle=00 epoch=0800/4000 train_force=0.0066992 val_force=0.13975
cycle=00 epoch=1200/4000 train_force=0.0063149 val_force=0.14506
cycle=00 epoch=1600/4000 train_force=0.0061304 val_force=0.13781
cycle=00 epoch=2000/4000 train_force=0.0058503 val_force=0.12415
cycle=00 epoch=2400/4000 train_force=0.0054123 val_force=0.11404
cycle=00 epoch=2800/4000 train_force=0.0051117 val_force=0.12484
cycle=00 epoch=3200/4000 train_force=0.0048531 val_force=0.13439
cycle=00 epoch=3600/4000 train_force=0.0046602 val_force=0.14001
cycle=00 epoch=4000/4000 train_force=0.0045126 val_force=0.14943
Saved latent CSV: /Users/zyp/Documents/GitHub/PINN-seagras/myproject/runs/pinn_drag/20260721-195625__iterative_self_training/cycle_00_pretrain/latent_predictions.csv

Starting post-training cycle 1/3
Candidates: pool=320, filter_pass=320, selected=80
cycle=01 epoch=0001/500 train_force=0.072352 val_force=0.044628
cycle=01 epoch=0050/500 train_force=0.0066056 val_force=0.083116
cycle=01 epoch=0100/500 train_force=0.0061424 val_force=0.059681
cycle=01 epoch=0150/500 train_force=0.0054585 val_force=0.06576
cycle=01 epoch=0200/500 train_force=0.004856 val_force=0.080356
cycle=01 epoch=0250/500 train_force=0.005387 val_force=0.018536
cycle=01 epoch=0300/500 train_force=0.0039998 val_force=0.020478
cycle=01 epoch=0350/500 train_force=0.0040841 val_force=0.023259
cycle=01 epoch=0400/500 train_force=0.0035937 val_force=0.021777
cycle=01 epoch=0450/500 train_force=0.0034307 val_force=0.021635
cycle=01 epoch=0500/500 train_force=0.0034695 val_force=0.021212
Saved latent CSV: /Users/zyp/Documents/GitHub/PINN-seagras/myproject/runs/pinn_drag/20260721-195625__iterative_self_training/cycle_01_posttrain/latent_predictions.csv
Cycle 1 accepted: validation RMSE=0.0670448

Starting post-training cycle 2/3
Candidates: pool=320, filter_pass=320, selected=80
cycle=02 epoch=0001/500 train_force=0.072092 val_force=0.079322
cycle=02 epoch=0050/500 train_force=0.0032589 val_force=0.030612
cycle=02 epoch=0100/500 train_force=0.0033342 val_force=0.029124
cycle=02 epoch=0150/500 train_force=0.0029973 val_force=0.029381
cycle=02 epoch=0200/500 train_force=0.002651 val_force=0.024288
cycle=02 epoch=0250/500 train_force=0.0026207 val_force=0.022419
cycle=02 epoch=0300/500 train_force=0.0025525 val_force=0.020887
cycle=02 epoch=0350/500 train_force=0.002681 val_force=0.020041
cycle=02 epoch=0400/500 train_force=0.0025668 val_force=0.023562
cycle=02 epoch=0450/500 train_force=0.0025664 val_force=0.023115
cycle=02 epoch=0500/500 train_force=0.0024128 val_force=0.019849
Saved latent CSV: /Users/zyp/Documents/GitHub/PINN-seagras/myproject/runs/pinn_drag/20260721-195625__iterative_self_training/cycle_02_posttrain/latent_predictions.csv
Cycle 2 accepted: validation RMSE=0.0656675

Starting post-training cycle 3/3
Candidates: pool=320, filter_pass=320, selected=80
cycle=03 epoch=0001/500 train_force=0.012991 val_force=0.060698
cycle=03 epoch=0050/500 train_force=0.0037747 val_force=0.023019
cycle=03 epoch=0100/500 train_force=0.0027145 val_force=0.020633
cycle=03 epoch=0150/500 train_force=0.0023082 val_force=0.023743
cycle=03 epoch=0200/500 train_force=0.0030649 val_force=0.022671
cycle=03 epoch=0250/500 train_force=0.0019188 val_force=0.020179
cycle=03 epoch=0300/500 train_force=0.0019463 val_force=0.020138
cycle=03 epoch=0350/500 train_force=0.0019588 val_force=0.020816
cycle=03 epoch=0400/500 train_force=0.0017995 val_force=0.019859
cycle=03 epoch=0450/500 train_force=0.0015913 val_force=0.019383
cycle=03 epoch=0500/500 train_force=0.0017633 val_force=0.020739
Saved latent CSV: /Users/zyp/Documents/GitHub/PINN-seagras/myproject/runs/pinn_drag/20260721-195625__iterative_self_training/cycle_03_posttrain/latent_predictions.csv
Cycle 3 accepted: validation RMSE=0.0626613

Best fixed-validation RMSE: 0.0626613
Final model: /Users/zyp/Documents/GitHub/PINN-seagras/myproject/runs/pinn_drag/20260721-195625__iterative_self_training/final_model.pt
