Run directory: /Users/zyp/Documents/GitHub/PINN-seagras/myproject/runs/pinn_drag/20260730-191430_1__latent_physics
Data file: myproject/data/pinn_training_data.mat
Synthetic data file: myproject/data/pinn_training_data_synth.mat
Leak-holdout (explicit velocities): keeping 8 samples of excluded configs (velocities=[17, 18]) IN training set
Excluding configs [4, 5, 6, 7]: keeping 160/228 experimental samples
Device: mps
Split: experimental random shuffle with val_ratio=0.250; synthetic samples stay in train only
Device: mps
Beam physics enabled: True  (λ_pde=0.05)
E-param embedding enabled: base Cd/shield/col_corr from smooth logE+θ (n=64). Encoder residual ON (f_physics.detach())
[0001/2000] train_force=0.228 val_force=0.4389
[0100/2000] train_force=0.03721 val_force=0.05105
[0200/2000] train_force=0.03527 val_force=0.05085
[0300/2000] train_force=0.03339 val_force=0.04984
[0400/2000] train_force=0.03126 val_force=0.04876
[0500/2000] train_force=0.02938 val_force=0.04716
[0600/2000] train_force=0.02797 val_force=0.04577
[0700/2000] train_force=0.02659 val_force=0.04472
[0800/2000] train_force=0.02578 val_force=0.04381
[0900/2000] train_force=0.02551 val_force=0.0434
[1000/2000] train_force=0.02516 val_force=0.04273
[1100/2000] train_force=0.02485 val_force=0.04216
[1200/2000] train_force=0.02204 val_force=0.03596
[1300/2000] train_force=0.02504 val_force=0.04116
[1400/2000] train_force=0.02415 val_force=0.03991
[1500/2000] train_force=0.02378 val_force=0.03936
[1600/2000] train_force=0.02358 val_force=0.03903
[1700/2000] train_force=0.02347 val_force=0.03878
[1800/2000] train_force=0.0234 val_force=0.03866
[1900/2000] train_force=0.02336 val_force=0.03853
[2000/2000] train_force=0.02334 val_force=0.03851
Saved latent CSV: /Users/zyp/Documents/GitHub/PINN-seagras/myproject/runs/pinn_drag/20260730-191430_1__latent_physics/latent_predictions.csv
Metrics: {'all': {'rmse': 0.0980764776468277, 'mae': 0.06770780682563782, 'r2': 0.9852352738380432}, 'train': {'rmse': 0.10339783132076263, 'mae': 0.07028981298208237, 'r2': 0.9846809506416321}, 'val': {'rmse': 0.08001650124788284, 'mae': 0.05996178463101387, 'r2': 0.9868109822273254}, 'synthetic': {'rmse': 0.14739607274532318, 'mae': 0.10035834461450577, 'r2': 0.9650921821594238}, 'experimental_sample_count': 160, 'synthetic_sample_count': 80, 'mean_residual_ratio': 0.10971170742260783, 'best_epoch': 1230, 'best_val_force': 0.03568550571799278}

Per-material breakdown (all 228 experimental samples):
  Group                              RMSE       R2      MAE     n
  ────────────────────────────── ──────── ──────── ──────── ─────
  hard  (PVC,     E=1.25e7)        0.1056   0.9883   0.0634    76
  med   (Rguijiao,E=3.55e6)        0.1327   0.9553   0.0957    76
  soft  (guijiao,E=4.80e5)         0.0850   0.9503   0.0684    76
  ────────────────────────────── ──────── ──────── ──────── ─────
  Weighted RMSE                    0.1095

Per-config breakdown (Rguijiao configs 5-8, 1-indexed):
  Config                   RMSE       R2      MAE     n
  ──────────────────── ──────── ──────── ──────── ─────
  Rguijiao_20_0          0.0896   0.9834   0.0572    19
  Rguijiao_20_180        0.2102   0.9200   0.1779    19
  Rguijiao_10_0          0.1053   0.9239   0.0760    19
  Rguijiao_10_180        0.0844   0.9635   0.0715    19
  (Saved Rgui holdout comparison plots)
Training complete.
