Run directory: /Users/zyp/Documents/GitHub/PINN-seagras/myproject/runs/pinn_drag/20260727-203640__latent_physics
Data file: /Users/zyp/Documents/GitHub/PINN-seagras/myproject/data/pinn_training_data.mat
Synthetic data file: myproject/data/pinn_training_data_synth.mat
Excluding configs [4, 5, 6, 7]: keeping 152/228 experimental samples
Device: cpu
Split: experimental random shuffle with val_ratio=0.250; synthetic samples stay in train only
Beam physics enabled: True  (λ_pde=0.05)
[0001/200] train_force=0.4003 val_force=0.8522
[0100/200] train_force=0.05805 val_force=0.08283
[0200/200] train_force=0.05562 val_force=0.08544
Saved latent CSV: /Users/zyp/Documents/GitHub/PINN-seagras/myproject/runs/pinn_drag/20260727-203640__latent_physics/latent_predictions.csv
Metrics: {'all': {'rmse': 0.19668638706207275, 'mae': 0.10711117833852768, 'r2': 0.9394286274909973}, 'train': {'rmse': 0.20119985938072205, 'mae': 0.11110730469226837, 'r2': 0.9404279589653015}, 'val': {'rmse': 0.18247736990451813, 'mae': 0.0951227992773056, 'r2': 0.9328315258026123}, 'synthetic': {'rmse': 0.2473892867565155, 'mae': 0.12992486357688904, 'r2': 0.9016640186309814}, 'experimental_sample_count': 152, 'synthetic_sample_count': 80, 'mean_residual_ratio': 0.029421667421334667, 'best_epoch': 155, 'best_val_force': 0.0813358724117279}

Per-material breakdown (all 228 experimental samples):
  Group                              RMSE       R2      MAE     n
  ────────────────────────────── ──────── ──────── ──────── ─────
  hard  (PVC,     E=1.25e7)        0.2675   0.9251   0.1586    76
  med   (Rguijiao,E=3.55e6)        0.2430   0.8499   0.1646    76
  soft  (guijiao,E=4.80e5)         0.0763   0.9599   0.0557    76
  ────────────────────────────── ──────── ──────── ──────── ─────
  Weighted RMSE                    0.2133
Training complete.
