运行目录: C:\Users\admin\PINN-seagras\myproject\runs_pinn_drag\20250904-145309__pinn
[EP 1/5000] train=1.065891e+00  val(data)=3.359333e-01  lr=2.00e-03
[EP 200/5000] train=6.832855e-02  val(data)=7.037786e-02  lr=2.00e-03
[EP 400/5000] train=4.885681e-02  val(data)=4.186941e-02  lr=2.00e-03
[EP 600/5000] train=3.841369e-02  val(data)=5.451520e-03  lr=2.00e-03
[EP 800/5000] train=3.736144e-02  val(data)=5.560450e-03  lr=1.00e-03
[EP 1000/5000] train=3.694163e-02  val(data)=6.045555e-03  lr=2.50e-04
[EP 1200/5000] train=3.680928e-02  val(data)=6.195356e-03  lr=6.25e-05
[EP 1400/5000] train=3.677005e-02  val(data)=6.239220e-03  lr=1.56e-05
[EP 1600/5000] train=3.675867e-02  val(data)=6.251955e-03  lr=3.91e-06
[EP 1800/5000] train=3.675543e-02  val(data)=6.256111e-03  lr=9.77e-07
[EP 2000/5000] train=3.675450e-02  val(data)=6.257128e-03  lr=2.44e-07
[EP 2200/5000] train=3.675426e-02  val(data)=6.257282e-03  lr=6.10e-08
[EP 2400/5000] train=3.675423e-02  val(data)=6.257250e-03  lr=1.53e-08
[EP 2600/5000] train=3.675421e-02  val(data)=6.257199e-03  lr=1.53e-08
[EP 2800/5000] train=3.675420e-02  val(data)=6.257131e-03  lr=1.53e-08
[EP 3000/5000] train=3.675419e-02  val(data)=6.257065e-03  lr=1.53e-08
[EP 3200/5000] train=3.675417e-02  val(data)=6.257010e-03  lr=1.53e-08
[EP 3400/5000] train=3.675414e-02  val(data)=6.256947e-03  lr=1.53e-08
[EP 3600/5000] train=3.675412e-02  val(data)=6.256899e-03  lr=1.53e-08
[EP 3800/5000] train=3.675409e-02  val(data)=6.256878e-03  lr=1.53e-08
[EP 4000/5000] train=3.675406e-02  val(data)=6.256870e-03  lr=1.53e-08
[EP 4200/5000] train=3.675403e-02  val(data)=6.256911e-03  lr=1.53e-08
[EP 4400/5000] train=3.675397e-02  val(data)=6.256931e-03  lr=1.53e-08
[EP 4600/5000] train=3.675391e-02  val(data)=6.257013e-03  lr=1.53e-08
[EP 4800/5000] train=3.675386e-02  val(data)=6.257108e-03  lr=1.53e-08
[EP 5000/5000] train=3.675377e-02  val(data)=6.257191e-03  lr=1.53e-08
保存图像: C:\Users\admin\PINN-seagras\myproject\runs_pinn_drag\20250904-145309__pinn\training_curves.png
保存图像: C:\Users\admin\PINN-seagras\myproject\runs_pinn_drag\20250904-145309__pinn\pred_vs_true.png
保存图像: C:\Users\admin\PINN-seagras\myproject\runs_pinn_drag\20250904-145309__pinn\error_vs_re.png
保存图像: C:\Users\admin\PINN-seagras\myproject\runs_pinn_drag\20250904-145309__pinn\slices_Eh_1.png
保存图像: C:\Users\admin\PINN-seagras\myproject\runs_pinn_drag\20250904-145309__pinn\slices_Eh_2.png
保存图像: C:\Users\admin\PINN-seagras\myproject\runs_pinn_drag\20250904-145309__pinn\slices_Eh_3.png
训练完成。
