Run directory: C:\Users\admin\deepxde\myproject\runs_pinn_drag\20260606-025250__latent_physics
Data file: pinn_training_data.mat
Synthetic data file: pinn_training_data_synth.mat
Device: cpu
[0001/3000] train_force=1.666 val_force=1.209
[0100/3000] train_force=0.01711 val_force=0.03953
[0200/3000] train_force=0.01378 val_force=0.05023
[0300/3000] train_force=0.01125 val_force=0.06279
[0400/3000] train_force=0.01011 val_force=0.07016
[0500/3000] train_force=0.009548 val_force=0.07347
[0600/3000] train_force=0.009112 val_force=0.07494
[0700/3000] train_force=0.008807 val_force=0.07534
[0800/3000] train_force=0.00863 val_force=0.0754
[0900/3000] train_force=0.008483 val_force=0.07537
[1000/3000] train_force=0.008374 val_force=0.07532
[1100/3000] train_force=0.008314 val_force=0.07528
[1200/3000] train_force=0.008261 val_force=0.07525
[1300/3000] train_force=0.008217 val_force=0.07523
[1400/3000] train_force=0.00817 val_force=0.0752
[1500/3000] train_force=0.008119 val_force=0.07517
[1600/3000] train_force=0.008066 val_force=0.07515
[1700/3000] train_force=0.00801 val_force=0.07512
[1800/3000] train_force=0.00795 val_force=0.0751
[1900/3000] train_force=0.007888 val_force=0.07509
[2000/3000] train_force=0.007822 val_force=0.07508
[2100/3000] train_force=0.007752 val_force=0.07508
[2200/3000] train_force=0.00768 val_force=0.0751
[2300/3000] train_force=0.007603 val_force=0.07513
[2400/3000] train_force=0.007523 val_force=0.07519
[2500/3000] train_force=0.007438 val_force=0.07527
[2600/3000] train_force=0.007346 val_force=0.07537
[2700/3000] train_force=0.007245 val_force=0.0755
[2800/3000] train_force=0.007129 val_force=0.07564
[2900/3000] train_force=0.006991 val_force=0.07579
[3000/3000] train_force=0.006821 val_force=0.07595
Saved latent CSV: C:\Users\admin\deepxde\myproject\runs_pinn_drag\20260606-025250__latent_physics\latent_predictions.csv
Metrics: {'all': {'rmse': 0.07561870664358139, 'mae': 0.054776716977357864, 'r2': 0.9897366166114807}, 'train': {'rmse': 0.05643674358725548, 'mae': 0.042116787284612656, 'r2': 0.9924917817115784}, 'val': {'rmse': 0.11540121585130692, 'mae': 0.09275650233030319, 'r2': 0.9839702248573303}, 'synthetic': {'rmse': 0.05804735794663429, 'mae': 0.04709775745868683, 'r2': 0.997161865234375}, 'experimental_sample_count': 228, 'synthetic_sample_count': 57, 'mean_residual_ratio': 0.11044534178156602, 'best_epoch': 92, 'best_val_force': 0.038806065917015076}
Training complete.
