Run directory: /Users/zyp/Documents/GitHub/PINN-seagras/myproject/runs/pinn_drag/20260727-165214__latent_physics
Data file: data/pinn_training_data.mat
Excluding configs [4, 5, 6, 7]: keeping 152/228 experimental samples
Device: cpu
Split: experimental random shuffle with val_ratio=0.150; synthetic samples stay in train only
Beam physics enabled: False  (λ_pde=0.05)
[0001/1500] train_force=7.822 val_force=0.9051
[0100/1500] train_force=0.09112 val_force=0.1614
[0200/1500] train_force=0.08085 val_force=0.1502
[0300/1500] train_force=0.08616 val_force=0.15
[0400/1500] train_force=0.07982 val_force=0.163
[0500/1500] train_force=0.03582 val_force=0.0206
[0600/1500] train_force=0.02807 val_force=0.02069
[0700/1500] train_force=0.02732 val_force=0.01177
[0800/1500] train_force=0.03004 val_force=0.01831
[0900/1500] train_force=0.02531 val_force=0.01575
[1000/1500] train_force=0.03181 val_force=0.03367
[1100/1500] train_force=0.02385 val_force=0.0167
[1200/1500] train_force=0.01935 val_force=0.1095
[1300/1500] train_force=0.01886 val_force=0.04514
[1400/1500] train_force=0.01448 val_force=0.0425
[1500/1500] train_force=0.01421 val_force=0.03904
Saved latent CSV: /Users/zyp/Documents/GitHub/PINN-seagras/myproject/runs/pinn_drag/20260727-165214__latent_physics/latent_predictions.csv
Metrics: {'all': {'rmse': 0.06908328086137772, 'mae': 0.05266999453306198, 'r2': 0.9925275444984436}, 'train': {'rmse': 0.07215389609336853, 'mae': 0.05529564991593361, 'r2': 0.9913750886917114}, 'val': {'rmse': 0.04837452620267868, 'mae': 0.037943530827760696, 'r2': 0.9971870183944702}, 'synthetic': None, 'experimental_sample_count': 152, 'synthetic_sample_count': 0, 'mean_residual_ratio': 0.22364261118989243, 'best_epoch': 882, 'best_val_force': 0.0092507004737854}

Per-material breakdown (all 228 experimental samples):
  Group                              RMSE       R2      MAE     n
  ────────────────────────────── ──────── ──────── ──────── ─────
  hard  (PVC,     E=1.25e7)        0.0776   0.9937   0.0592    76
  med   (Rguijiao,E=3.55e6)        0.3389   0.7082   0.2226    76
  soft  (guijiao,E=4.80e5)         0.0593   0.9758   0.0461    76
  ────────────────────────────── ──────── ──────── ──────── ─────
  Weighted RMSE                    0.2036
Training complete.
