Run directory: C:\Users\admin\deepxde\myproject\runs_pinn_drag\20260606-051229__latent_physics
Data file: pinn_training_data.mat
Synthetic data file: pinn_training_data_synth.mat
Device: cpu
Split: experimental random shuffle with val_ratio=0.250; synthetic samples stay in train only
[0001/150000] train_force=2.018 val_force=0.5809
[0100/150000] train_force=0.01984 val_force=0.02917
[0200/150000] train_force=0.02637 val_force=0.02757
[0300/150000] train_force=0.01552 val_force=0.0232
[0400/150000] train_force=0.01407 val_force=0.0249
[0500/150000] train_force=0.01416 val_force=0.02334
[0600/150000] train_force=0.01178 val_force=0.02346
[0700/150000] train_force=0.01098 val_force=0.02161
[0800/150000] train_force=0.01921 val_force=0.02051
[0900/150000] train_force=0.01066 val_force=0.02083
[1000/150000] train_force=0.007609 val_force=0.01954
[1100/150000] train_force=0.007708 val_force=0.01929
[1200/150000] train_force=0.005629 val_force=0.01768
[1300/150000] train_force=0.007693 val_force=0.0182
[1400/150000] train_force=0.005081 val_force=0.01797
[1500/150000] train_force=0.00543 val_force=0.01819
[1600/150000] train_force=0.004031 val_force=0.0184
[1700/150000] train_force=0.003988 val_force=0.01813
[1800/150000] train_force=0.004798 val_force=0.01823
[1900/150000] train_force=0.0064 val_force=0.018
[2000/150000] train_force=0.004537 val_force=0.01813
[2100/150000] train_force=0.004979 val_force=0.01815
[2200/150000] train_force=0.005411 val_force=0.01831
[2300/150000] train_force=0.006437 val_force=0.01811
[2400/150000] train_force=0.005524 val_force=0.0183
[2500/150000] train_force=0.004495 val_force=0.01815
[2600/150000] train_force=0.004782 val_force=0.01798
[2700/150000] train_force=0.005242 val_force=0.01803
[2800/150000] train_force=0.004878 val_force=0.01826
[2900/150000] train_force=0.005378 val_force=0.01786
[3000/150000] train_force=0.003384 val_force=0.01843
[3100/150000] train_force=0.006204 val_force=0.01802
[3200/150000] train_force=0.005132 val_force=0.01795
[3300/150000] train_force=0.004577 val_force=0.0182
[3400/150000] train_force=0.003434 val_force=0.01822
[3500/150000] train_force=0.005732 val_force=0.01845
[3600/150000] train_force=0.003843 val_force=0.01824
[3700/150000] train_force=0.00387 val_force=0.01801
[3800/150000] train_force=0.005287 val_force=0.01883
[3900/150000] train_force=0.004339 val_force=0.01865
[4000/150000] train_force=0.004646 val_force=0.01865
[4100/150000] train_force=0.005275 val_force=0.0188
[4200/150000] train_force=0.004239 val_force=0.01856
[4300/150000] train_force=0.004297 val_force=0.01872
[4400/150000] train_force=0.00622 val_force=0.01886
[4500/150000] train_force=0.003704 val_force=0.01905
[4600/150000] train_force=0.003813 val_force=0.01916
[4700/150000] train_force=0.004756 val_force=0.01904
[4800/150000] train_force=0.00451 val_force=0.01951
[4900/150000] train_force=0.004528 val_force=0.01966
[5000/150000] train_force=0.003564 val_force=0.01998
[5100/150000] train_force=0.004123 val_force=0.01969
[5200/150000] train_force=0.00392 val_force=0.01946
[5300/150000] train_force=0.004552 val_force=0.01963
[5400/150000] train_force=0.002926 val_force=0.01994
[5500/150000] train_force=0.00336 val_force=0.01971
[5600/150000] train_force=0.004237 val_force=0.02013
[5700/150000] train_force=0.002856 val_force=0.02049
[5800/150000] train_force=0.004402 val_force=0.0203
[5900/150000] train_force=0.003915 val_force=0.01995
[6000/150000] train_force=0.003059 val_force=0.02044
[6100/150000] train_force=0.004923 val_force=0.02061
[6200/150000] train_force=0.003043 val_force=0.02016
[6300/150000] train_force=0.00315 val_force=0.02042
[6400/150000] train_force=0.002803 val_force=0.02009
[6500/150000] train_force=0.003066 val_force=0.02034
[6600/150000] train_force=0.003636 val_force=0.02028
[6700/150000] train_force=0.003737 val_force=0.02024
[6800/150000] train_force=0.003735 val_force=0.01992
[6900/150000] train_force=0.002962 val_force=0.0203
[7000/150000] train_force=0.003692 val_force=0.02086
[7100/150000] train_force=0.003884 val_force=0.02059
[7200/150000] train_force=0.004098 val_force=0.02129
[7300/150000] train_force=0.003408 val_force=0.02054
[7400/150000] train_force=0.002301 val_force=0.02046
[7500/150000] train_force=0.003921 val_force=0.02035
[7600/150000] train_force=0.00335 val_force=0.0207
[7700/150000] train_force=0.002797 val_force=0.02013
[7800/150000] train_force=0.003362 val_force=0.02051
[7900/150000] train_force=0.004008 val_force=0.02081
[8000/150000] train_force=0.00294 val_force=0.02057
[8100/150000] train_force=0.002814 val_force=0.02067
[8200/150000] train_force=0.004149 val_force=0.02139
[8300/150000] train_force=0.003373 val_force=0.02056
[8400/150000] train_force=0.002445 val_force=0.02074
[8500/150000] train_force=0.003496 val_force=0.02033
[8600/150000] train_force=0.003471 val_force=0.0207
[8700/150000] train_force=0.003336 val_force=0.02022
[8800/150000] train_force=0.00374 val_force=0.02018
[8900/150000] train_force=0.004022 val_force=0.02057
[9000/150000] train_force=0.002647 val_force=0.02061
[9100/150000] train_force=0.004214 val_force=0.02079
[9200/150000] train_force=0.003255 val_force=0.02075
[9300/150000] train_force=0.002914 val_force=0.02049
[9400/150000] train_force=0.003105 val_force=0.02036
[9500/150000] train_force=0.003385 val_force=0.02049
[9600/150000] train_force=0.003087 val_force=0.02036
[9700/150000] train_force=0.002795 val_force=0.02063
[9800/150000] train_force=0.002638 val_force=0.02058
[9900/150000] train_force=0.002424 val_force=0.02065
[10000/150000] train_force=0.004019 val_force=0.02097
[10100/150000] train_force=0.003221 val_force=0.02078
[10200/150000] train_force=0.004134 val_force=0.02056
[10300/150000] train_force=0.002912 val_force=0.02066
[10400/150000] train_force=0.00232 val_force=0.02027
[10500/150000] train_force=0.003398 val_force=0.02046
[10600/150000] train_force=0.003007 val_force=0.02013
[10700/150000] train_force=0.003326 val_force=0.02108
[10800/150000] train_force=0.002388 val_force=0.02067
[10900/150000] train_force=0.002029 val_force=0.02064
[11000/150000] train_force=0.002078 val_force=0.02072
[11100/150000] train_force=0.002878 val_force=0.02026
[11200/150000] train_force=0.004798 val_force=0.02054
[11300/150000] train_force=0.003697 val_force=0.02071
[11400/150000] train_force=0.00342 val_force=0.02065
[11500/150000] train_force=0.003014 val_force=0.0213
[11600/150000] train_force=0.003656 val_force=0.02049
[11700/150000] train_force=0.00346 val_force=0.02051
[11800/150000] train_force=0.003301 val_force=0.02082
[11900/150000] train_force=0.002713 val_force=0.02042
[12000/150000] train_force=0.003191 val_force=0.02136
[12100/150000] train_force=0.002375 val_force=0.0207
[12200/150000] train_force=0.002788 val_force=0.02056
[12300/150000] train_force=0.002385 val_force=0.02046
[12400/150000] train_force=0.002793 val_force=0.02112
[12500/150000] train_force=0.002495 val_force=0.02076
[12600/150000] train_force=0.002977 val_force=0.02038
[12700/150000] train_force=0.002495 val_force=0.02088
[12800/150000] train_force=0.003482 val_force=0.02086
[12900/150000] train_force=0.002097 val_force=0.0206
[13000/150000] train_force=0.002665 val_force=0.02088
[13100/150000] train_force=0.002356 val_force=0.02064
[13200/150000] train_force=0.002817 val_force=0.02105
[13300/150000] train_force=0.002141 val_force=0.021
[13400/150000] train_force=0.002458 val_force=0.02055
[13500/150000] train_force=0.002136 val_force=0.02081
[13600/150000] train_force=0.002373 val_force=0.02145
[13700/150000] train_force=0.002838 val_force=0.02149
[13800/150000] train_force=0.002451 val_force=0.02083
[13900/150000] train_force=0.003351 val_force=0.02096
[14000/150000] train_force=0.003529 val_force=0.02068
[14100/150000] train_force=0.002374 val_force=0.02107
[14200/150000] train_force=0.002764 val_force=0.02081
[14300/150000] train_force=0.002071 val_force=0.02131
[14400/150000] train_force=0.002448 val_force=0.02136
[14500/150000] train_force=0.0027 val_force=0.02107
[14600/150000] train_force=0.002643 val_force=0.02099
[14700/150000] train_force=0.004347 val_force=0.02116
[14800/150000] train_force=0.00424 val_force=0.02111
[14900/150000] train_force=0.002595 val_force=0.02148
[15000/150000] train_force=0.002139 val_force=0.02124
[15100/150000] train_force=0.002843 val_force=0.02099
[15200/150000] train_force=0.002029 val_force=0.02092
[15300/150000] train_force=0.004248 val_force=0.02142
[15400/150000] train_force=0.002607 val_force=0.02167
[15500/150000] train_force=0.002908 val_force=0.02097
[15600/150000] train_force=0.002707 val_force=0.0217
[15700/150000] train_force=0.002429 val_force=0.02161
[15800/150000] train_force=0.002732 val_force=0.02167
[15900/150000] train_force=0.002882 val_force=0.02165
[16000/150000] train_force=0.003417 val_force=0.02132
[16100/150000] train_force=0.002167 val_force=0.02144
[16200/150000] train_force=0.002198 val_force=0.02152
[16300/150000] train_force=0.001788 val_force=0.02194
[16400/150000] train_force=0.00239 val_force=0.02187
[16500/150000] train_force=0.001963 val_force=0.02164
[16600/150000] train_force=0.002825 val_force=0.02179
[16700/150000] train_force=0.003179 val_force=0.02207
[16800/150000] train_force=0.002975 val_force=0.02202
[16900/150000] train_force=0.002347 val_force=0.02281
[17000/150000] train_force=0.003166 val_force=0.02201
[17100/150000] train_force=0.0023 val_force=0.022
[17200/150000] train_force=0.00285 val_force=0.02274
[17300/150000] train_force=0.003505 val_force=0.02206
[17400/150000] train_force=0.001888 val_force=0.02223
[17500/150000] train_force=0.002818 val_force=0.02268
[17600/150000] train_force=0.002337 val_force=0.02271
[17700/150000] train_force=0.002048 val_force=0.02242
[17800/150000] train_force=0.002989 val_force=0.023
[17900/150000] train_force=0.002098 val_force=0.02277
[18000/150000] train_force=0.002521 val_force=0.02306
[18100/150000] train_force=0.002261 val_force=0.02366
[18200/150000] train_force=0.001921 val_force=0.02381
[18300/150000] train_force=0.002607 val_force=0.02422
[18400/150000] train_force=0.003547 val_force=0.0243
[18500/150000] train_force=0.002616 val_force=0.02473
[18600/150000] train_force=0.002059 val_force=0.02504
[18700/150000] train_force=0.002006 val_force=0.02574
[18800/150000] train_force=0.002333 val_force=0.02544
[18900/150000] train_force=0.003279 val_force=0.02638
[19000/150000] train_force=0.00218 val_force=0.02629
[19100/150000] train_force=0.001909 val_force=0.02654
[19200/150000] train_force=0.002439 val_force=0.02665
[19300/150000] train_force=0.002454 val_force=0.0276
[19400/150000] train_force=0.001972 val_force=0.02714
[19500/150000] train_force=0.002621 val_force=0.02734
[19600/150000] train_force=0.004814 val_force=0.02902
[19700/150000] train_force=0.00176 val_force=0.02778
[19800/150000] train_force=0.002127 val_force=0.02792
[19900/150000] train_force=0.001862 val_force=0.02811
[20000/150000] train_force=0.004265 val_force=0.02812
[20100/150000] train_force=0.001883 val_force=0.02874
[20200/150000] train_force=0.003065 val_force=0.02845
[20300/150000] train_force=0.002433 val_force=0.02855
[20400/150000] train_force=0.001875 val_force=0.02841
[20500/150000] train_force=0.002434 val_force=0.02918
[20600/150000] train_force=0.002559 val_force=0.02896
[20700/150000] train_force=0.003569 val_force=0.02919
[20800/150000] train_force=0.002418 val_force=0.02973
[20900/150000] train_force=0.00273 val_force=0.02941
[21000/150000] train_force=0.001579 val_force=0.03009
[21100/150000] train_force=0.002988 val_force=0.03014
[21200/150000] train_force=0.002028 val_force=0.03024
[21300/150000] train_force=0.002548 val_force=0.03024
[21400/150000] train_force=0.002638 val_force=0.0297
[21500/150000] train_force=0.002908 val_force=0.031
[21600/150000] train_force=0.002741 val_force=0.03013
[21700/150000] train_force=0.002758 val_force=0.03109
[21800/150000] train_force=0.001506 val_force=0.03147
[21900/150000] train_force=0.002556 val_force=0.03174
[22000/150000] train_force=0.00223 val_force=0.03142
[22100/150000] train_force=0.001785 val_force=0.03185
[22200/150000] train_force=0.002021 val_force=0.03216
[22300/150000] train_force=0.002627 val_force=0.03138
[22400/150000] train_force=0.002671 val_force=0.03182
[22500/150000] train_force=0.002353 val_force=0.03236
[22600/150000] train_force=0.001755 val_force=0.03243
[22700/150000] train_force=0.002426 val_force=0.03286
[22800/150000] train_force=0.003256 val_force=0.03218
[22900/150000] train_force=0.002544 val_force=0.03251
[23000/150000] train_force=0.002195 val_force=0.03205
[23100/150000] train_force=0.002476 val_force=0.03332
[23200/150000] train_force=0.002117 val_force=0.03303
[23300/150000] train_force=0.002529 val_force=0.03253
[23400/150000] train_force=0.00186 val_force=0.03329
[23500/150000] train_force=0.00166 val_force=0.0334
[23600/150000] train_force=0.001876 val_force=0.03255
[23700/150000] train_force=0.001991 val_force=0.03325
[23800/150000] train_force=0.00219 val_force=0.03259
[23900/150000] train_force=0.002489 val_force=0.03336
[24000/150000] train_force=0.001788 val_force=0.03373
[24100/150000] train_force=0.001972 val_force=0.03296
[24200/150000] train_force=0.002844 val_force=0.03401
[24300/150000] train_force=0.002099 val_force=0.03347
[24400/150000] train_force=0.001491 val_force=0.0344
[24500/150000] train_force=0.001998 val_force=0.0342
[24600/150000] train_force=0.002081 val_force=0.03338
[24700/150000] train_force=0.002006 val_force=0.0329
[24800/150000] train_force=0.00189 val_force=0.0341
[24900/150000] train_force=0.001329 val_force=0.03428
[25000/150000] train_force=0.001559 val_force=0.03349
[25100/150000] train_force=0.001915 val_force=0.03276
[25200/150000] train_force=0.002512 val_force=0.03333
[25300/150000] train_force=0.002532 val_force=0.03378
[25400/150000] train_force=0.002854 val_force=0.03306
[25500/150000] train_force=0.001903 val_force=0.0342
[25600/150000] train_force=0.002186 val_force=0.03392
[25700/150000] train_force=0.001753 val_force=0.03465
[25800/150000] train_force=0.002213 val_force=0.03471
[25900/150000] train_force=0.001777 val_force=0.03439
[26000/150000] train_force=0.002154 val_force=0.03402
[26100/150000] train_force=0.001457 val_force=0.03442
[26200/150000] train_force=0.002079 val_force=0.03459
[26300/150000] train_force=0.00208 val_force=0.03343
[26400/150000] train_force=0.001936 val_force=0.03347
[26500/150000] train_force=0.002147 val_force=0.03443
[26600/150000] train_force=0.001635 val_force=0.03462
[26700/150000] train_force=0.001636 val_force=0.03423
[26800/150000] train_force=0.001851 val_force=0.03421
[26900/150000] train_force=0.002379 val_force=0.03477
[27000/150000] train_force=0.00212 val_force=0.03474
[27100/150000] train_force=0.001907 val_force=0.03452
[27200/150000] train_force=0.002364 val_force=0.03376
[27300/150000] train_force=0.001565 val_force=0.03456
[27400/150000] train_force=0.002122 val_force=0.03442
[27500/150000] train_force=0.001753 val_force=0.03442
[27600/150000] train_force=0.00159 val_force=0.03387
[27700/150000] train_force=0.001748 val_force=0.03414
[27800/150000] train_force=0.001611 val_force=0.03426
[27900/150000] train_force=0.001516 val_force=0.03408
[28000/150000] train_force=0.001942 val_force=0.03449
[28100/150000] train_force=0.001396 val_force=0.03417
[28200/150000] train_force=0.00177 val_force=0.03618
[28300/150000] train_force=0.002284 val_force=0.03463
[28400/150000] train_force=0.001777 val_force=0.03603
[28500/150000] train_force=0.001734 val_force=0.03556
[28600/150000] train_force=0.002218 val_force=0.03527
[28700/150000] train_force=0.002586 val_force=0.03492
[28800/150000] train_force=0.002011 val_force=0.03543
[28900/150000] train_force=0.001558 val_force=0.03514
[29000/150000] train_force=0.001789 val_force=0.03509
[29100/150000] train_force=0.001847 val_force=0.03618
[29200/150000] train_force=0.002377 val_force=0.03601
[29300/150000] train_force=0.0014 val_force=0.03683
[29400/150000] train_force=0.001793 val_force=0.03677
[29500/150000] train_force=0.001627 val_force=0.03671
[29600/150000] train_force=0.001565 val_force=0.03678
[29700/150000] train_force=0.001769 val_force=0.03667
[29800/150000] train_force=0.002203 val_force=0.0368
[29900/150000] train_force=0.00153 val_force=0.03685
[30000/150000] train_force=0.002411 val_force=0.03639
[30100/150000] train_force=0.00262 val_force=0.0371
[30200/150000] train_force=0.001438 val_force=0.03809
[30300/150000] train_force=0.002073 val_force=0.03746
[30400/150000] train_force=0.001695 val_force=0.0372
[30500/150000] train_force=0.00239 val_force=0.03783
[30600/150000] train_force=0.002557 val_force=0.03841
[30700/150000] train_force=0.001835 val_force=0.03744
[30800/150000] train_force=0.001993 val_force=0.03681
[30900/150000] train_force=0.002096 val_force=0.03815
[31000/150000] train_force=0.001149 val_force=0.03838
[31100/150000] train_force=0.002758 val_force=0.03848
[31200/150000] train_force=0.001407 val_force=0.03864
[31300/150000] train_force=0.001206 val_force=0.03867
[31400/150000] train_force=0.001792 val_force=0.03836
[31500/150000] train_force=0.001962 val_force=0.03906
[31600/150000] train_force=0.002708 val_force=0.03797
[31700/150000] train_force=0.002566 val_force=0.03871
[31800/150000] train_force=0.00129 val_force=0.04009
[31900/150000] train_force=0.001597 val_force=0.03929
[32000/150000] train_force=0.001438 val_force=0.03836
[32100/150000] train_force=0.001528 val_force=0.03762
[32200/150000] train_force=0.001838 val_force=0.03762
[32300/150000] train_force=0.001628 val_force=0.0389
[32400/150000] train_force=0.002748 val_force=0.03834
[32500/150000] train_force=0.001444 val_force=0.0389
[32600/150000] train_force=0.002101 val_force=0.03785
[32700/150000] train_force=0.001626 val_force=0.03862
[32800/150000] train_force=0.001675 val_force=0.03905
[32900/150000] train_force=0.001733 val_force=0.03879
[33000/150000] train_force=0.001292 val_force=0.03857
[33100/150000] train_force=0.002156 val_force=0.03819
[33200/150000] train_force=0.001761 val_force=0.03824
[33300/150000] train_force=0.002235 val_force=0.0394
[33400/150000] train_force=0.001532 val_force=0.0389
[33500/150000] train_force=0.001598 val_force=0.03916
[33600/150000] train_force=0.001743 val_force=0.03943
[33700/150000] train_force=0.002084 val_force=0.03879
[33800/150000] train_force=0.001567 val_force=0.0392
[33900/150000] train_force=0.001293 val_force=0.03994
[34000/150000] train_force=0.001314 val_force=0.03882
[34100/150000] train_force=0.00163 val_force=0.03851
[34200/150000] train_force=0.001912 val_force=0.03868
[34300/150000] train_force=0.002215 val_force=0.0394
[34400/150000] train_force=0.002096 val_force=0.03837
[34500/150000] train_force=0.002667 val_force=0.03866
[34600/150000] train_force=0.001166 val_force=0.03955
[34700/150000] train_force=0.00234 val_force=0.03878
[34800/150000] train_force=0.001439 val_force=0.03912
[34900/150000] train_force=0.002165 val_force=0.03969
[35000/150000] train_force=0.001067 val_force=0.03906
[35100/150000] train_force=0.001716 val_force=0.03886
[35200/150000] train_force=0.001982 val_force=0.03808
[35300/150000] train_force=0.001633 val_force=0.03835
[35400/150000] train_force=0.001525 val_force=0.03897
[35500/150000] train_force=0.001582 val_force=0.03851
[35600/150000] train_force=0.001515 val_force=0.03831
[35700/150000] train_force=0.001352 val_force=0.03844
[35800/150000] train_force=0.002641 val_force=0.03854
[35900/150000] train_force=0.001439 val_force=0.03845
[36000/150000] train_force=0.001471 val_force=0.0388
[36100/150000] train_force=0.001515 val_force=0.0391
[36200/150000] train_force=0.001318 val_force=0.03842
[36300/150000] train_force=0.001327 val_force=0.03837
[36400/150000] train_force=0.001438 val_force=0.03828
[36500/150000] train_force=0.001488 val_force=0.03918
[36600/150000] train_force=0.001217 val_force=0.03849
[36700/150000] train_force=0.001454 val_force=0.03849
[36800/150000] train_force=0.00143 val_force=0.0388
[36900/150000] train_force=0.001484 val_force=0.03831
[37000/150000] train_force=0.001482 val_force=0.03911
[37100/150000] train_force=0.002017 val_force=0.03834
[37200/150000] train_force=0.001166 val_force=0.03799
[37300/150000] train_force=0.001586 val_force=0.03757
[37400/150000] train_force=0.001622 val_force=0.03851
[37500/150000] train_force=0.001306 val_force=0.03857
[37600/150000] train_force=0.001571 val_force=0.03819
[37700/150000] train_force=0.001046 val_force=0.03906
[37800/150000] train_force=0.001585 val_force=0.03807
[37900/150000] train_force=0.001109 val_force=0.03889
[38000/150000] train_force=0.002345 val_force=0.03797
[38100/150000] train_force=0.001593 val_force=0.03892
[38200/150000] train_force=0.001568 val_force=0.03841
[38300/150000] train_force=0.001111 val_force=0.03831
[38400/150000] train_force=0.002025 val_force=0.03751
[38500/150000] train_force=0.0009953 val_force=0.03814
[38600/150000] train_force=0.001862 val_force=0.03809
[38700/150000] train_force=0.001135 val_force=0.03853
[38800/150000] train_force=0.001724 val_force=0.03834
[38900/150000] train_force=0.001465 val_force=0.03875
[39000/150000] train_force=0.001541 val_force=0.03857
[39100/150000] train_force=0.001654 val_force=0.03783
[39200/150000] train_force=0.001552 val_force=0.03883
[39300/150000] train_force=0.002453 val_force=0.03845
[39400/150000] train_force=0.001266 val_force=0.03785
[39500/150000] train_force=0.001393 val_force=0.03811
[39600/150000] train_force=0.0009625 val_force=0.03703
[39700/150000] train_force=0.001341 val_force=0.03778
[39800/150000] train_force=0.00178 val_force=0.0381
[39900/150000] train_force=0.002184 val_force=0.03842
[40000/150000] train_force=0.001157 val_force=0.03791
[40100/150000] train_force=0.0012 val_force=0.03703
[40200/150000] train_force=0.001884 val_force=0.03766
[40300/150000] train_force=0.001613 val_force=0.03732
[40400/150000] train_force=0.001608 val_force=0.03788
[40500/150000] train_force=0.001152 val_force=0.03777
[40600/150000] train_force=0.00163 val_force=0.03783
[40700/150000] train_force=0.001654 val_force=0.03732
[40800/150000] train_force=0.001435 val_force=0.03662
[40900/150000] train_force=0.00118 val_force=0.03762
[41000/150000] train_force=0.001946 val_force=0.03818
[41100/150000] train_force=0.001737 val_force=0.03718
[41200/150000] train_force=0.001008 val_force=0.03828
[41300/150000] train_force=0.001577 val_force=0.03753
[41400/150000] train_force=0.001288 val_force=0.03624
[41500/150000] train_force=0.001379 val_force=0.03715
[41600/150000] train_force=0.001031 val_force=0.03718
[41700/150000] train_force=0.001435 val_force=0.03725
[41800/150000] train_force=0.001085 val_force=0.03719
[41900/150000] train_force=0.00126 val_force=0.03772
[42000/150000] train_force=0.001853 val_force=0.03795
[42100/150000] train_force=0.001831 val_force=0.03808
[42200/150000] train_force=0.001202 val_force=0.03797
[42300/150000] train_force=0.001457 val_force=0.03822
[42400/150000] train_force=0.001892 val_force=0.03819
[42500/150000] train_force=0.001432 val_force=0.03771
[42600/150000] train_force=0.0009303 val_force=0.03812
[42700/150000] train_force=0.001388 val_force=0.03789
[42800/150000] train_force=0.001497 val_force=0.03789
[42900/150000] train_force=0.001485 val_force=0.03785
[43000/150000] train_force=0.001794 val_force=0.03798
[43100/150000] train_force=0.001158 val_force=0.03853
[43200/150000] train_force=0.001224 val_force=0.03788
[43300/150000] train_force=0.00119 val_force=0.0375
[43400/150000] train_force=0.001053 val_force=0.03807
[43500/150000] train_force=0.001647 val_force=0.03751
[43600/150000] train_force=0.002486 val_force=0.03759
[43700/150000] train_force=0.002001 val_force=0.0379
[43800/150000] train_force=0.001759 val_force=0.03855
[43900/150000] train_force=0.001068 val_force=0.03808
[44000/150000] train_force=0.001178 val_force=0.03833
[44100/150000] train_force=0.00103 val_force=0.03872
[44200/150000] train_force=0.001156 val_force=0.03825
[44300/150000] train_force=0.002006 val_force=0.03828
[44400/150000] train_force=0.001678 val_force=0.03849
[44500/150000] train_force=0.001062 val_force=0.03817
[44600/150000] train_force=0.001947 val_force=0.03829
[44700/150000] train_force=0.001702 val_force=0.03846
[44800/150000] train_force=0.001428 val_force=0.03847
[44900/150000] train_force=0.001908 val_force=0.03851
[45000/150000] train_force=0.001222 val_force=0.03871
[45100/150000] train_force=0.001187 val_force=0.03801
[45200/150000] train_force=0.001461 val_force=0.03861
[45300/150000] train_force=0.001778 val_force=0.03871
[45400/150000] train_force=0.001005 val_force=0.03884
[45500/150000] train_force=0.001122 val_force=0.03902
[45600/150000] train_force=0.002182 val_force=0.03902
[45700/150000] train_force=0.00234 val_force=0.0393
[45800/150000] train_force=0.001485 val_force=0.03871
[45900/150000] train_force=0.001359 val_force=0.03854
[46000/150000] train_force=0.001038 val_force=0.03871
[46100/150000] train_force=0.002029 val_force=0.03835
[46200/150000] train_force=0.0009753 val_force=0.03794
[46300/150000] train_force=0.001724 val_force=0.03819
[46400/150000] train_force=0.001756 val_force=0.03936
[46500/150000] train_force=0.001586 val_force=0.03866
[46600/150000] train_force=0.001231 val_force=0.03851
[46700/150000] train_force=0.00145 val_force=0.03849
[46800/150000] train_force=0.001567 val_force=0.0386
[46900/150000] train_force=0.001651 val_force=0.03856
[47000/150000] train_force=0.001552 val_force=0.03825
[47100/150000] train_force=0.001277 val_force=0.03836
[47200/150000] train_force=0.001136 val_force=0.03928
[47300/150000] train_force=0.001546 val_force=0.03923
[47400/150000] train_force=0.001288 val_force=0.03903
[47500/150000] train_force=0.001556 val_force=0.03802
[47600/150000] train_force=0.002432 val_force=0.03846
[47700/150000] train_force=0.001323 val_force=0.03857
[47800/150000] train_force=0.001141 val_force=0.03822
[47900/150000] train_force=0.0009213 val_force=0.03937
[48000/150000] train_force=0.001406 val_force=0.03926
[48100/150000] train_force=0.00108 val_force=0.03936
[48200/150000] train_force=0.001006 val_force=0.03959
[48300/150000] train_force=0.000877 val_force=0.03913
[48400/150000] train_force=0.001581 val_force=0.03913
[48500/150000] train_force=0.001432 val_force=0.03896
[48600/150000] train_force=0.001339 val_force=0.03967
[48700/150000] train_force=0.001064 val_force=0.03967
[48800/150000] train_force=0.001237 val_force=0.03926
[48900/150000] train_force=0.00162 val_force=0.03913
[49000/150000] train_force=0.001209 val_force=0.03909
[49100/150000] train_force=0.001368 val_force=0.03937
[49200/150000] train_force=0.001419 val_force=0.03876
[49300/150000] train_force=0.001184 val_force=0.03989
[49400/150000] train_force=0.0009871 val_force=0.03973
[49500/150000] train_force=0.001742 val_force=0.03924
[49600/150000] train_force=0.001317 val_force=0.03993
[49700/150000] train_force=0.001129 val_force=0.03936
[49800/150000] train_force=0.001388 val_force=0.03927
[49900/150000] train_force=0.0008827 val_force=0.03863
[50000/150000] train_force=0.001485 val_force=0.03959
[50100/150000] train_force=0.001125 val_force=0.03966
[50200/150000] train_force=0.001164 val_force=0.03995
[50300/150000] train_force=0.001387 val_force=0.03975
[50400/150000] train_force=0.002073 val_force=0.04006
[50500/150000] train_force=0.001578 val_force=0.03933
[50600/150000] train_force=0.001776 val_force=0.03929
[50700/150000] train_force=0.001723 val_force=0.0404
[50800/150000] train_force=0.001125 val_force=0.03921
[50900/150000] train_force=0.001855 val_force=0.03957
[51000/150000] train_force=0.001627 val_force=0.04093
[51100/150000] train_force=0.001189 val_force=0.03965
[51200/150000] train_force=0.001109 val_force=0.04014
[51300/150000] train_force=0.001126 val_force=0.03967
[51400/150000] train_force=0.001261 val_force=0.04088
[51500/150000] train_force=0.001318 val_force=0.04013
[51600/150000] train_force=0.001552 val_force=0.0395
[51700/150000] train_force=0.0008865 val_force=0.03965
[51800/150000] train_force=0.001133 val_force=0.04051
[51900/150000] train_force=0.001294 val_force=0.04009
[52000/150000] train_force=0.001124 val_force=0.03962
[52100/150000] train_force=0.0009702 val_force=0.04067
[52200/150000] train_force=0.001431 val_force=0.04088
[52300/150000] train_force=0.001192 val_force=0.04035
[52400/150000] train_force=0.001571 val_force=0.04019
[52500/150000] train_force=0.001404 val_force=0.04044
[52600/150000] train_force=0.001579 val_force=0.04103
[52700/150000] train_force=0.001368 val_force=0.04131
[52800/150000] train_force=0.001184 val_force=0.04059
[52900/150000] train_force=0.001914 val_force=0.04049
[53000/150000] train_force=0.001133 val_force=0.04023
[53100/150000] train_force=0.001495 val_force=0.04092
[53200/150000] train_force=0.0008631 val_force=0.04079
[53300/150000] train_force=0.001004 val_force=0.04012
[53400/150000] train_force=0.001316 val_force=0.03994
[53500/150000] train_force=0.001736 val_force=0.04028
[53600/150000] train_force=0.001292 val_force=0.04082
[53700/150000] train_force=0.001673 val_force=0.04094
[53800/150000] train_force=0.001484 val_force=0.04149
[53900/150000] train_force=0.001031 val_force=0.04124
[54000/150000] train_force=0.00123 val_force=0.04188
[54100/150000] train_force=0.00103 val_force=0.04162
[54200/150000] train_force=0.001265 val_force=0.04181
[54300/150000] train_force=0.001364 val_force=0.04156
[54400/150000] train_force=0.000853 val_force=0.04176
[54500/150000] train_force=0.001087 val_force=0.04199
[54600/150000] train_force=0.001202 val_force=0.0416
[54700/150000] train_force=0.001224 val_force=0.04116
[54800/150000] train_force=0.001322 val_force=0.04188
[54900/150000] train_force=0.001653 val_force=0.04186
[55000/150000] train_force=0.0008187 val_force=0.04104
[55100/150000] train_force=0.0008859 val_force=0.04202
[55200/150000] train_force=0.001157 val_force=0.04183
[55300/150000] train_force=0.001093 val_force=0.0419
[55400/150000] train_force=0.001474 val_force=0.04196
[55500/150000] train_force=0.001498 val_force=0.04143
[55600/150000] train_force=0.001982 val_force=0.04188
[55700/150000] train_force=0.001017 val_force=0.04171
[55800/150000] train_force=0.001195 val_force=0.04183
[55900/150000] train_force=0.001036 val_force=0.04229
[56000/150000] train_force=0.0008999 val_force=0.04216
[56100/150000] train_force=0.0008948 val_force=0.04192
[56200/150000] train_force=0.001089 val_force=0.04241
[56300/150000] train_force=0.00117 val_force=0.04186
[56400/150000] train_force=0.0009194 val_force=0.04175
[56500/150000] train_force=0.001074 val_force=0.04202
[56600/150000] train_force=0.0009817 val_force=0.04216
[56700/150000] train_force=0.0009247 val_force=0.04243
[56800/150000] train_force=0.001088 val_force=0.04132
[56900/150000] train_force=0.001267 val_force=0.04182
[57000/150000] train_force=0.00119 val_force=0.04296
[57100/150000] train_force=0.001099 val_force=0.04263
[57200/150000] train_force=0.000911 val_force=0.04233
[57300/150000] train_force=0.001938 val_force=0.04283
[57400/150000] train_force=0.00117 val_force=0.04279
[57500/150000] train_force=0.001321 val_force=0.04289
[57600/150000] train_force=0.0008652 val_force=0.04292
[57700/150000] train_force=0.001184 val_force=0.04336
[57800/150000] train_force=0.001253 val_force=0.04351
[57900/150000] train_force=0.00165 val_force=0.0433
[58000/150000] train_force=0.001564 val_force=0.04263
[58100/150000] train_force=0.001373 val_force=0.04287
[58200/150000] train_force=0.00169 val_force=0.04298
[58300/150000] train_force=0.001236 val_force=0.04262
[58400/150000] train_force=0.001803 val_force=0.0431
[58500/150000] train_force=0.0007986 val_force=0.04273
[58600/150000] train_force=0.0009988 val_force=0.04337
[58700/150000] train_force=0.0008332 val_force=0.04331
[58800/150000] train_force=0.0009394 val_force=0.04317
[58900/150000] train_force=0.001075 val_force=0.04299
[59000/150000] train_force=0.001182 val_force=0.04305
[59100/150000] train_force=0.001098 val_force=0.04315
[59200/150000] train_force=0.001246 val_force=0.04315
[59300/150000] train_force=0.001073 val_force=0.04321
[59400/150000] train_force=0.001289 val_force=0.04438
[59500/150000] train_force=0.001419 val_force=0.04305
[59600/150000] train_force=0.000886 val_force=0.04355
[59700/150000] train_force=0.00117 val_force=0.04459
[59800/150000] train_force=0.001266 val_force=0.04281
[59900/150000] train_force=0.001079 val_force=0.04378
[60000/150000] train_force=0.001244 val_force=0.0435
[60100/150000] train_force=0.001097 val_force=0.044
[60200/150000] train_force=0.0009922 val_force=0.04288
[60300/150000] train_force=0.00128 val_force=0.04415
[60400/150000] train_force=0.0007186 val_force=0.04373
[60500/150000] train_force=0.0009389 val_force=0.04395
[60600/150000] train_force=0.001122 val_force=0.04315
[60700/150000] train_force=0.0006732 val_force=0.04372
[60800/150000] train_force=0.001509 val_force=0.04312
[60900/150000] train_force=0.001059 val_force=0.04485
[61000/150000] train_force=0.001228 val_force=0.04381
[61100/150000] train_force=0.001096 val_force=0.04398
[61200/150000] train_force=0.001449 val_force=0.04444
[61300/150000] train_force=0.001046 val_force=0.04403
[61400/150000] train_force=0.001141 val_force=0.0447
[61500/150000] train_force=0.001129 val_force=0.04347
[61600/150000] train_force=0.0009763 val_force=0.04352
[61700/150000] train_force=0.0008124 val_force=0.04399
[61800/150000] train_force=0.001089 val_force=0.04358
[61900/150000] train_force=0.000629 val_force=0.0448
[62000/150000] train_force=0.001196 val_force=0.04436
[62100/150000] train_force=0.000874 val_force=0.04324
[62200/150000] train_force=0.0007841 val_force=0.04373
[62300/150000] train_force=0.001079 val_force=0.04443
[62400/150000] train_force=0.0006608 val_force=0.04359
[62500/150000] train_force=0.00101 val_force=0.04403
[62600/150000] train_force=0.0009531 val_force=0.04396
[62700/150000] train_force=0.0008779 val_force=0.04341
[62800/150000] train_force=0.0009074 val_force=0.04303
[62900/150000] train_force=0.0011 val_force=0.04359
[63000/150000] train_force=0.000894 val_force=0.04386
[63100/150000] train_force=0.00119 val_force=0.04362
[63200/150000] train_force=0.001094 val_force=0.04351
[63300/150000] train_force=0.001144 val_force=0.04275
[63400/150000] train_force=0.0008792 val_force=0.04266
[63500/150000] train_force=0.0008146 val_force=0.04253
[63600/150000] train_force=0.001218 val_force=0.04265
[63700/150000] train_force=0.00141 val_force=0.04292
[63800/150000] train_force=0.0006321 val_force=0.04303
[63900/150000] train_force=0.0008276 val_force=0.04269
[64000/150000] train_force=0.0009071 val_force=0.04303
[64100/150000] train_force=0.000916 val_force=0.04213
[64200/150000] train_force=0.001298 val_force=0.04317
[64300/150000] train_force=0.0008105 val_force=0.0428
[64400/150000] train_force=0.0007366 val_force=0.04302
[64500/150000] train_force=0.0008377 val_force=0.04303
[64600/150000] train_force=0.0009779 val_force=0.04211
[64700/150000] train_force=0.000822 val_force=0.04242
[64800/150000] train_force=0.0007668 val_force=0.04247
[64900/150000] train_force=0.00135 val_force=0.04273
[65000/150000] train_force=0.0006664 val_force=0.04234
[65100/150000] train_force=0.0009956 val_force=0.04252
[65200/150000] train_force=0.0007523 val_force=0.04221
[65300/150000] train_force=0.0009342 val_force=0.04271
[65400/150000] train_force=0.0009187 val_force=0.04239
[65500/150000] train_force=0.0008224 val_force=0.04182
[65600/150000] train_force=0.0006928 val_force=0.04188
[65700/150000] train_force=0.0008544 val_force=0.04178
[65800/150000] train_force=0.0008472 val_force=0.04247
[65900/150000] train_force=0.0009993 val_force=0.0429
[66000/150000] train_force=0.0008649 val_force=0.0418
[66100/150000] train_force=0.000609 val_force=0.04243
[66200/150000] train_force=0.0007746 val_force=0.04207
[66300/150000] train_force=0.0007568 val_force=0.04186
[66400/150000] train_force=0.001111 val_force=0.04182
[66500/150000] train_force=0.001036 val_force=0.04172
[66600/150000] train_force=0.001107 val_force=0.04116
[66700/150000] train_force=0.0009668 val_force=0.04121
[66800/150000] train_force=0.0009122 val_force=0.04108
[66900/150000] train_force=0.001212 val_force=0.04122
[67000/150000] train_force=0.0007652 val_force=0.04201
[67100/150000] train_force=0.0009683 val_force=0.04129
[67200/150000] train_force=0.0006151 val_force=0.04108
[67300/150000] train_force=0.001022 val_force=0.04234
[67400/150000] train_force=0.0008241 val_force=0.04099
[67500/150000] train_force=0.0006045 val_force=0.04127
[67600/150000] train_force=0.0008698 val_force=0.04158
[67700/150000] train_force=0.001057 val_force=0.04149
[67800/150000] train_force=0.0007198 val_force=0.04115
[67900/150000] train_force=0.0008136 val_force=0.04106
[68000/150000] train_force=0.000938 val_force=0.04076
[68100/150000] train_force=0.0007419 val_force=0.04099
[68200/150000] train_force=0.0006123 val_force=0.04127
[68300/150000] train_force=0.0007093 val_force=0.04085
[68400/150000] train_force=0.0006953 val_force=0.04067
[68500/150000] train_force=0.0008932 val_force=0.04057
[68600/150000] train_force=0.001091 val_force=0.03988
[68700/150000] train_force=0.0007586 val_force=0.04099
[68800/150000] train_force=0.0009052 val_force=0.04087
[68900/150000] train_force=0.00085 val_force=0.04099
[69000/150000] train_force=0.0009895 val_force=0.04044
[69100/150000] train_force=0.0007544 val_force=0.04103
[69200/150000] train_force=0.001015 val_force=0.04103
[69300/150000] train_force=0.0009676 val_force=0.04044
[69400/150000] train_force=0.0007835 val_force=0.04046
[69500/150000] train_force=0.0006058 val_force=0.04013
[69600/150000] train_force=0.0008925 val_force=0.0406
[69700/150000] train_force=0.0007096 val_force=0.04052
[69800/150000] train_force=0.0007623 val_force=0.0408
[69900/150000] train_force=0.0007313 val_force=0.04059
[70000/150000] train_force=0.00083 val_force=0.04057
[70100/150000] train_force=0.0006967 val_force=0.04068
[70200/150000] train_force=0.0005658 val_force=0.04064
[70300/150000] train_force=0.0007502 val_force=0.04025
[70400/150000] train_force=0.0008936 val_force=0.04047
[70500/150000] train_force=0.0009068 val_force=0.04053
[70600/150000] train_force=0.0006552 val_force=0.04035
[70700/150000] train_force=0.0008233 val_force=0.04024
[70800/150000] train_force=0.0007897 val_force=0.0404
[70900/150000] train_force=0.001102 val_force=0.03995
[71000/150000] train_force=0.0005027 val_force=0.04093
[71100/150000] train_force=0.000627 val_force=0.03984
[71200/150000] train_force=0.0006199 val_force=0.04034
[71300/150000] train_force=0.0008778 val_force=0.03987
[71400/150000] train_force=0.001012 val_force=0.04013
[71500/150000] train_force=0.0009149 val_force=0.03993
[71600/150000] train_force=0.0008243 val_force=0.04028
[71700/150000] train_force=0.0008477 val_force=0.04027
[71800/150000] train_force=0.0007336 val_force=0.04023
[71900/150000] train_force=0.000837 val_force=0.04033
[72000/150000] train_force=0.0009925 val_force=0.04009
[72100/150000] train_force=0.0006647 val_force=0.04002
[72200/150000] train_force=0.0005453 val_force=0.03994
[72300/150000] train_force=0.0006561 val_force=0.04047
[72400/150000] train_force=0.001028 val_force=0.0402
[72500/150000] train_force=0.001212 val_force=0.04009
[72600/150000] train_force=0.0006046 val_force=0.04049
[72700/150000] train_force=0.0009763 val_force=0.04051
[72800/150000] train_force=0.0009484 val_force=0.04031
[72900/150000] train_force=0.001043 val_force=0.03965
[73000/150000] train_force=0.0007323 val_force=0.04001
[73100/150000] train_force=0.0006464 val_force=0.04018
[73200/150000] train_force=0.0005376 val_force=0.03994
[73300/150000] train_force=0.0006175 val_force=0.04003
[73400/150000] train_force=0.0007698 val_force=0.04008
[73500/150000] train_force=0.0007395 val_force=0.04005
[73600/150000] train_force=0.0006899 val_force=0.03968
[73700/150000] train_force=0.0005537 val_force=0.04002
[73800/150000] train_force=0.0008189 val_force=0.0401
[73900/150000] train_force=0.000655 val_force=0.0403
[74000/150000] train_force=0.00107 val_force=0.03992
[74100/150000] train_force=0.0006959 val_force=0.04029
[74200/150000] train_force=0.0007933 val_force=0.04003
[74300/150000] train_force=0.0009085 val_force=0.03975
[74400/150000] train_force=0.001242 val_force=0.04007
[74500/150000] train_force=0.000698 val_force=0.0398
[74600/150000] train_force=0.0009144 val_force=0.03981
[74700/150000] train_force=0.0006413 val_force=0.04022
[74800/150000] train_force=0.0007566 val_force=0.03969
[74900/150000] train_force=0.000697 val_force=0.0398
[75000/150000] train_force=0.001099 val_force=0.03996
[75100/150000] train_force=0.001228 val_force=0.04016
[75200/150000] train_force=0.0007174 val_force=0.03974
[75300/150000] train_force=0.0008535 val_force=0.04001
[75400/150000] train_force=0.000677 val_force=0.03989
[75500/150000] train_force=0.000575 val_force=0.04009
[75600/150000] train_force=0.0005648 val_force=0.03993
[75700/150000] train_force=0.0008952 val_force=0.04024
[75800/150000] train_force=0.0005748 val_force=0.03968
[75900/150000] train_force=0.001366 val_force=0.03997
[76000/150000] train_force=0.0005284 val_force=0.03951
[76100/150000] train_force=0.0007823 val_force=0.04021
[76200/150000] train_force=0.0005832 val_force=0.03978
[76300/150000] train_force=0.0008719 val_force=0.03947
[76400/150000] train_force=0.001098 val_force=0.0398
[76500/150000] train_force=0.0009971 val_force=0.03983
[76600/150000] train_force=0.0007821 val_force=0.04006
[76700/150000] train_force=0.001431 val_force=0.04063
[76800/150000] train_force=0.0005478 val_force=0.03952
[76900/150000] train_force=0.0007195 val_force=0.03988
[77000/150000] train_force=0.001145 val_force=0.0395
[77100/150000] train_force=0.0007515 val_force=0.03949
[77200/150000] train_force=0.001139 val_force=0.03928
[77300/150000] train_force=0.0007603 val_force=0.03977
[77400/150000] train_force=0.0009962 val_force=0.03956
[77500/150000] train_force=0.0008976 val_force=0.03944
[77600/150000] train_force=0.0005278 val_force=0.03976
[77700/150000] train_force=0.0008252 val_force=0.04006
[77800/150000] train_force=0.0005971 val_force=0.04
[77900/150000] train_force=0.0008579 val_force=0.0395
[78000/150000] train_force=0.0005754 val_force=0.03984
[78100/150000] train_force=0.0006318 val_force=0.03968
[78200/150000] train_force=0.0007516 val_force=0.03945
[78300/150000] train_force=0.0008089 val_force=0.03969
[78400/150000] train_force=0.0007812 val_force=0.03936
[78500/150000] train_force=0.0007349 val_force=0.03968
[78600/150000] train_force=0.000488 val_force=0.03966
[78700/150000] train_force=0.001138 val_force=0.03965
[78800/150000] train_force=0.0004857 val_force=0.03958
[78900/150000] train_force=0.0007105 val_force=0.03956
[79000/150000] train_force=0.0005639 val_force=0.04007
[79100/150000] train_force=0.0009091 val_force=0.03982
[79200/150000] train_force=0.0006861 val_force=0.03939
[79300/150000] train_force=0.0008133 val_force=0.03955
[79400/150000] train_force=0.0006092 val_force=0.03934
[79500/150000] train_force=0.0006587 val_force=0.03936
[79600/150000] train_force=0.0004664 val_force=0.03945
[79700/150000] train_force=0.000447 val_force=0.03923
[79800/150000] train_force=0.0004717 val_force=0.03981
[79900/150000] train_force=0.0006525 val_force=0.03928
[80000/150000] train_force=0.0007596 val_force=0.03967
[80100/150000] train_force=0.0006923 val_force=0.03997
[80200/150000] train_force=0.0005364 val_force=0.03973
[80300/150000] train_force=0.0008024 val_force=0.03967
[80400/150000] train_force=0.0005734 val_force=0.0395
[80500/150000] train_force=0.000444 val_force=0.03946
[80600/150000] train_force=0.0007461 val_force=0.03957
[80700/150000] train_force=0.0009582 val_force=0.03948
[80800/150000] train_force=0.0006151 val_force=0.03977
[80900/150000] train_force=0.0006581 val_force=0.03976
[81000/150000] train_force=0.000657 val_force=0.03977
[81100/150000] train_force=0.0007591 val_force=0.03928
[81200/150000] train_force=0.0006704 val_force=0.0398
[81300/150000] train_force=0.0008445 val_force=0.03991
[81400/150000] train_force=0.0005641 val_force=0.03957
[81500/150000] train_force=0.0005878 val_force=0.03955
[81600/150000] train_force=0.0007486 val_force=0.0395
[81700/150000] train_force=0.0005982 val_force=0.03989
[81800/150000] train_force=0.0007376 val_force=0.03989
[81900/150000] train_force=0.0005094 val_force=0.03975
[82000/150000] train_force=0.0006118 val_force=0.03984
[82100/150000] train_force=0.0005087 val_force=0.03991
[82200/150000] train_force=0.0009774 val_force=0.03988
[82300/150000] train_force=0.0005795 val_force=0.04012
[82400/150000] train_force=0.0005623 val_force=0.04017
[82500/150000] train_force=0.0007827 val_force=0.04023
[82600/150000] train_force=0.0004739 val_force=0.04025
[82700/150000] train_force=0.0007355 val_force=0.04045
[82800/150000] train_force=0.0006444 val_force=0.04049
[82900/150000] train_force=0.0006423 val_force=0.04026
[83000/150000] train_force=0.0006057 val_force=0.0399
[83100/150000] train_force=0.0008162 val_force=0.04024
[83200/150000] train_force=0.0008775 val_force=0.04038
[83300/150000] train_force=0.0007408 val_force=0.03993
[83400/150000] train_force=0.0008431 val_force=0.04036
[83500/150000] train_force=0.0006512 val_force=0.04026
[83600/150000] train_force=0.0004933 val_force=0.04045
[83700/150000] train_force=0.0007642 val_force=0.04061
[83800/150000] train_force=0.0005218 val_force=0.04043
[83900/150000] train_force=0.0006838 val_force=0.04111
[84000/150000] train_force=0.001264 val_force=0.04075
[84100/150000] train_force=0.0007257 val_force=0.04034
[84200/150000] train_force=0.0008073 val_force=0.04037
[84300/150000] train_force=0.0004874 val_force=0.04048
[84400/150000] train_force=0.0008179 val_force=0.04049
[84500/150000] train_force=0.0008798 val_force=0.04038
[84600/150000] train_force=0.0005393 val_force=0.04044
[84700/150000] train_force=0.0007253 val_force=0.04063
[84800/150000] train_force=0.0005922 val_force=0.04048
[84900/150000] train_force=0.0009467 val_force=0.04082
[85000/150000] train_force=0.0006489 val_force=0.04093
[85100/150000] train_force=0.0006136 val_force=0.04041
[85200/150000] train_force=0.0007548 val_force=0.04109
[85300/150000] train_force=0.0006549 val_force=0.04126
[85400/150000] train_force=0.0009375 val_force=0.041
[85500/150000] train_force=0.0005637 val_force=0.04089
[85600/150000] train_force=0.0007709 val_force=0.04096
[85700/150000] train_force=0.0005261 val_force=0.04049
[85800/150000] train_force=0.001074 val_force=0.04111
[85900/150000] train_force=0.000757 val_force=0.04079
[86000/150000] train_force=0.0008191 val_force=0.04125
[86100/150000] train_force=0.000731 val_force=0.04142
[86200/150000] train_force=0.000748 val_force=0.04118
[86300/150000] train_force=0.0007029 val_force=0.04151
[86400/150000] train_force=0.0004623 val_force=0.0407
[86500/150000] train_force=0.0005778 val_force=0.04101
[86600/150000] train_force=0.001021 val_force=0.04121
[86700/150000] train_force=0.0007073 val_force=0.04117
[86800/150000] train_force=0.0008501 val_force=0.04113
[86900/150000] train_force=0.0006492 val_force=0.04162
[87000/150000] train_force=0.0005009 val_force=0.04158
[87100/150000] train_force=0.0007294 val_force=0.04135
[87200/150000] train_force=0.0004688 val_force=0.04169
[87300/150000] train_force=0.0005117 val_force=0.04157
[87400/150000] train_force=0.0005405 val_force=0.04123
[87500/150000] train_force=0.0004416 val_force=0.04133
[87600/150000] train_force=0.0004557 val_force=0.04157
[87700/150000] train_force=0.0009414 val_force=0.04104
[87800/150000] train_force=0.0007095 val_force=0.04115
[87900/150000] train_force=0.0008448 val_force=0.0415
[88000/150000] train_force=0.0007541 val_force=0.04118
[88100/150000] train_force=0.0008235 val_force=0.04141
[88200/150000] train_force=0.0004603 val_force=0.04091
[88300/150000] train_force=0.001099 val_force=0.0407
[88400/150000] train_force=0.0006315 val_force=0.04094
[88500/150000] train_force=0.001391 val_force=0.04106
[88600/150000] train_force=0.0006208 val_force=0.04117
[88700/150000] train_force=0.000471 val_force=0.04171
[88800/150000] train_force=0.001025 val_force=0.04188
[88900/150000] train_force=0.0003978 val_force=0.04148
[89000/150000] train_force=0.0005003 val_force=0.04125
[89100/150000] train_force=0.0007962 val_force=0.04189
[89200/150000] train_force=0.001011 val_force=0.04117
[89300/150000] train_force=0.0004521 val_force=0.04105
[89400/150000] train_force=0.0004471 val_force=0.04155
[89500/150000] train_force=0.000712 val_force=0.04131
[89600/150000] train_force=0.000938 val_force=0.04161
[89700/150000] train_force=0.0004673 val_force=0.04172
[89800/150000] train_force=0.0004473 val_force=0.04151
[89900/150000] train_force=0.0007416 val_force=0.0416
[90000/150000] train_force=0.0004427 val_force=0.04217
[90100/150000] train_force=0.0003972 val_force=0.0418
[90200/150000] train_force=0.0007237 val_force=0.04196
[90300/150000] train_force=0.0006147 val_force=0.04201
[90400/150000] train_force=0.0005234 val_force=0.04223
[90500/150000] train_force=0.0006415 val_force=0.04203
[90600/150000] train_force=0.000933 val_force=0.04159
[90700/150000] train_force=0.0009277 val_force=0.04182
[90800/150000] train_force=0.0006475 val_force=0.04176
[90900/150000] train_force=0.0007095 val_force=0.04211
[91000/150000] train_force=0.000496 val_force=0.04205
[91100/150000] train_force=0.0005411 val_force=0.04218
[91200/150000] train_force=0.0006151 val_force=0.04212
[91300/150000] train_force=0.0004883 val_force=0.04159
[91400/150000] train_force=0.0003948 val_force=0.04162
[91500/150000] train_force=0.0007991 val_force=0.04204
[91600/150000] train_force=0.0008995 val_force=0.04152
[91700/150000] train_force=0.0006119 val_force=0.04192
[91800/150000] train_force=0.0005163 val_force=0.04161
[91900/150000] train_force=0.0007519 val_force=0.04214
[92000/150000] train_force=0.0007603 val_force=0.04184
[92100/150000] train_force=0.001254 val_force=0.04222
[92200/150000] train_force=0.000744 val_force=0.04256
[92300/150000] train_force=0.0006649 val_force=0.04227
[92400/150000] train_force=0.0005064 val_force=0.04199
[92500/150000] train_force=0.0008224 val_force=0.04179
[92600/150000] train_force=0.0007109 val_force=0.04246
[92700/150000] train_force=0.0003482 val_force=0.04231
[92800/150000] train_force=0.0007274 val_force=0.04201
[92900/150000] train_force=0.000455 val_force=0.04211
[93000/150000] train_force=0.0006733 val_force=0.04224
[93100/150000] train_force=0.0008405 val_force=0.04211
[93200/150000] train_force=0.0005124 val_force=0.04212
[93300/150000] train_force=0.0007483 val_force=0.04194
[93400/150000] train_force=0.001033 val_force=0.04227
[93500/150000] train_force=0.0004359 val_force=0.04252
[93600/150000] train_force=0.0004178 val_force=0.04272
[93700/150000] train_force=0.0005212 val_force=0.04238
[93800/150000] train_force=0.0005203 val_force=0.04228
[93900/150000] train_force=0.0009506 val_force=0.0426
[94000/150000] train_force=0.0004016 val_force=0.04232
[94100/150000] train_force=0.0005394 val_force=0.04232
[94200/150000] train_force=0.0003558 val_force=0.04263
[94300/150000] train_force=0.0008737 val_force=0.04267
[94400/150000] train_force=0.0008479 val_force=0.04267
[94500/150000] train_force=0.0004879 val_force=0.04293
[94600/150000] train_force=0.0004789 val_force=0.04281
[94700/150000] train_force=0.0004904 val_force=0.04264
[94800/150000] train_force=0.000652 val_force=0.04284
[94900/150000] train_force=0.0008866 val_force=0.04243
[95000/150000] train_force=0.0005248 val_force=0.04288
[95100/150000] train_force=0.0005968 val_force=0.04277
[95200/150000] train_force=0.0009324 val_force=0.04304
[95300/150000] train_force=0.000627 val_force=0.04269
[95400/150000] train_force=0.0004714 val_force=0.04296
[95500/150000] train_force=0.0004588 val_force=0.04273
[95600/150000] train_force=0.0009707 val_force=0.04308
[95700/150000] train_force=0.0007496 val_force=0.04311
[95800/150000] train_force=0.001463 val_force=0.04292
[95900/150000] train_force=0.0005502 val_force=0.0429
[96000/150000] train_force=0.0003987 val_force=0.04309
[96100/150000] train_force=0.0005538 val_force=0.04311
[96200/150000] train_force=0.0006549 val_force=0.04321
[96300/150000] train_force=0.0006417 val_force=0.04335
[96400/150000] train_force=0.0004983 val_force=0.04291
[96500/150000] train_force=0.0003977 val_force=0.04325
[96600/150000] train_force=0.0005225 val_force=0.04325
[96700/150000] train_force=0.001404 val_force=0.04345
[96800/150000] train_force=0.000611 val_force=0.04349
[96900/150000] train_force=0.0007578 val_force=0.04317
[97000/150000] train_force=0.0005357 val_force=0.04287
[97100/150000] train_force=0.0003552 val_force=0.04341
[97200/150000] train_force=0.0003423 val_force=0.04313
[97300/150000] train_force=0.0005989 val_force=0.04348
[97400/150000] train_force=0.0004487 val_force=0.04339
[97500/150000] train_force=0.0006037 val_force=0.04334
[97600/150000] train_force=0.0008282 val_force=0.04341
[97700/150000] train_force=0.0008351 val_force=0.04397
[97800/150000] train_force=0.000748 val_force=0.04358
[97900/150000] train_force=0.000619 val_force=0.04396
[98000/150000] train_force=0.0005341 val_force=0.04341
[98100/150000] train_force=0.0008517 val_force=0.04402
[98200/150000] train_force=0.0004415 val_force=0.04363
[98300/150000] train_force=0.0006181 val_force=0.04377
[98400/150000] train_force=0.0003577 val_force=0.04384
[98500/150000] train_force=0.001058 val_force=0.04397
[98600/150000] train_force=0.0005193 val_force=0.04415
[98700/150000] train_force=0.0004477 val_force=0.04377
[98800/150000] train_force=0.0008404 val_force=0.04353
[98900/150000] train_force=0.0004452 val_force=0.04363
[99000/150000] train_force=0.0005332 val_force=0.04386
[99100/150000] train_force=0.0006182 val_force=0.04405
[99200/150000] train_force=0.0007544 val_force=0.04369
[99300/150000] train_force=0.0004625 val_force=0.04351
[99400/150000] train_force=0.0006185 val_force=0.04411
[99500/150000] train_force=0.0007697 val_force=0.0437
[99600/150000] train_force=0.0006952 val_force=0.04417
[99700/150000] train_force=0.001133 val_force=0.04434
[99800/150000] train_force=0.0005866 val_force=0.04407
[99900/150000] train_force=0.0004741 val_force=0.04448
[100000/150000] train_force=0.0003619 val_force=0.04462
[100100/150000] train_force=0.0008254 val_force=0.04406
[100200/150000] train_force=0.0005388 val_force=0.04404
[100300/150000] train_force=0.0004955 val_force=0.04428
[100400/150000] train_force=0.0007787 val_force=0.04449
[100500/150000] train_force=0.0005081 val_force=0.04414
[100600/150000] train_force=0.0003533 val_force=0.04438
[100700/150000] train_force=0.0004111 val_force=0.04411
[100800/150000] train_force=0.0003475 val_force=0.04439
[100900/150000] train_force=0.0003605 val_force=0.04419
[101000/150000] train_force=0.0003964 val_force=0.04437
[101100/150000] train_force=0.000471 val_force=0.04463
[101200/150000] train_force=0.0003624 val_force=0.04446
[101300/150000] train_force=0.0005497 val_force=0.0449
[101400/150000] train_force=0.0003265 val_force=0.04464
[101500/150000] train_force=0.0008276 val_force=0.04435
[101600/150000] train_force=0.0003984 val_force=0.04476
[101700/150000] train_force=0.0005394 val_force=0.04473
[101800/150000] train_force=0.0007788 val_force=0.04471
[101900/150000] train_force=0.0007999 val_force=0.04472
[102000/150000] train_force=0.0005543 val_force=0.04475
[102100/150000] train_force=0.0007203 val_force=0.04468
[102200/150000] train_force=0.0003503 val_force=0.0448
[102300/150000] train_force=0.0006516 val_force=0.04513
[102400/150000] train_force=0.0006269 val_force=0.04511
[102500/150000] train_force=0.0006661 val_force=0.04516
[102600/150000] train_force=0.000446 val_force=0.04488
[102700/150000] train_force=0.0006689 val_force=0.0445
[102800/150000] train_force=0.0005636 val_force=0.04471
[102900/150000] train_force=0.0004083 val_force=0.04461
[103000/150000] train_force=0.0003512 val_force=0.04477
[103100/150000] train_force=0.000398 val_force=0.04484
[103200/150000] train_force=0.001467 val_force=0.04499
[103300/150000] train_force=0.0004659 val_force=0.04498
[103400/150000] train_force=0.0003622 val_force=0.04512
[103500/150000] train_force=0.0003113 val_force=0.04498
[103600/150000] train_force=0.0003789 val_force=0.04544
[103700/150000] train_force=0.000409 val_force=0.04586
[103800/150000] train_force=0.0003567 val_force=0.04535
[103900/150000] train_force=0.000752 val_force=0.04522
[104000/150000] train_force=0.0003608 val_force=0.04542
[104100/150000] train_force=0.000419 val_force=0.04543
[104200/150000] train_force=0.0003884 val_force=0.04555
[104300/150000] train_force=0.0003123 val_force=0.04555
[104400/150000] train_force=0.0004974 val_force=0.04508
[104500/150000] train_force=0.0005106 val_force=0.04547
[104600/150000] train_force=0.0004101 val_force=0.04532
[104700/150000] train_force=0.0003923 val_force=0.0455
[104800/150000] train_force=0.0009367 val_force=0.04487
[104900/150000] train_force=0.0006845 val_force=0.04561
[105000/150000] train_force=0.0005001 val_force=0.04575
[105100/150000] train_force=0.0007376 val_force=0.04591
[105200/150000] train_force=0.0004364 val_force=0.04562
[105300/150000] train_force=0.0006754 val_force=0.04555
[105400/150000] train_force=0.0004053 val_force=0.04529
[105500/150000] train_force=0.0004058 val_force=0.04567
[105600/150000] train_force=0.0004411 val_force=0.04559
[105700/150000] train_force=0.0007497 val_force=0.04562
[105800/150000] train_force=0.000337 val_force=0.04543
[105900/150000] train_force=0.000753 val_force=0.04555
[106000/150000] train_force=0.0004833 val_force=0.04635
[106100/150000] train_force=0.0003679 val_force=0.0462
[106200/150000] train_force=0.0004063 val_force=0.0457
[106300/150000] train_force=0.0004618 val_force=0.0458
[106400/150000] train_force=0.0005475 val_force=0.04602
[106500/150000] train_force=0.001502 val_force=0.04605
[106600/150000] train_force=0.001196 val_force=0.04572
[106700/150000] train_force=0.0005798 val_force=0.04584
[106800/150000] train_force=0.000784 val_force=0.04592
[106900/150000] train_force=0.0006534 val_force=0.04588
[107000/150000] train_force=0.0003934 val_force=0.04609
[107100/150000] train_force=0.0003853 val_force=0.04545
[107200/150000] train_force=0.0004711 val_force=0.04611
[107300/150000] train_force=0.0003594 val_force=0.04577
[107400/150000] train_force=0.0003483 val_force=0.04616
[107500/150000] train_force=0.0005512 val_force=0.04624
[107600/150000] train_force=0.0008813 val_force=0.04569
[107700/150000] train_force=0.0004123 val_force=0.04561
[107800/150000] train_force=0.0003714 val_force=0.04608
[107900/150000] train_force=0.001246 val_force=0.0458
[108000/150000] train_force=0.0007643 val_force=0.0458
[108100/150000] train_force=0.0008656 val_force=0.04603
[108200/150000] train_force=0.0005387 val_force=0.04621
[108300/150000] train_force=0.0005738 val_force=0.04628
[108400/150000] train_force=0.0003632 val_force=0.04627
[108500/150000] train_force=0.0003602 val_force=0.04572
[108600/150000] train_force=0.0004096 val_force=0.04602
[108700/150000] train_force=0.0003611 val_force=0.04666
[108800/150000] train_force=0.0005872 val_force=0.04621
[108900/150000] train_force=0.0005324 val_force=0.04624
[109000/150000] train_force=0.0005509 val_force=0.04625
[109100/150000] train_force=0.0004374 val_force=0.04607
[109200/150000] train_force=0.0004969 val_force=0.04625
[109300/150000] train_force=0.0005705 val_force=0.04617
[109400/150000] train_force=0.0004823 val_force=0.04684
[109500/150000] train_force=0.0008069 val_force=0.04653
[109600/150000] train_force=0.0005248 val_force=0.04641
[109700/150000] train_force=0.0003638 val_force=0.04671
[109800/150000] train_force=0.0004346 val_force=0.04625
[109900/150000] train_force=0.0004588 val_force=0.0462
[110000/150000] train_force=0.0003272 val_force=0.0467
[110100/150000] train_force=0.0005504 val_force=0.04605
[110200/150000] train_force=0.0005378 val_force=0.04654
[110300/150000] train_force=0.0005168 val_force=0.04713
[110400/150000] train_force=0.0007426 val_force=0.04663
[110500/150000] train_force=0.0003283 val_force=0.04666
[110600/150000] train_force=0.0004419 val_force=0.04695
[110700/150000] train_force=0.0003834 val_force=0.04691
[110800/150000] train_force=0.0003189 val_force=0.04677
[110900/150000] train_force=0.0008062 val_force=0.04679
[111000/150000] train_force=0.0004213 val_force=0.04703
[111100/150000] train_force=0.0004196 val_force=0.047
[111200/150000] train_force=0.0006268 val_force=0.0466
[111300/150000] train_force=0.0006312 val_force=0.04691
[111400/150000] train_force=0.0007397 val_force=0.04686
[111500/150000] train_force=0.0008281 val_force=0.04674
[111600/150000] train_force=0.0005484 val_force=0.04642
[111700/150000] train_force=0.000368 val_force=0.04655
[111800/150000] train_force=0.0005204 val_force=0.04722
[111900/150000] train_force=0.0003669 val_force=0.04698
[112000/150000] train_force=0.0005766 val_force=0.04675
[112100/150000] train_force=0.0007047 val_force=0.04672
[112200/150000] train_force=0.0004357 val_force=0.04707
[112300/150000] train_force=0.0004543 val_force=0.04671
[112400/150000] train_force=0.001088 val_force=0.0471
[112500/150000] train_force=0.0004621 val_force=0.04704
[112600/150000] train_force=0.0003809 val_force=0.0464
[112700/150000] train_force=0.0003495 val_force=0.04684
[112800/150000] train_force=0.0007929 val_force=0.04694
[112900/150000] train_force=0.0003044 val_force=0.04676
[113000/150000] train_force=0.0003867 val_force=0.04707
[113100/150000] train_force=0.0008527 val_force=0.04722
[113200/150000] train_force=0.0007358 val_force=0.04607
[113300/150000] train_force=0.0007265 val_force=0.047
[113400/150000] train_force=0.0003563 val_force=0.04697
[113500/150000] train_force=0.0009206 val_force=0.04731
[113600/150000] train_force=0.0003348 val_force=0.04728
[113700/150000] train_force=0.0006661 val_force=0.04691
[113800/150000] train_force=0.0008905 val_force=0.04705
[113900/150000] train_force=0.0004061 val_force=0.04739
[114000/150000] train_force=0.0004184 val_force=0.04729
[114100/150000] train_force=0.0005208 val_force=0.04748
[114200/150000] train_force=0.0008682 val_force=0.04683
[114300/150000] train_force=0.0006167 val_force=0.04692
[114400/150000] train_force=0.0005605 val_force=0.04726
[114500/150000] train_force=0.0006351 val_force=0.0475
[114600/150000] train_force=0.0006324 val_force=0.04741
[114700/150000] train_force=0.0003207 val_force=0.04732
[114800/150000] train_force=0.0003343 val_force=0.04677
[114900/150000] train_force=0.0005715 val_force=0.04724
[115000/150000] train_force=0.0005758 val_force=0.04721
[115100/150000] train_force=0.0005032 val_force=0.04747
[115200/150000] train_force=0.0003352 val_force=0.04733
[115300/150000] train_force=0.0004213 val_force=0.04757
[115400/150000] train_force=0.0005177 val_force=0.04724
[115500/150000] train_force=0.0007038 val_force=0.04728
[115600/150000] train_force=0.0003141 val_force=0.04768
[115700/150000] train_force=0.0006462 val_force=0.04761
[115800/150000] train_force=0.0009734 val_force=0.04718
[115900/150000] train_force=0.0006935 val_force=0.04722
[116000/150000] train_force=0.0004651 val_force=0.04781
[116100/150000] train_force=0.000475 val_force=0.04731
[116200/150000] train_force=0.0006052 val_force=0.04742
[116300/150000] train_force=0.0005263 val_force=0.0474
[116400/150000] train_force=0.0003037 val_force=0.04761
[116500/150000] train_force=0.0005363 val_force=0.0477
[116600/150000] train_force=0.0007157 val_force=0.04777
[116700/150000] train_force=0.0003149 val_force=0.04767
[116800/150000] train_force=0.000488 val_force=0.04777
[116900/150000] train_force=0.0003857 val_force=0.04774
[117000/150000] train_force=0.0008379 val_force=0.04752
[117100/150000] train_force=0.0009195 val_force=0.04761
[117200/150000] train_force=0.0003382 val_force=0.04762
[117300/150000] train_force=0.0007119 val_force=0.04737
[117400/150000] train_force=0.0004039 val_force=0.04796
[117500/150000] train_force=0.0008088 val_force=0.04767
[117600/150000] train_force=0.0004782 val_force=0.04809
[117700/150000] train_force=0.0003253 val_force=0.04824
[117800/150000] train_force=0.000376 val_force=0.04791
[117900/150000] train_force=0.0003322 val_force=0.04805
[118000/150000] train_force=0.0007259 val_force=0.04779
[118100/150000] train_force=0.0003988 val_force=0.04822
[118200/150000] train_force=0.0004518 val_force=0.04774
[118300/150000] train_force=0.0006803 val_force=0.0484
[118400/150000] train_force=0.0004669 val_force=0.04804
[118500/150000] train_force=0.0006036 val_force=0.04794
[118600/150000] train_force=0.0004243 val_force=0.04791
[118700/150000] train_force=0.0006522 val_force=0.04798
[118800/150000] train_force=0.0007444 val_force=0.04805
[118900/150000] train_force=0.0003414 val_force=0.04807
[119000/150000] train_force=0.0005812 val_force=0.04822
[119100/150000] train_force=0.0003474 val_force=0.04798
[119200/150000] train_force=0.0005862 val_force=0.04818
[119300/150000] train_force=0.0008786 val_force=0.04857
[119400/150000] train_force=0.000301 val_force=0.04835
[119500/150000] train_force=0.0003799 val_force=0.04829
[119600/150000] train_force=0.0003815 val_force=0.0479
[119700/150000] train_force=0.0003118 val_force=0.04792
[119800/150000] train_force=0.000566 val_force=0.0482
[119900/150000] train_force=0.0007183 val_force=0.04832
[120000/150000] train_force=0.0003935 val_force=0.04831
[120100/150000] train_force=0.0003589 val_force=0.04837
[120200/150000] train_force=0.0004962 val_force=0.04861
[120300/150000] train_force=0.000451 val_force=0.04819
[120400/150000] train_force=0.0003329 val_force=0.04854
[120500/150000] train_force=0.0007997 val_force=0.0482
[120600/150000] train_force=0.0002831 val_force=0.04814
[120700/150000] train_force=0.0005451 val_force=0.04838
[120800/150000] train_force=0.0003512 val_force=0.04902
[120900/150000] train_force=0.0005246 val_force=0.04841
[121000/150000] train_force=0.0003707 val_force=0.04828
[121100/150000] train_force=0.0006442 val_force=0.04804
[121200/150000] train_force=0.0003618 val_force=0.04834
[121300/150000] train_force=0.0003346 val_force=0.04858
[121400/150000] train_force=0.0005113 val_force=0.04902
[121500/150000] train_force=0.0004612 val_force=0.04838
[121600/150000] train_force=0.0008845 val_force=0.04838
[121700/150000] train_force=0.0004185 val_force=0.04837
[121800/150000] train_force=0.0006018 val_force=0.04803
[121900/150000] train_force=0.0003307 val_force=0.04856
[122000/150000] train_force=0.000587 val_force=0.0484
[122100/150000] train_force=0.0005185 val_force=0.04834
[122200/150000] train_force=0.0002831 val_force=0.04837
[122300/150000] train_force=0.0004033 val_force=0.04827
[122400/150000] train_force=0.0004289 val_force=0.04868
[122500/150000] train_force=0.000332 val_force=0.04875
[122600/150000] train_force=0.0003735 val_force=0.04849
[122700/150000] train_force=0.0002954 val_force=0.04857
[122800/150000] train_force=0.0004369 val_force=0.04874
[122900/150000] train_force=0.0003607 val_force=0.04884
[123000/150000] train_force=0.0003414 val_force=0.04863
[123100/150000] train_force=0.0004071 val_force=0.04862
[123200/150000] train_force=0.0003754 val_force=0.04891
[123300/150000] train_force=0.0006449 val_force=0.04941
[123400/150000] train_force=0.0004501 val_force=0.04929
[123500/150000] train_force=0.0002896 val_force=0.04891
[123600/150000] train_force=0.0003067 val_force=0.04874
[123700/150000] train_force=0.0004838 val_force=0.04866
[123800/150000] train_force=0.0007945 val_force=0.04944
[123900/150000] train_force=0.000303 val_force=0.04866
[124000/150000] train_force=0.0003371 val_force=0.04899
[124100/150000] train_force=0.0002841 val_force=0.04881
[124200/150000] train_force=0.0004832 val_force=0.04916
[124300/150000] train_force=0.0004643 val_force=0.04893
[124400/150000] train_force=0.0004753 val_force=0.04899
[124500/150000] train_force=0.0003365 val_force=0.04883
[124600/150000] train_force=0.000335 val_force=0.04865
[124700/150000] train_force=0.0004159 val_force=0.0487
[124800/150000] train_force=0.0003701 val_force=0.04904
[124900/150000] train_force=0.0003249 val_force=0.04865
[125000/150000] train_force=0.0004765 val_force=0.04877
[125100/150000] train_force=0.0003497 val_force=0.04856
[125200/150000] train_force=0.0004101 val_force=0.04896
[125300/150000] train_force=0.0006788 val_force=0.04873
[125400/150000] train_force=0.0003224 val_force=0.04887
[125500/150000] train_force=0.0007749 val_force=0.04915
[125600/150000] train_force=0.0003971 val_force=0.04839
[125700/150000] train_force=0.0008002 val_force=0.04846
[125800/150000] train_force=0.0005468 val_force=0.04893
[125900/150000] train_force=0.0009149 val_force=0.04792
[126000/150000] train_force=0.0004445 val_force=0.04859
[126100/150000] train_force=0.0004626 val_force=0.04897
[126200/150000] train_force=0.0006931 val_force=0.04867
[126300/150000] train_force=0.0002972 val_force=0.04888
[126400/150000] train_force=0.000376 val_force=0.04919
[126500/150000] train_force=0.0008484 val_force=0.04892
[126600/150000] train_force=0.0003848 val_force=0.04865
[126700/150000] train_force=0.000388 val_force=0.04922
[126800/150000] train_force=0.0003943 val_force=0.04896
[126900/150000] train_force=0.0004289 val_force=0.04886
[127000/150000] train_force=0.000523 val_force=0.04912
[127100/150000] train_force=0.00067 val_force=0.04887
[127200/150000] train_force=0.0004774 val_force=0.04901
[127300/150000] train_force=0.001001 val_force=0.04963
[127400/150000] train_force=0.0006807 val_force=0.04896
[127500/150000] train_force=0.0005113 val_force=0.0489
[127600/150000] train_force=0.0006511 val_force=0.04912
[127700/150000] train_force=0.0005012 val_force=0.04904
[127800/150000] train_force=0.0005295 val_force=0.04914
[127900/150000] train_force=0.0003973 val_force=0.04926
[128000/150000] train_force=0.000406 val_force=0.04879
[128100/150000] train_force=0.0003233 val_force=0.04921
[128200/150000] train_force=0.0003642 val_force=0.04909
[128300/150000] train_force=0.000617 val_force=0.04912
[128400/150000] train_force=0.0003717 val_force=0.04901
[128500/150000] train_force=0.000294 val_force=0.04887
[128600/150000] train_force=0.0004514 val_force=0.04908
[128700/150000] train_force=0.0002938 val_force=0.04911
[128800/150000] train_force=0.0004971 val_force=0.04897
[128900/150000] train_force=0.0003219 val_force=0.04942
[129000/150000] train_force=0.0004746 val_force=0.04915
[129100/150000] train_force=0.0002953 val_force=0.04943
[129200/150000] train_force=0.0003303 val_force=0.0491
[129300/150000] train_force=0.0005191 val_force=0.04895
[129400/150000] train_force=0.0003742 val_force=0.04926
[129500/150000] train_force=0.000352 val_force=0.04925
[129600/150000] train_force=0.0003693 val_force=0.04907
[129700/150000] train_force=0.0002825 val_force=0.04956
[129800/150000] train_force=0.0003341 val_force=0.04947
[129900/150000] train_force=0.0004401 val_force=0.04914
[130000/150000] train_force=0.0003532 val_force=0.04937
[130100/150000] train_force=0.0004773 val_force=0.04914
[130200/150000] train_force=0.000387 val_force=0.04933
[130300/150000] train_force=0.0005467 val_force=0.04901
[130400/150000] train_force=0.0003062 val_force=0.04902
[130500/150000] train_force=0.000778 val_force=0.04936
[130600/150000] train_force=0.0006342 val_force=0.0494
[130700/150000] train_force=0.0005102 val_force=0.0493
[130800/150000] train_force=0.0004545 val_force=0.04896
[130900/150000] train_force=0.0008471 val_force=0.05023
[131000/150000] train_force=0.0007244 val_force=0.04906
[131100/150000] train_force=0.0002847 val_force=0.04874
[131200/150000] train_force=0.0007057 val_force=0.04952
[131300/150000] train_force=0.0005136 val_force=0.04898
[131400/150000] train_force=0.0004705 val_force=0.04908
[131500/150000] train_force=0.0006657 val_force=0.04933
[131600/150000] train_force=0.0005433 val_force=0.04885
[131700/150000] train_force=0.0008504 val_force=0.04896
[131800/150000] train_force=0.0004761 val_force=0.04941
[131900/150000] train_force=0.0006095 val_force=0.04854
[132000/150000] train_force=0.000591 val_force=0.04927
[132100/150000] train_force=0.0005108 val_force=0.04912
[132200/150000] train_force=0.0003972 val_force=0.04961
[132300/150000] train_force=0.0002897 val_force=0.04899
[132400/150000] train_force=0.0002489 val_force=0.04964
[132500/150000] train_force=0.0006286 val_force=0.04875
[132600/150000] train_force=0.0003136 val_force=0.04889
[132700/150000] train_force=0.000638 val_force=0.04862
[132800/150000] train_force=0.0002948 val_force=0.04897
[132900/150000] train_force=0.0002949 val_force=0.04931
[133000/150000] train_force=0.0007155 val_force=0.04909
[133100/150000] train_force=0.0003002 val_force=0.04903
[133200/150000] train_force=0.0004971 val_force=0.04928
[133300/150000] train_force=0.000333 val_force=0.04922
[133400/150000] train_force=0.000268 val_force=0.04942
[133500/150000] train_force=0.0008451 val_force=0.04881
[133600/150000] train_force=0.0003321 val_force=0.04849
[133700/150000] train_force=0.000292 val_force=0.04908
[133800/150000] train_force=0.0007147 val_force=0.04878
[133900/150000] train_force=0.0004508 val_force=0.04916
[134000/150000] train_force=0.0005068 val_force=0.04913
[134100/150000] train_force=0.0004123 val_force=0.04911
[134200/150000] train_force=0.0002654 val_force=0.04921
[134300/150000] train_force=0.0003263 val_force=0.04911
[134400/150000] train_force=0.0004226 val_force=0.04912
[134500/150000] train_force=0.0004561 val_force=0.04921
[134600/150000] train_force=0.00034 val_force=0.04854
[134700/150000] train_force=0.0004924 val_force=0.04907
[134800/150000] train_force=0.000348 val_force=0.04921
[134900/150000] train_force=0.0002954 val_force=0.04897
[135000/150000] train_force=0.0002659 val_force=0.04953
[135100/150000] train_force=0.0003576 val_force=0.04887
[135200/150000] train_force=0.0002992 val_force=0.04915
[135300/150000] train_force=0.0002788 val_force=0.04913
[135400/150000] train_force=0.0003436 val_force=0.04916
[135500/150000] train_force=0.0005895 val_force=0.04901
[135600/150000] train_force=0.0008578 val_force=0.04866
[135700/150000] train_force=0.0009557 val_force=0.04911
[135800/150000] train_force=0.0004176 val_force=0.04909
[135900/150000] train_force=0.0002921 val_force=0.04959
[136000/150000] train_force=0.00063 val_force=0.04859
[136100/150000] train_force=0.000341 val_force=0.04915
[136200/150000] train_force=0.0006715 val_force=0.04936
[136300/150000] train_force=0.0003987 val_force=0.04909
[136400/150000] train_force=0.0004404 val_force=0.04946
[136500/150000] train_force=0.0002211 val_force=0.04874
[136600/150000] train_force=0.0003715 val_force=0.04893
[136700/150000] train_force=0.0005525 val_force=0.04865
[136800/150000] train_force=0.0003724 val_force=0.04907
[136900/150000] train_force=0.0004439 val_force=0.04902
[137000/150000] train_force=0.0007679 val_force=0.04899
[137100/150000] train_force=0.0004205 val_force=0.0489
[137200/150000] train_force=0.00024 val_force=0.04909
[137300/150000] train_force=0.0007132 val_force=0.04909
[137400/150000] train_force=0.0002617 val_force=0.04905
[137500/150000] train_force=0.0004217 val_force=0.04886
[137600/150000] train_force=0.0003758 val_force=0.049
[137700/150000] train_force=0.000609 val_force=0.04974
[137800/150000] train_force=0.0002367 val_force=0.04903
[137900/150000] train_force=0.0002281 val_force=0.0493
[138000/150000] train_force=0.0003623 val_force=0.04912
[138100/150000] train_force=0.0002678 val_force=0.04965
[138200/150000] train_force=0.0004078 val_force=0.04902
[138300/150000] train_force=0.0004514 val_force=0.04922
[138400/150000] train_force=0.0004465 val_force=0.04942
[138500/150000] train_force=0.0002394 val_force=0.04915
[138600/150000] train_force=0.0002333 val_force=0.04892
[138700/150000] train_force=0.0005681 val_force=0.04928
[138800/150000] train_force=0.000456 val_force=0.04937
[138900/150000] train_force=0.0003545 val_force=0.04904
[139000/150000] train_force=0.0005673 val_force=0.0496
[139100/150000] train_force=0.0002833 val_force=0.04915
[139200/150000] train_force=0.0002754 val_force=0.04917
[139300/150000] train_force=0.00024 val_force=0.04926
[139400/150000] train_force=0.0004385 val_force=0.04905
[139500/150000] train_force=0.0003047 val_force=0.04955
[139600/150000] train_force=0.0002745 val_force=0.0492
[139700/150000] train_force=0.0006276 val_force=0.04894
[139800/150000] train_force=0.0002488 val_force=0.0488
[139900/150000] train_force=0.0003306 val_force=0.04925
[140000/150000] train_force=0.0004148 val_force=0.05015
[140100/150000] train_force=0.0003456 val_force=0.04914
[140200/150000] train_force=0.0003349 val_force=0.04952
[140300/150000] train_force=0.0004516 val_force=0.04946
[140400/150000] train_force=0.0002758 val_force=0.04905
[140500/150000] train_force=0.002461 val_force=0.04962
[140600/150000] train_force=0.000197 val_force=0.04899
[140700/150000] train_force=0.0002402 val_force=0.04952
[140800/150000] train_force=0.0005729 val_force=0.04885
[140900/150000] train_force=0.0003099 val_force=0.04895
[141000/150000] train_force=0.0006006 val_force=0.04899
[141100/150000] train_force=0.0002604 val_force=0.04874
[141200/150000] train_force=0.0002647 val_force=0.04913
[141300/150000] train_force=0.0005242 val_force=0.04912
[141400/150000] train_force=0.0005423 val_force=0.04877
[141500/150000] train_force=0.0002421 val_force=0.04927
[141600/150000] train_force=0.0003292 val_force=0.04982
[141700/150000] train_force=0.0002189 val_force=0.04884
[141800/150000] train_force=0.0002608 val_force=0.0494
[141900/150000] train_force=0.0007001 val_force=0.04928
[142000/150000] train_force=0.0002509 val_force=0.04919
[142100/150000] train_force=0.0002282 val_force=0.04959
[142200/150000] train_force=0.0002301 val_force=0.04932
[142300/150000] train_force=0.0003868 val_force=0.04942
[142400/150000] train_force=0.0002351 val_force=0.04912
[142500/150000] train_force=0.0002782 val_force=0.0491
[142600/150000] train_force=0.0001954 val_force=0.04916
[142700/150000] train_force=0.0005096 val_force=0.04901
[142800/150000] train_force=0.0002272 val_force=0.04882
[142900/150000] train_force=0.0003747 val_force=0.0494
[143000/150000] train_force=0.0005745 val_force=0.04906
[143100/150000] train_force=0.0004005 val_force=0.04882
[143200/150000] train_force=0.0003204 val_force=0.04971
[143300/150000] train_force=0.0002279 val_force=0.04935
[143400/150000] train_force=0.0002679 val_force=0.04904
[143500/150000] train_force=0.0002363 val_force=0.04981
[143600/150000] train_force=0.000552 val_force=0.04925
[143700/150000] train_force=0.0003046 val_force=0.04939
[143800/150000] train_force=0.000317 val_force=0.04961
[143900/150000] train_force=0.0003753 val_force=0.04963
[144000/150000] train_force=0.0003034 val_force=0.0499
[144100/150000] train_force=0.0003884 val_force=0.04985
[144200/150000] train_force=0.0002624 val_force=0.04958
[144300/150000] train_force=0.000339 val_force=0.04942
[144400/150000] train_force=0.0002496 val_force=0.04989
[144500/150000] train_force=0.0002723 val_force=0.04969
[144600/150000] train_force=0.0005241 val_force=0.04966
[144700/150000] train_force=0.0003286 val_force=0.04994
[144800/150000] train_force=0.0003643 val_force=0.0492
[144900/150000] train_force=0.0002013 val_force=0.04943
[145000/150000] train_force=0.0004136 val_force=0.04959
[145100/150000] train_force=0.0002411 val_force=0.04959
[145200/150000] train_force=0.0002925 val_force=0.04967
[145300/150000] train_force=0.0002595 val_force=0.04958
[145400/150000] train_force=0.0003087 val_force=0.0496
[145500/150000] train_force=0.0002712 val_force=0.04981
[145600/150000] train_force=0.0002201 val_force=0.04933
[145700/150000] train_force=0.0003547 val_force=0.04994
[145800/150000] train_force=0.0002063 val_force=0.04994
[145900/150000] train_force=0.0002215 val_force=0.05004
[146000/150000] train_force=0.000258 val_force=0.04995
[146100/150000] train_force=0.000259 val_force=0.04973
[146200/150000] train_force=0.0002227 val_force=0.05014
[146300/150000] train_force=0.0002084 val_force=0.04996
[146400/150000] train_force=0.0005613 val_force=0.05017
[146500/150000] train_force=0.0003199 val_force=0.05011
[146600/150000] train_force=0.0003409 val_force=0.04995
[146700/150000] train_force=0.0003734 val_force=0.05051
[146800/150000] train_force=0.0006343 val_force=0.05065
[146900/150000] train_force=0.0002944 val_force=0.04987
[147000/150000] train_force=0.0002852 val_force=0.05015
[147100/150000] train_force=0.0001893 val_force=0.05029
[147200/150000] train_force=0.0003381 val_force=0.04992
[147300/150000] train_force=0.0001909 val_force=0.05031
[147400/150000] train_force=0.0007584 val_force=0.05035
[147500/150000] train_force=0.0003041 val_force=0.05062
[147600/150000] train_force=0.0003016 val_force=0.05059
[147700/150000] train_force=0.0002545 val_force=0.05045
[147800/150000] train_force=0.000204 val_force=0.05054
[147900/150000] train_force=0.0002345 val_force=0.04997
[148000/150000] train_force=0.0002837 val_force=0.05027
[148100/150000] train_force=0.0009322 val_force=0.05275
[148200/150000] train_force=0.0003084 val_force=0.05037
[148300/150000] train_force=0.0002486 val_force=0.05044
[148400/150000] train_force=0.0002058 val_force=0.05027
[148500/150000] train_force=0.0004186 val_force=0.05005
[148600/150000] train_force=0.0003212 val_force=0.05011
[148700/150000] train_force=0.0001925 val_force=0.05025
[148800/150000] train_force=0.0002353 val_force=0.04974
[148900/150000] train_force=0.0002047 val_force=0.0504
[149000/150000] train_force=0.0003254 val_force=0.05048
[149100/150000] train_force=0.0003853 val_force=0.05047
[149200/150000] train_force=0.0004115 val_force=0.05112
[149300/150000] train_force=0.0007206 val_force=0.05335
[149400/150000] train_force=0.0003249 val_force=0.05042
[149500/150000] train_force=0.0002559 val_force=0.05063
[149600/150000] train_force=0.0002251 val_force=0.05049
[149700/150000] train_force=0.0003092 val_force=0.05118
[149800/150000] train_force=0.0002905 val_force=0.05074
[149900/150000] train_force=0.0007408 val_force=0.05095
[150000/150000] train_force=0.0002105 val_force=0.05104
Saved latent CSV: C:\Users\admin\deepxde\myproject\runs_pinn_drag\20260606-051229__latent_physics\latent_predictions.csv
Metrics: {'all': {'rmse': 0.052810635417699814, 'mae': 0.038453470915555954, 'r2': 0.9949941635131836}, 'train': {'rmse': 0.04865587502717972, 'mae': 0.035153020173311234, 'r2': 0.9960584044456482}, 'val': {'rmse': 0.06366842985153198, 'mae': 0.048354823142290115, 'r2': 0.9905003905296326}, 'synthetic': {'rmse': 0.07257601618766785, 'mae': 0.04959668591618538, 'r2': 0.9915367364883423}, 'experimental_sample_count': 228, 'synthetic_sample_count': 80, 'mean_residual_ratio': 0.08242657878681232, 'best_epoch': 1039, 'best_val_force': 0.016101641580462456}
Training complete.
