Run directory: /Users/zyp/Documents/GitHub/PINN-seagras/myproject/runs/pinn_drag/20260727-202807__latent_physics
Data file: /Users/zyp/Documents/GitHub/PINN-seagras/myproject/data/pinn_training_data.mat
Synthetic data file: myproject/data/pinn_training_data_synth.mat
Excluding configs [4, 5, 6, 7]: keeping 152/228 experimental samples
Device: cpu
Split: experimental random shuffle with val_ratio=0.250; synthetic samples stay in train only
Device: cpu
Beam physics enabled: True  (λ_pde=0.05)
E-param embedding enabled: base Cd/shield/col_corr from smooth logE (n=64)
[0001/600] train_force=0.2498 val_force=0.6366
[0100/600] train_force=0.0322 val_force=0.05932
[0200/600] train_force=0.03004 val_force=0.05528
[0300/600] train_force=0.02887 val_force=0.05219
[0400/600] train_force=0.02831 val_force=0.05225
[0500/600] train_force=0.02791 val_force=0.05368
[0600/600] train_force=0.0275 val_force=0.05378
Saved latent CSV: /Users/zyp/Documents/GitHub/PINN-seagras/myproject/runs/pinn_drag/20260727-202807__latent_physics/latent_predictions.csv
Metrics: {'all': {'rmse': 0.0971858948469162, 'mae': 0.0715106651186943, 'r2': 0.9852114915847778}, 'train': {'rmse': 0.09043090790510178, 'mae': 0.0649472177028656, 'r2': 0.9879657030105591}, 'val': {'rmse': 0.11509624868631363, 'mae': 0.09120102226734161, 'r2': 0.9732779264450073}, 'synthetic': {'rmse': 0.18999750912189484, 'mae': 0.12675683200359344, 'r2': 0.9419975280761719}, 'experimental_sample_count': 152, 'synthetic_sample_count': 80, 'mean_residual_ratio': 0.026042276062071323, 'best_epoch': 437, 'best_val_force': 0.051545798778533936}

Per-material breakdown (all 228 experimental samples):
  Group                              RMSE       R2      MAE     n
  ────────────────────────────── ──────── ──────── ──────── ─────
  hard  (PVC,     E=1.25e7)        0.0770   0.9938   0.0596    76
  med   (Rguijiao,E=3.55e6)        0.2513   0.8395   0.1644    76
  soft  (guijiao,E=4.80e5)         0.1139   0.9108   0.0834    76
  ────────────────────────────── ──────── ──────── ──────── ─────
  Weighted RMSE                    0.1654
Training complete.
