Run directory: C:\Users\admin\deepxde\myproject\runs_pinn_drag\20260606-035936__latent_physics
Data file: pinn_training_data.mat
Device: cpu
Split: experimental random shuffle with val_ratio=0.250; synthetic samples stay in train only
[0001/15000] train_force=1.563 val_force=0.6687
[0100/15000] train_force=0.01723 val_force=0.02754
[0200/15000] train_force=0.01535 val_force=0.02403
[0300/15000] train_force=0.01282 val_force=0.02271
[0400/15000] train_force=0.01031 val_force=0.0221
[0500/15000] train_force=0.007682 val_force=0.02081
[0600/15000] train_force=0.006217 val_force=0.02045
[0700/15000] train_force=0.004987 val_force=0.02162
[0800/15000] train_force=0.004706 val_force=0.02339
[0900/15000] train_force=0.004542 val_force=0.0243
[1000/15000] train_force=0.004425 val_force=0.02482
[1100/15000] train_force=0.004314 val_force=0.02518
[1200/15000] train_force=0.004231 val_force=0.02539
[1300/15000] train_force=0.004175 val_force=0.0255
[1400/15000] train_force=0.004132 val_force=0.02557
[1500/15000] train_force=0.004106 val_force=0.02562
[1600/15000] train_force=0.004089 val_force=0.02564
[1700/15000] train_force=0.004076 val_force=0.02566
[1800/15000] train_force=0.004066 val_force=0.02568
[1900/15000] train_force=0.004056 val_force=0.02569
[2000/15000] train_force=0.004045 val_force=0.02571
[2100/15000] train_force=0.004034 val_force=0.02572
[2200/15000] train_force=0.004022 val_force=0.02574
[2300/15000] train_force=0.00401 val_force=0.02575
[2400/15000] train_force=0.003997 val_force=0.02577
[2500/15000] train_force=0.003984 val_force=0.02578
[2600/15000] train_force=0.003971 val_force=0.0258
[2700/15000] train_force=0.003957 val_force=0.02581
[2800/15000] train_force=0.003943 val_force=0.02583
[2900/15000] train_force=0.003928 val_force=0.02584
[3000/15000] train_force=0.003913 val_force=0.02586
[3100/15000] train_force=0.003897 val_force=0.02588
[3200/15000] train_force=0.003882 val_force=0.02589
[3300/15000] train_force=0.003865 val_force=0.02591
[3400/15000] train_force=0.003848 val_force=0.02592
[3500/15000] train_force=0.003831 val_force=0.02594
[3600/15000] train_force=0.003813 val_force=0.02595
[3700/15000] train_force=0.003794 val_force=0.02597
[3800/15000] train_force=0.003775 val_force=0.02598
[3900/15000] train_force=0.003754 val_force=0.02599
[4000/15000] train_force=0.003733 val_force=0.02601
[4100/15000] train_force=0.003711 val_force=0.02602
[4200/15000] train_force=0.003687 val_force=0.02603
[4300/15000] train_force=0.003662 val_force=0.02605
[4400/15000] train_force=0.003635 val_force=0.02606
[4500/15000] train_force=0.003605 val_force=0.02607
[4600/15000] train_force=0.003575 val_force=0.02605
[4700/15000] train_force=0.003543 val_force=0.026
[4800/15000] train_force=0.003509 val_force=0.02593
[4900/15000] train_force=0.003473 val_force=0.02584
[5000/15000] train_force=0.003434 val_force=0.02572
[5100/15000] train_force=0.003394 val_force=0.02558
[5200/15000] train_force=0.003351 val_force=0.02543
[5300/15000] train_force=0.003307 val_force=0.02527
[5400/15000] train_force=0.003262 val_force=0.02511
[5500/15000] train_force=0.003215 val_force=0.02495
[5600/15000] train_force=0.003166 val_force=0.0248
[5700/15000] train_force=0.003115 val_force=0.02467
[5800/15000] train_force=0.003059 val_force=0.02455
[5900/15000] train_force=0.002999 val_force=0.02446
[6000/15000] train_force=0.002936 val_force=0.02441
[6100/15000] train_force=0.002869 val_force=0.02442
[6200/15000] train_force=0.002803 val_force=0.02452
[6300/15000] train_force=0.002738 val_force=0.02471
[6400/15000] train_force=0.002678 val_force=0.02499
[6500/15000] train_force=0.002623 val_force=0.02534
[6600/15000] train_force=0.002571 val_force=0.02575
[6700/15000] train_force=0.002522 val_force=0.02619
[6800/15000] train_force=0.002472 val_force=0.02665
[6900/15000] train_force=0.002421 val_force=0.02708
[7000/15000] train_force=0.002366 val_force=0.02746
[7100/15000] train_force=0.002308 val_force=0.02777
[7200/15000] train_force=0.002248 val_force=0.02808
[7300/15000] train_force=0.002193 val_force=0.02846
[7400/15000] train_force=0.002143 val_force=0.02896
[7500/15000] train_force=0.002093 val_force=0.02959
[7600/15000] train_force=0.002036 val_force=0.03027
[7700/15000] train_force=0.001967 val_force=0.03089
[7800/15000] train_force=0.001892 val_force=0.0314
[7900/15000] train_force=0.001817 val_force=0.03175
[8000/15000] train_force=0.001748 val_force=0.03191
[8100/15000] train_force=0.00168 val_force=0.03207
[8200/15000] train_force=0.001625 val_force=0.03215
[8300/15000] train_force=0.001582 val_force=0.03227
[8400/15000] train_force=0.001545 val_force=0.03235
[8500/15000] train_force=0.001515 val_force=0.03246
[8600/15000] train_force=0.001488 val_force=0.03254
[8700/15000] train_force=0.001465 val_force=0.03262
[8800/15000] train_force=0.001444 val_force=0.0327
[8900/15000] train_force=0.001431 val_force=0.03277
[9000/15000] train_force=0.00141 val_force=0.0329
[9100/15000] train_force=0.001395 val_force=0.033
[9200/15000] train_force=0.001381 val_force=0.03312
[9300/15000] train_force=0.001368 val_force=0.03323
[9400/15000] train_force=0.001356 val_force=0.03335
[9500/15000] train_force=0.001345 val_force=0.03347
[9600/15000] train_force=0.001334 val_force=0.03359
[9700/15000] train_force=0.001324 val_force=0.03371
[9800/15000] train_force=0.001313 val_force=0.03384
[9900/15000] train_force=0.001303 val_force=0.03398
[10000/15000] train_force=0.001293 val_force=0.0341
[10100/15000] train_force=0.001283 val_force=0.03423
[10200/15000] train_force=0.001274 val_force=0.03436
[10300/15000] train_force=0.001265 val_force=0.03448
[10400/15000] train_force=0.001254 val_force=0.03462
[10500/15000] train_force=0.001245 val_force=0.03474
[10600/15000] train_force=0.001236 val_force=0.03487
[10700/15000] train_force=0.001226 val_force=0.035
[10800/15000] train_force=0.001217 val_force=0.03513
[10900/15000] train_force=0.001214 val_force=0.03525
[11000/15000] train_force=0.001201 val_force=0.03538
[11100/15000] train_force=0.001194 val_force=0.0355
[11200/15000] train_force=0.00119 val_force=0.03559
[11300/15000] train_force=0.00118 val_force=0.03574
[11400/15000] train_force=0.001174 val_force=0.03585
[11500/15000] train_force=0.001172 val_force=0.03597
[11600/15000] train_force=0.001163 val_force=0.03609
[11700/15000] train_force=0.001157 val_force=0.0362
[11800/15000] train_force=0.001151 val_force=0.03629
[11900/15000] train_force=0.001146 val_force=0.03638
[12000/15000] train_force=0.00114 val_force=0.03647
[12100/15000] train_force=0.001135 val_force=0.03654
[12200/15000] train_force=0.001132 val_force=0.03663
[12300/15000] train_force=0.001125 val_force=0.03669
[12400/15000] train_force=0.001119 val_force=0.03676
[12500/15000] train_force=0.001113 val_force=0.03682
[12600/15000] train_force=0.00111 val_force=0.03689
[12700/15000] train_force=0.001102 val_force=0.03694
[12800/15000] train_force=0.001096 val_force=0.037
[12900/15000] train_force=0.00109 val_force=0.03705
[13000/15000] train_force=0.001083 val_force=0.03712
[13100/15000] train_force=0.001076 val_force=0.03719
[13200/15000] train_force=0.001069 val_force=0.03726
[13300/15000] train_force=0.001062 val_force=0.03734
[13400/15000] train_force=0.001055 val_force=0.03742
[13500/15000] train_force=0.001048 val_force=0.03752
[13600/15000] train_force=0.001041 val_force=0.03761
[13700/15000] train_force=0.001035 val_force=0.03772
[13800/15000] train_force=0.001028 val_force=0.03782
[13900/15000] train_force=0.001022 val_force=0.03792
[14000/15000] train_force=0.001017 val_force=0.03803
[14100/15000] train_force=0.001012 val_force=0.03813
[14200/15000] train_force=0.001008 val_force=0.03824
[14300/15000] train_force=0.001004 val_force=0.03833
[14400/15000] train_force=0.001001 val_force=0.03843
[14500/15000] train_force=0.0009981 val_force=0.03853
[14600/15000] train_force=0.0009955 val_force=0.03862
[14700/15000] train_force=0.000993 val_force=0.03871
[14800/15000] train_force=0.0009906 val_force=0.0388
[14900/15000] train_force=0.0009885 val_force=0.03889
[15000/15000] train_force=0.0009864 val_force=0.03897
Saved latent CSV: C:\Users\admin\deepxde\myproject\runs_pinn_drag\20260606-035936__latent_physics\latent_predictions.csv
Metrics: {'all': {'rmse': 0.05053498223423958, 'mae': 0.03660428151488304, 'r2': 0.9954162836074829}, 'train': {'rmse': 0.04279245436191559, 'mae': 0.03119630180299282, 'r2': 0.996951162815094}, 'val': {'rmse': 0.06871357560157776, 'mae': 0.052828241139650345, 'r2': 0.9889352321624756}, 'synthetic': None, 'experimental_sample_count': 228, 'synthetic_sample_count': 0, 'mean_residual_ratio': 0.06103396925487017, 'best_epoch': 614, 'best_val_force': 0.02015835978090763}
Training complete.
