Run directory: C:\Users\admin\deepxde\myproject\runs_pinn_drag\20260606-030339__latent_physics
Data file: pinn_training_data.mat
Synthetic data file: pinn_training_data_synth.mat
Device: cpu
[0001/15000] train_force=1.585 val_force=1.094
[0100/15000] train_force=0.0174 val_force=0.05896
[0200/15000] train_force=0.01338 val_force=0.04724
[0300/15000] train_force=0.01064 val_force=0.05923
[0400/15000] train_force=0.009733 val_force=0.06376
[0500/15000] train_force=0.009094 val_force=0.06489
[0600/15000] train_force=0.00865 val_force=0.06581
[0700/15000] train_force=0.008394 val_force=0.0669
[0800/15000] train_force=0.008162 val_force=0.06775
[0900/15000] train_force=0.007972 val_force=0.06825
[1000/15000] train_force=0.007865 val_force=0.06847
[1100/15000] train_force=0.007777 val_force=0.06864
[1200/15000] train_force=0.007714 val_force=0.06875
[1300/15000] train_force=0.00767 val_force=0.06883
[1400/15000] train_force=0.007624 val_force=0.06891
[1500/15000] train_force=0.007575 val_force=0.069
[1600/15000] train_force=0.007523 val_force=0.0691
[1700/15000] train_force=0.007469 val_force=0.0692
[1800/15000] train_force=0.007411 val_force=0.06932
[1900/15000] train_force=0.00735 val_force=0.06944
[2000/15000] train_force=0.007285 val_force=0.06957
[2100/15000] train_force=0.007216 val_force=0.06971
[2200/15000] train_force=0.007142 val_force=0.06986
[2300/15000] train_force=0.007061 val_force=0.07001
[2400/15000] train_force=0.006969 val_force=0.07016
[2500/15000] train_force=0.006862 val_force=0.07031
[2600/15000] train_force=0.006735 val_force=0.07045
[2700/15000] train_force=0.006579 val_force=0.07061
[2800/15000] train_force=0.006393 val_force=0.0708
[2900/15000] train_force=0.006183 val_force=0.07106
[3000/15000] train_force=0.005969 val_force=0.07143
[3100/15000] train_force=0.005769 val_force=0.07193
[3200/15000] train_force=0.005587 val_force=0.07255
[3300/15000] train_force=0.005421 val_force=0.07325
[3400/15000] train_force=0.005272 val_force=0.074
[3500/15000] train_force=0.005139 val_force=0.07481
[3600/15000] train_force=0.005023 val_force=0.07565
[3700/15000] train_force=0.004918 val_force=0.07655
[3800/15000] train_force=0.004814 val_force=0.07749
[3900/15000] train_force=0.004615 val_force=0.07838
[4000/15000] train_force=0.004451 val_force=0.07913
[4100/15000] train_force=0.004353 val_force=0.0801
[4200/15000] train_force=0.00426 val_force=0.08093
[4300/15000] train_force=0.004201 val_force=0.08211
[4400/15000] train_force=0.004155 val_force=0.08366
[4500/15000] train_force=0.004113 val_force=0.08527
[4600/15000] train_force=0.004074 val_force=0.08697
[4700/15000] train_force=0.004037 val_force=0.08876
[4800/15000] train_force=0.004002 val_force=0.09064
[4900/15000] train_force=0.003969 val_force=0.09261
[5000/15000] train_force=0.003936 val_force=0.09469
[5100/15000] train_force=0.003904 val_force=0.0969
[5200/15000] train_force=0.003872 val_force=0.09922
[5300/15000] train_force=0.00384 val_force=0.1017
[5400/15000] train_force=0.003808 val_force=0.1042
[5500/15000] train_force=0.003776 val_force=0.1068
[5600/15000] train_force=0.003743 val_force=0.1095
[5700/15000] train_force=0.00371 val_force=0.1121
[5800/15000] train_force=0.003674 val_force=0.1148
[5900/15000] train_force=0.003636 val_force=0.1175
[6000/15000] train_force=0.003595 val_force=0.1197
[6100/15000] train_force=0.003554 val_force=0.1217
[6200/15000] train_force=0.003489 val_force=0.1226
[6300/15000] train_force=0.003415 val_force=0.1229
[6400/15000] train_force=0.003323 val_force=0.1222
[6500/15000] train_force=0.003235 val_force=0.1209
[6600/15000] train_force=0.003164 val_force=0.1191
[6700/15000] train_force=0.00311 val_force=0.1174
[6800/15000] train_force=0.003059 val_force=0.1153
[6900/15000] train_force=0.003024 val_force=0.1143
[7000/15000] train_force=0.002985 val_force=0.1131
[7100/15000] train_force=0.002944 val_force=0.112
[7200/15000] train_force=0.002912 val_force=0.1116
[7300/15000] train_force=0.002864 val_force=0.1107
[7400/15000] train_force=0.00282 val_force=0.1103
[7500/15000] train_force=0.002784 val_force=0.1104
[7600/15000] train_force=0.002756 val_force=0.1107
[7700/15000] train_force=0.002707 val_force=0.1108
[7800/15000] train_force=0.00267 val_force=0.1111
[7900/15000] train_force=0.002631 val_force=0.1114
[8000/15000] train_force=0.002598 val_force=0.112
[8100/15000] train_force=0.002562 val_force=0.1127
[8200/15000] train_force=0.00253 val_force=0.1135
[8300/15000] train_force=0.002496 val_force=0.1146
[8400/15000] train_force=0.002461 val_force=0.1157
[8500/15000] train_force=0.00243 val_force=0.1172
[8600/15000] train_force=0.002399 val_force=0.1189
[8700/15000] train_force=0.002363 val_force=0.1208
[8800/15000] train_force=0.002327 val_force=0.1228
[8900/15000] train_force=0.002291 val_force=0.1247
[9000/15000] train_force=0.002257 val_force=0.1266
[9100/15000] train_force=0.002226 val_force=0.1286
[9200/15000] train_force=0.002196 val_force=0.1305
[9300/15000] train_force=0.002165 val_force=0.1324
[9400/15000] train_force=0.002137 val_force=0.1342
[9500/15000] train_force=0.002117 val_force=0.1361
[9600/15000] train_force=0.002085 val_force=0.1373
[9700/15000] train_force=0.002087 val_force=0.1391
[9800/15000] train_force=0.00204 val_force=0.1397
[9900/15000] train_force=0.002017 val_force=0.1404
[10000/15000] train_force=0.001998 val_force=0.1416
[10100/15000] train_force=0.001978 val_force=0.1423
[10200/15000] train_force=0.001959 val_force=0.1432
[10300/15000] train_force=0.001937 val_force=0.1438
[10400/15000] train_force=0.001918 val_force=0.1445
[10500/15000] train_force=0.001895 val_force=0.145
[10600/15000] train_force=0.001873 val_force=0.1456
[10700/15000] train_force=0.001851 val_force=0.1461
[10800/15000] train_force=0.001827 val_force=0.1467
[10900/15000] train_force=0.001848 val_force=0.1478
[11000/15000] train_force=0.001779 val_force=0.1477
[11100/15000] train_force=0.001754 val_force=0.148
[11200/15000] train_force=0.001732 val_force=0.1482
[11300/15000] train_force=0.001711 val_force=0.1483
[11400/15000] train_force=0.001695 val_force=0.1486
[11500/15000] train_force=0.001677 val_force=0.1487
[11600/15000] train_force=0.001663 val_force=0.149
[11700/15000] train_force=0.00165 val_force=0.1492
[11800/15000] train_force=0.001638 val_force=0.1494
[11900/15000] train_force=0.001629 val_force=0.1496
[12000/15000] train_force=0.001616 val_force=0.1496
[12100/15000] train_force=0.001611 val_force=0.1499
[12200/15000] train_force=0.001605 val_force=0.15
[12300/15000] train_force=0.001597 val_force=0.1501
[12400/15000] train_force=0.001584 val_force=0.1499
[12500/15000] train_force=0.001584 val_force=0.1502
[12600/15000] train_force=0.001568 val_force=0.1496
[12700/15000] train_force=0.001573 val_force=0.1502
[12800/15000] train_force=0.001576 val_force=0.1501
[12900/15000] train_force=0.001562 val_force=0.15
[13000/15000] train_force=0.001588 val_force=0.1506
[13100/15000] train_force=0.001552 val_force=0.1498
[13200/15000] train_force=0.001547 val_force=0.1497
[13300/15000] train_force=0.001542 val_force=0.1495
[13400/15000] train_force=0.001537 val_force=0.1493
[13500/15000] train_force=0.001533 val_force=0.1491
[13600/15000] train_force=0.001528 val_force=0.1489
[13700/15000] train_force=0.001524 val_force=0.1486
[13800/15000] train_force=0.001519 val_force=0.1484
[13900/15000] train_force=0.001515 val_force=0.1481
[14000/15000] train_force=0.001511 val_force=0.1478
[14100/15000] train_force=0.001506 val_force=0.1474
[14200/15000] train_force=0.001503 val_force=0.1471
[14300/15000] train_force=0.001501 val_force=0.1467
[14400/15000] train_force=0.001496 val_force=0.1462
[14500/15000] train_force=0.001496 val_force=0.1458
[14600/15000] train_force=0.001489 val_force=0.1452
[14700/15000] train_force=0.001483 val_force=0.1446
[14800/15000] train_force=0.001481 val_force=0.1441
[14900/15000] train_force=0.001472 val_force=0.1432
[15000/15000] train_force=0.001473 val_force=0.1429
Saved latent CSV: C:\Users\admin\deepxde\myproject\runs_pinn_drag\20260606-030339__latent_physics\latent_predictions.csv
Metrics: {'all': {'rmse': 0.07858047634363174, 'mae': 0.056818000972270966, 'r2': 0.9889169335365295}, 'train': {'rmse': 0.05486592277884483, 'mae': 0.041605520993471146, 'r2': 0.9929038882255554}, 'val': {'rmse': 0.1251748949289322, 'mae': 0.10245543718338013, 'r2': 0.9811400175094604}, 'synthetic': {'rmse': 0.061014384031295776, 'mae': 0.04684105142951012, 'r2': 0.9973027110099792}, 'experimental_sample_count': 228, 'synthetic_sample_count': 57, 'mean_residual_ratio': 0.11203478864933315, 'best_epoch': 144, 'best_val_force': 0.042236071079969406}
Training complete.
