Run directory: /Users/zyp/Documents/GitHub/PINN-seagras/myproject/runs/pinn_drag/20260727-164545__latent_physics
Data file: data/pinn_training_data.mat
Synthetic data file: data/pinn_training_data_synth.mat
Excluding configs [0, 1, 2, 3]: keeping 152/228 experimental samples
Device: cpu
Split: experimental random shuffle with val_ratio=0.150; synthetic samples stay in train only
Beam physics enabled: False  (λ_pde=0.05)
[0001/1000] train_force=4.897 val_force=0.4029
[0100/1000] train_force=0.01182 val_force=0.06042
[0200/1000] train_force=0.006088 val_force=0.05277
[0300/1000] train_force=0.004874 val_force=0.05611
[0400/1000] train_force=0.004272 val_force=0.0521
[0500/1000] train_force=0.003986 val_force=0.04933
[0600/1000] train_force=0.00395 val_force=0.04715
[0700/1000] train_force=0.003816 val_force=0.04611
[0800/1000] train_force=0.003704 val_force=0.04579
[0900/1000] train_force=0.003739 val_force=0.04565
[1000/1000] train_force=0.003672 val_force=0.04546
Saved latent CSV: /Users/zyp/Documents/GitHub/PINN-seagras/myproject/runs/pinn_drag/20260727-164545__latent_physics/latent_predictions.csv
Metrics: {'all': {'rmse': 0.06234290078282356, 'mae': 0.04708699882030487, 'r2': 0.9864732623100281}, 'train': {'rmse': 0.06336639821529388, 'mae': 0.04696426913142204, 'r2': 0.9864996075630188}, 'val': {'rmse': 0.05625837668776512, 'mae': 0.04777536168694496, 'r2': 0.9853324890136719}, 'synthetic': {'rmse': 0.07935503870248795, 'mae': 0.05119987577199936, 'r2': 0.9898818731307983}, 'experimental_sample_count': 152, 'synthetic_sample_count': 80, 'mean_residual_ratio': 0.016855273199708837, 'best_epoch': 28, 'best_val_force': 0.027189796790480614}

Per-material breakdown (all 228 experimental samples):
  Group                              RMSE       R2      MAE     n
  ────────────────────────────── ──────── ──────── ──────── ─────
  hard  (PVC,     E=1.25e7)        0.1713   0.9693   0.1246    76
  med   (Rguijiao,E=3.55e6)        0.0642   0.9895   0.0463    76
  soft  (guijiao,E=4.80e5)         0.0604   0.9749   0.0479    76
  ────────────────────────────── ──────── ──────── ──────── ─────
  Weighted RMSE                    0.1112
Training complete.
